Component: ARM Compiler 5.06 update 2 (build 183) Tool: armlink [4d35b7]

==============================================================================

Section Cross References

    startup_stm32f10x_md.o(STACK) refers (Special) to heapauxi.o(.text) for __use_two_region_memory
    startup_stm32f10x_md.o(HEAP) refers (Special) to heapauxi.o(.text) for __use_two_region_memory
    startup_stm32f10x_md.o(RESET) refers (Special) to heapauxi.o(.text) for __use_two_region_memory
    startup_stm32f10x_md.o(RESET) refers to startup_stm32f10x_md.o(STACK) for __initial_sp
    startup_stm32f10x_md.o(RESET) refers to startup_stm32f10x_md.o(.text) for Reset_Handler
    startup_stm32f10x_md.o(RESET) refers to millisecondtimer.o(i.SysTick_Handler) for SysTick_Handler
    startup_stm32f10x_md.o(RESET) refers to interrupt.o(i.EXTI9_5_IRQHandler) for EXTI9_5_IRQHandler
    startup_stm32f10x_md.o(RESET) refers to interrupt.o(i.USART1_IRQHandler) for USART1_IRQHandler
    startup_stm32f10x_md.o(RESET) refers to interrupt.o(i.USART2_IRQHandler) for USART2_IRQHandler
    startup_stm32f10x_md.o(.text) refers (Special) to heapauxi.o(.text) for __use_two_region_memory
    startup_stm32f10x_md.o(.text) refers to system_stm32f10x.o(i.SystemInit) for SystemInit
    startup_stm32f10x_md.o(.text) refers to __main.o(!!!main) for __main
    startup_stm32f10x_md.o(.text) refers to startup_stm32f10x_md.o(HEAP) for Heap_Mem
    startup_stm32f10x_md.o(.text) refers to startup_stm32f10x_md.o(STACK) for Stack_Mem
    system_stm32f10x.o(i.SetSysClock) refers to system_stm32f10x.o(i.SetSysClockTo72) for SetSysClockTo72
    system_stm32f10x.o(i.SystemCoreClockUpdate) refers to system_stm32f10x.o(.data) for SystemCoreClock
    system_stm32f10x.o(i.SystemInit) refers to system_stm32f10x.o(i.SetSysClock) for SetSysClock
    main.o(i._Z16command_callbackRKN13geometry_msgs5TwistE) refers to millisecondtimer.o(i.millis) for millis
    main.o(i._Z16command_callbackRKN13geometry_msgs5TwistE) refers to f2d.o(x$fpl$f2d) for __aeabi_f2d
    main.o(i._Z16command_callbackRKN13geometry_msgs5TwistE) refers to main.o(i._ZN6Roscar19setExpectAngleSpeedEd) for Roscar::setExpectAngleSpeed(double)
    main.o(i._Z16command_callbackRKN13geometry_msgs5TwistE) refers to main.o(i._ZN6Roscar18setExpectLineSpeedEd) for Roscar::setExpectLineSpeed(double)
    main.o(i._Z16command_callbackRKN13geometry_msgs5TwistE) refers to main.o(i._ZN6Roscar7cmdWarnEv) for Roscar::cmdWarn()
    main.o(i._Z16command_callbackRKN13geometry_msgs5TwistE) refers to main.o(.bss) for minicar
    main.o(i.__sti___8_main_cpp_Serial) refers to hardwareserial.o(i._ZN14HardwareSerialC1E14Serial_TypeDef) for HardwareSerial::HardwareSerial(Serial_TypeDef)
    main.o(i.__sti___8_main_cpp_Serial) refers to aeabi_atexit.o(.text) for __aeabi_atexit
    main.o(i.__sti___8_main_cpp_Serial) refers to mpu6050.o(i._ZN7Mpu6050C1Ehh) for Mpu6050::Mpu6050(unsigned char, unsigned char)
    main.o(i.__sti___8_main_cpp_Serial) refers to main.o(i._ZN9riki_msgs3ImuC1Ev) for riki_msgs::Imu::Imu()
    main.o(i.__sti___8_main_cpp_Serial) refers to battery.o(i._ZN7BatteryC1Ev) for Battery::Battery()
    main.o(i.__sti___8_main_cpp_Serial) refers to main.o(i._ZN5WheelC1Ev) for Wheel::Wheel()
    main.o(i.__sti___8_main_cpp_Serial) refers to main.o(t._ZN3ros11NodeHandle_I13STM32HardwareLi25ELi25ELi1024ELi1024EEC1Ev) for ros::NodeHandle_<STM32Hardware, (int)25, (int)25, (int)1024, (int)1024>::NodeHandle_()
    main.o(i.__sti___8_main_cpp_Serial) refers to main.o(i._ZN3ros3MsgC2Ev) for ros::Msg::Msg__sub_object()
    main.o(i.__sti___8_main_cpp_Serial) refers to main.o(t._ZN3ros10SubscriberIN13geometry_msgs5TwistEEC1EPKcPFvRKS2_Ei) for ros::Subscriber<geometry_msgs::Twist>::Subscriber(const char*, void(*)(const geometry_msgs::Twist&), int)
    main.o(i.__sti___8_main_cpp_Serial) refers to main.o(i._ZN3ros9PublisherC1EPKcPNS_3MsgEi) for ros::Publisher::Publisher(const char*, ros::Msg*, int)
    main.o(i.__sti___8_main_cpp_Serial) refers to main.o(.bss) for Serial
    main.o(i.__sti___8_main_cpp_Serial) refers to main.o(i._ZN14HardwareSerialD1Ev) for HardwareSerial::~HardwareSerial()
    main.o(i.__sti___8_main_cpp_Serial) refers to main.o(i._ZN6RoscarD1Ev) for Roscar::~Roscar()
    main.o(i.__sti___8_main_cpp_Serial) refers to main.o(.constdata__ZTVN9riki_msgs10VelocitiesE) for vtable for riki_msgs::Velocities
    main.o(i.__sti___8_main_cpp_Serial) refers to main.o(.data) for raw_battery_msg
    main.o(i.__sti___8_main_cpp_Serial) refers to main.o(.constdata__ZTVN9riki_msgs7BatteryE) for vtable for riki_msgs::Battery
    main.o(i.__sti___8_main_cpp_Serial) refers to main.o(i._Z16command_callbackRKN13geometry_msgs5TwistE) for command_callback(const geometry_msgs::Twist&)
    main.o(i.main) refers to system_stm32f10x.o(i.SystemInit) for SystemInit
    main.o(i.main) refers to millisecondtimer.o(i.initialise) for initialise
    main.o(i.main) refers to roscar.o(i._ZN6Roscar10initializeEv) for Roscar::initialize()
[...]
    __rt_ddtor_pointer_addr                  0x080005d9   Thumb Code     8  rt_ddtor_pointer_addr_intlibspace.o(.text)
    __use_no_heap                            0x080005e1   Thumb Code     2  hguard.o(.text)
    __heap$guard                             0x080005e3   Thumb Code     2  hguard.o(.text)
    _terminate_user_alloc                    0x080005e5   Thumb Code     2  init_alloc.o(.text)
    _init_user_alloc                         0x080005e7   Thumb Code     2  init_alloc.o(.text)
    __Heap_Full                              0x080005e9   Thumb Code    34  init_alloc.o(.text)
    __Heap_Broken                            0x0800060b   Thumb Code     6  init_alloc.o(.text)
    _init_alloc                              0x08000611   Thumb Code    94  init_alloc.o(.text)
    malloc                                   0x0800066f   Thumb Code    94  h1_alloc.o(.text)
    free                                     0x080006cd   Thumb Code    78  h1_free.o(.text)
    __lib_sel_fp_printf                      0x0800071b   Thumb Code     2  _printf_fp_dec.o(.text)
    _printf_fp_dec_real                      0x080008c9   Thumb Code   620  _printf_fp_dec.o(.text)
    _printf_char_common                      0x08000b3f   Thumb Code    32  _printf_char_common.o(.text)
    _sputc                                   0x08000b65   Thumb Code    10  _sputc.o(.text)
    __cxa_finalize                           0x08000b6f   Thumb Code    66  cxa_finalize.o(.text)
    __rt_SIGPVFN                             0x08000bb1   Thumb Code    14  defsig_pvfn_outer.o(.text)
    __aeabi_memcpy4                          0x08000bbf   Thumb Code     0  rt_memcpy_w.o(.text)
    __aeabi_memcpy8                          0x08000bbf   Thumb Code     0  rt_memcpy_w.o(.text)
    __rt_memcpy_w                            0x08000bbf   Thumb Code   100  rt_memcpy_w.o(.text)
    _memcpy_lastbytes_aligned                0x08000c07   Thumb Code     0  rt_memcpy_w.o(.text)
    __user_libspace                          0x08000c25   Thumb Code     8  libspace.o(.text)
    __user_perproc_libspace                  0x08000c25   Thumb Code     0  libspace.o(.text)
    __user_perthread_libspace                0x08000c25   Thumb Code     0  libspace.o(.text)
    __rt_locale                              0x08000c2d   Thumb Code     8  rt_locale_intlibspace.o(.text)
    __Heap_Initialize                        0x08000c35   Thumb Code    10  h1_init.o(.text)
    __Heap_DescSize                          0x08000c3f   Thumb Code     4  h1_init.o(.text)
    __Heap_ProvideMemory                     0x08000c43   Thumb Code    52  h1_extend.o(.text)
    _ll_udiv10                               0x08000c77   Thumb Code   138  lludiv10.o(.text)
    _printf_fp_infnan                        0x08000d01   Thumb Code   112  _printf_fp_infnan.o(.text)
    _btod_etento                             0x08000d81   Thumb Code   216  bigflt0.o(.text)
    __sig_exit                               0x08000e5d   Thumb Code    10  defsig_exit.o(.text)
    __rt_SIGRTMEM                            0x08000e67   Thumb Code    14  defsig_rtmem_outer.o(.text)
    __rt_SIGPVFN_inner                       0x08000e75   Thumb Code    14  defsig_pvfn_inner.o(.text)
    _sys_exit                                0x08000ea5   Thumb Code     8  sys_exit.o(.text)
    __user_setup_stackheap                   0x08000eb1   Thumb Code    74  sys_stackheap_outer.o(.text)
    exit                                     0x08000efb   Thumb Code    18  exit.o(.text)
    __default_signal_display                 0x08000f0d   Thumb Code    50  defsig_general.o(.text)
    __rt_SIGRTMEM_inner                      0x08000f41   Thumb Code    22  defsig_rtmem_inner.o(.text)
    strcmp                                   0x08000f91   Thumb Code   128  strcmpv7m.o(.text)
    _ttywrch                                 0x08001011   Thumb Code    14  sys_wrch.o(.text)
    __I$use$semihosting                      0x0800101f   Thumb Code     0  use_no_semi.o(.text)
    __use_no_semihosting_swi                 0x0800101f   Thumb Code     2  use_no_semi.o(.text)
    __semihosting_library_function           0x08001021   Thumb Code     0  indicate_semi.o(.text)
    _btod_d2e                                0x08001021   Thumb Code    62  btod.o(CL$$btod_d2e)
    _d2e_denorm_low                          0x0800105f   Thumb Code    70  btod.o(CL$$btod_d2e_denorm_low)
    _d2e_norm_op1                            0x080010a5   Thumb Code    96  btod.o(CL$$btod_d2e_norm_op1)
    __btod_div_common                        0x08001105   Thumb Code   696  btod.o(CL$$btod_div_common)
    _e2e                                     0x0800143d   Thumb Code   198  btod.o(CL$$btod_e2e)
    _btod_ediv                               0x08001503   Thumb Code    40  btod.o(CL$$btod_ediv)
    _btod_emul                               0x0800152b   Thumb Code    40  btod.o(CL$$btod_emul)
    __btod_mult_common                       0x08001553   Thumb Code   580  btod.o(CL$$btod_mult_common)
    ADC_Cmd                                  0x08001797   Thumb Code    22  stm32f10x_adc.o(i.ADC_Cmd)
    ADC_DMACmd                               0x080017ad   Thumb Code    22  stm32f10x_adc.o(i.ADC_DMACmd)
    ADC_GetCalibrationStatus                 0x080017c3   Thumb Code    20  stm32f10x_adc.o(i.ADC_GetCalibrationStatus)
    ADC_GetResetCalibrationStatus            0x080017d7   Thumb Code    20  stm32f10x_adc.o(i.ADC_GetResetCalibrationStatus)
    ADC_Init                                 0x080017ed   Thumb Code    70  stm32f10x_adc.o(i.ADC_Init)
    ADC_RegularChannelConfig                 0x0800183d   Thumb Code   184  stm32f10x_adc.o(i.ADC_RegularChannelConfig)
    ADC_ResetCalibration                     0x080018f5   Thumb Code    10  stm32f10x_adc.o(i.ADC_ResetCalibration)
    ADC_SoftwareStartConvCmd                 0x080018ff   Thumb Code    22  stm32f10x_adc.o(i.ADC_SoftwareStartConvCmd)
    ADC_StartCalibration                     0x08001915   Thumb Code    10  stm32f10x_adc.o(i.ADC_StartCalibration)
    DMA_Cmd                                  0x0800191f   Thumb Code    24  stm32f10x_dma.o(i.DMA_Cmd)
    DMA_DeInit                               0x08001939   Thumb Code   324  stm32f10x_dma.o(i.DMA_DeInit)
    DMA_Init                                 0x08001a85   Thumb Code    60  stm32f10x_dma.o(i.DMA_Init)
    EXTI9_5_IRQHandler                       0x08001ac1   Thumb Code    56  interrupt.o(i.EXTI9_5_IRQHandler)
    EXTI_ClearITPendingBit                   0x08001afd   Thumb Code     6  stm32f10x_exti.o(i.EXTI_ClearITPendingBit)
    EXTI_GetITStatus                         0x08001b09   Thumb Code    34  stm32f10x_exti.o(i.EXTI_GetITStatus)
    EXTI_Init                                0x08001b31   Thumb Code   142  stm32f10x_exti.o(i.EXTI_Init)
    GPIO_EXTILineConfig                      0x08001bc5   Thumb Code    60  stm32f10x_gpio.o(i.GPIO_EXTILineConfig)
    GPIO_Init                                0x08001c05   Thumb Code   278  stm32f10x_gpio.o(i.GPIO_Init)
    GPIO_PinRemapConfig                      0x08001d1d   Thumb Code   138  stm32f10x_gpio.o(i.GPIO_PinRemapConfig)
    GPIO_ReadInputDataBit                    0x08001dad   Thumb Code    18  stm32f10x_gpio.o(i.GPIO_ReadInputDataBit)
    GPIO_ResetBits                           0x08001dbf   Thumb Code     4  stm32f10x_gpio.o(i.GPIO_ResetBits)
    GPIO_SetBits                             0x08001dc3   Thumb Code     4  stm32f10x_gpio.o(i.GPIO_SetBits)
    NVIC_Init                                0x08001dc9   Thumb Code   100  misc.o(i.NVIC_Init)
    NVIC_PriorityGroupConfig                 0x08001e39   Thumb Code    10  misc.o(i.NVIC_PriorityGroupConfig)
    RCC_ADCCLKConfig                         0x08001e4d   Thumb Code    18  stm32f10x_rcc.o(i.RCC_ADCCLKConfig)
    RCC_AHBPeriphClockCmd                    0x08001e65   Thumb Code    26  stm32f10x_rcc.o(i.RCC_AHBPeriphClockCmd)
    RCC_APB1PeriphClockCmd                   0x08001e85   Thumb Code    26  stm32f10x_rcc.o(i.RCC_APB1PeriphClockCmd)
    RCC_APB2PeriphClockCmd                   0x08001ea5   Thumb Code    26  stm32f10x_rcc.o(i.RCC_APB2PeriphClockCmd)
    RCC_GetClocksFreq                        0x08001ec5   Thumb Code   192  stm32f10x_rcc.o(i.RCC_GetClocksFreq)
    SysTick_Handler                          0x08002081   Thumb Code    28  millisecondtimer.o(i.SysTick_Handler)
    SystemInit                               0x080020a5   Thumb Code    78  system_stm32f10x.o(i.SystemInit)
    TIM_ARRPreloadConfig                     0x08002345   Thumb Code    24  stm32f10x_tim.o(i.TIM_ARRPreloadConfig)
    TIM_ClearFlag                            0x0800235d   Thumb Code     6  stm32f10x_tim.o(i.TIM_ClearFlag)
    TIM_Cmd                                  0x08002363   Thumb Code    24  stm32f10x_tim.o(i.TIM_Cmd)
    TIM_CtrlPWMOutputs                       0x0800237b   Thumb Code    30  stm32f10x_tim.o(i.TIM_CtrlPWMOutputs)
    TIM_EncoderInterfaceConfig               0x08002399   Thumb Code    66  stm32f10x_tim.o(i.TIM_EncoderInterfaceConfig)
    TIM_GetCounter                           0x080023db   Thumb Code     6  stm32f10x_tim.o(i.TIM_GetCounter)
    TIM_ICInit                               0x080023e1   Thumb Code   150  stm32f10x_tim.o(i.TIM_ICInit)
    TIM_ICStructInit                         0x0800248d   Thumb Code    18  stm32f10x_tim.o(i.TIM_ICStructInit)
    TIM_ITConfig                             0x0800249f   Thumb Code    18  stm32f10x_tim.o(i.TIM_ITConfig)
    TIM_OC1Init                              0x080024b1   Thumb Code   132  stm32f10x_tim.o(i.TIM_OC1Init)
    TIM_OC1PreloadConfig                     0x08002549   Thumb Code    18  stm32f10x_tim.o(i.TIM_OC1PreloadConfig)
    TIM_OC4Init                              0x0800255d   Thumb Code   114  stm32f10x_tim.o(i.TIM_OC4Init)
    TIM_OC4PreloadConfig                     0x080025d9   Thumb Code    26  stm32f10x_tim.o(i.TIM_OC4PreloadConfig)
    TIM_SetCompare1                          0x080025f3   Thumb Code     4  stm32f10x_tim.o(i.TIM_SetCompare1)
    TIM_SetCompare4                          0x080025f7   Thumb Code     6  stm32f10x_tim.o(i.TIM_SetCompare4)
    TIM_SetCounter                           0x080025fd   Thumb Code     4  stm32f10x_tim.o(i.TIM_SetCounter)
    TIM_SetIC1Prescaler                      0x08002601   Thumb Code    18  stm32f10x_tim.o(i.TIM_SetIC1Prescaler)
    TIM_SetIC2Prescaler                      0x08002613   Thumb Code    26  stm32f10x_tim.o(i.TIM_SetIC2Prescaler)
    TIM_SetIC3Prescaler                      0x0800262d   Thumb Code    18  stm32f10x_tim.o(i.TIM_SetIC3Prescaler)
    TIM_SetIC4Prescaler                      0x0800263f   Thumb Code    26  stm32f10x_tim.o(i.TIM_SetIC4Prescaler)
    TIM_TimeBaseInit                         0x08002659   Thumb Code   122  stm32f10x_tim.o(i.TIM_TimeBaseInit)
    TIM_TimeBaseStructInit                   0x080026fd   Thumb Code    18  stm32f10x_tim.o(i.TIM_TimeBaseStructInit)
    USART1_IRQHandler                        0x08002711   Thumb Code    12  interrupt.o(i.USART1_IRQHandler)
    USART2_IRQHandler                        0x08002721   Thumb Code    12  interrupt.o(i.USART2_IRQHandler)
    USART_ClearITPendingBit                  0x08002731   Thumb Code    30  stm32f10x_usart.o(i.USART_ClearITPendingBit)
    USART_Cmd                                0x0800274f   Thumb Code    24  stm32f10x_usart.o(i.USART_Cmd)
    USART_GetFlagStatus                      0x08002767   Thumb Code    26  stm32f10x_usart.o(i.USART_GetFlagStatus)
    USART_GetITStatus                        0x08002781   Thumb Code    84  stm32f10x_usart.o(i.USART_GetITStatus)
    USART_ITConfig                           0x080027d5   Thumb Code    74  stm32f10x_usart.o(i.USART_ITConfig)
    USART_Init                               0x08002821   Thumb Code   210  stm32f10x_usart.o(i.USART_Init)
    USART_ReceiveData                        0x080028f9   Thumb Code    10  stm32f10x_usart.o(i.USART_ReceiveData)
    USART_SendData                           0x08002903   Thumb Code     8  stm32f10x_usart.o(i.USART_SendData)
    command_callback(const geometry_msgs::Twist&) 0x0800290d   Thumb Code    58  main.o(i._Z16command_callbackRKN13geometry_msgs5TwistE)
    RingBuffer::store_char(unsigned char)    0x0800294d   Thumb Code    24  ringbuffer.o(i._ZN10RingBuffer10store_charEh)
    RingBuffer::RingBuffer()                 0x08002965   Thumb Code    22  ringbuffer.o(i._ZN10RingBufferC1Ev)
    RingBuffer::RingBuffer__sub_object()     0x08002965   Thumb Code     0  ringbuffer.o(i._ZN10RingBufferC1Ev)
    STM32Hardware::time()                    0x0800297b   Thumb Code    10  main.o(i._ZN13STM32Hardware4timeEv)
    geometry_msgs::Twist::deserialize(unsigned char*) 0x08002985   Thumb Code    34  main.o(i._ZN13geometry_msgs5Twist11deserializeEPh)
    geometry_msgs::Twist::getMD5()           0x080029a9   Thumb Code     6  main.o(i._ZN13geometry_msgs5Twist6getMD5Ev)
    geometry_msgs::Twist::getType()          0x080029b5   Thumb Code     6  main.o(i._ZN13geometry_msgs5Twist7getTypeEv)
    geometry_msgs::Vector3::deserialize(unsigned char*) 0x080029c1   Thumb Code   476  main.o(i._ZN13geometry_msgs7Vector311deserializeEPh)
    geometry_msgs::Vector3::getMD5()         0x08002b9d   Thumb Code     6  main.o(i._ZN13geometry_msgs7Vector36getMD5Ev)
    geometry_msgs::Vector3::getType()        0x08002ba9   Thumb Code     6  main.o(i._ZN13geometry_msgs7Vector37getTypeEv)
    geometry_msgs::Vector3::Vector3(const geometry_msgs::Vector3&) 0x08002bb5   Thumb Code    36  main.o(i._ZN13geometry_msgs7Vector3C1ERKS0_)
    geometry_msgs::Vector3::Vector3__sub_object(const geometry_msgs::Vector3&) 0x08002bb5   Thumb Code     0  main.o(i._ZN13geometry_msgs7Vector3C1ERKS0_)
    geometry_msgs::Vector3::Vector3()        0x08002bdd   Thumb Code    20  main.o(i._ZN13geometry_msgs7Vector3C1Ev)
    geometry_msgs::Vector3::Vector3__sub_object() 0x08002bdd   Thumb Code     0  main.o(i._ZN13geometry_msgs7Vector3C1Ev)
    geometry_msgs::Vector3::operator =(const geometry_msgs::Vector3&) 0x08002bf5   Thumb Code    14  main.o(i._ZN13geometry_msgs7Vector3aSERKS0_)
    HardwareSerial::irq()                    0x08002c05   Thumb Code    68  hardwareserial.o(i._ZN14HardwareSerial3irqEv)
    HardwareSerial::read()                   0x08002c4d   Thumb Code    34  hardwareserial.o(i._ZN14HardwareSerial4readEv)
    HardwareSerial::begin(unsigned)          0x08002c71   Thumb Code   270  hardwareserial.o(i._ZN14HardwareSerial5beginEj)
    HardwareSerial::write(unsigned char)     0x08002da1   Thumb Code    48  hardwareserial.o(i._ZN14HardwareSerial5writeEh)
    HardwareSerial::available()              0x08002dd5   Thumb Code    18  hardwareserial.o(i._ZN14HardwareSerial9availableEv)
    HardwareSerial::HardwareSerial(Serial_TypeDef) 0x08002de9   Thumb Code    56  hardwareserial.o(i._ZN14HardwareSerialC1E14Serial_TypeDef)
    HardwareSerial::HardwareSerial__sub_object(Serial_TypeDef) 0x08002de9   Thumb Code     0  hardwareserial.o(i._ZN14HardwareSerialC1E14Serial_TypeDef)
    HardwareSerial::~HardwareSerial()        0x08002e2d   Thumb Code     2  main.o(i._ZN14HardwareSerialD1Ev)
    HardwareSerial::~HardwareSerial__sub_object() 0x08002e2d   Thumb Code     0  main.o(i._ZN14HardwareSerialD1Ev)
    rosserial_msgs::RequestParamResponse::deserialize(unsigned char*) 0x08002e2f   Thumb Code   324  main.o(i._ZN14rosserial_msgs20RequestParamResponse11deserializeEPh)
    rosserial_msgs::RequestParamResponse::getMD5() 0x08002f75   Thumb Code     6  main.o(i._ZN14rosserial_msgs20RequestParamResponse6getMD5Ev)
    rosserial_msgs::RequestParamResponse::getType() 0x08002f81   Thumb Code     6  main.o(i._ZN14rosserial_msgs20RequestParamResponse7getTypeEv)
    rosserial_msgs::Log::getMD5()            0x08002f8d   Thumb Code     6  main.o(i._ZN14rosserial_msgs3Log6getMD5Ev)
    rosserial_msgs::Log::getType()           0x08002f99   Thumb Code     6  main.o(i._ZN14rosserial_msgs3Log7getTypeEv)
    rosserial_msgs::TopicInfo::getMD5()      0x08002fa5   Thumb Code     6  main.o(i._ZN14rosserial_msgs9TopicInfo6getMD5Ev)
    rosserial_msgs::TopicInfo::getType()     0x08002fb1   Thumb Code     6  main.o(i._ZN14rosserial_msgs9TopicInfo7getTypeEv)
    PID::computeLoc(float, float)            0x08002fbd   Thumb Code   260  pid.o(i._ZN3PID10computeLocEff)
    PID::initialize(float, float, float, float, float) 0x080030c1   Thumb Code    18  pid.o(i._ZN3PID10initializeEfffff)
    ros::normalizeSecNSec(unsigned long&, unsigned long&) 0x080030d5   Thumb Code    30  time.o(i._ZN3ros16normalizeSecNSecERmS0_)
    ros::Msg::Msg__sub_object(const ros::Msg&) 0x080030f9   Thumb Code     6  main.o(i._ZN3ros3MsgC2ERKS0_)
    ros::Msg::Msg__sub_object()              0x08003105   Thumb Code     6  main.o(i._ZN3ros3MsgC2Ev)
    ros::Publisher::publish(const ros::Msg*) 0x08003111   Thumb Code    20  main.o(i._ZN3ros9Publisher7publishEPKNS_3MsgE)
    ros::Publisher::Publisher(const char*, ros::Msg*, int) 0x08003125   Thumb Code     8  main.o(i._ZN3ros9PublisherC1EPKcPNS_3MsgEi)
    ros::Publisher::Publisher__sub_object(const char*, ros::Msg*, int) 0x08003125   Thumb Code     0  main.o(i._ZN3ros9PublisherC1EPKcPNS_3MsgEi)
    Gpio::initialize(unsigned, GPIO_TypeDef*, unsigned short, GPIOMode_TypeDef, GPIOSpeed_TypeDef) 0x0800312d   Thumb Code    68  gpio.o(i._ZN4Gpio10initializeEjP12GPIO_TypeDeft16GPIOMode_TypeDef17GPIOSpeed_TypeDef)
    Gpio::low()                              0x08003171   Thumb Code     8  roscar.o(i._ZN4Gpio3lowEv)
    Gpio::high()                             0x08003179   Thumb Code     8  wheel.o(i._ZN4Gpio4highEv)
    Gpio::invert()                           0x08003181   Thumb Code    46  main.o(i._ZN4Gpio6invertEv)
    Gpio::Gpio(PORT_INDEX, unsigned short, GPIOMode_TypeDef, GPIOSpeed_TypeDef) 0x080031b1   Thumb Code    52  gpio.o(i._ZN4GpioC1E10PORT_INDEXt16GPIOMode_TypeDef17GPIOSpeed_TypeDef)
    Gpio::Gpio__sub_object(PORT_INDEX, unsigned short, GPIOMode_TypeDef, GPIOSpeed_TypeDef) 0x080031b1   Thumb Code     0  gpio.o(i._ZN4GpioC1E10PORT_INDEXt16GPIOMode_TypeDef17GPIOSpeed_TypeDef)
    Wheel::initialize(unsigned char, unsigned short, unsigned short) 0x080031e9   Thumb Code   362  wheel.o(i._ZN5Wheel10initializeEhtt)
    Wheel::setPWM(short)                     0x08003359   Thumb Code   102  wheel.o(i._ZN5Wheel6setPWMEs)
    Wheel::Wheel()                           0x080033c5   Thumb Code    20  main.o(i._ZN5WheelC1Ev)
    Wheel::Wheel__sub_object()               0x080033c5   Thumb Code     0  main.o(i._ZN5WheelC1Ev)
    Wheel::~Wheel()                          0x080033d9   Thumb Code    20  main.o(i._ZN5WheelD1Ev)
    Wheel::~Wheel__sub_object()              0x080033d9   Thumb Code     0  main.o(i._ZN5WheelD1Ev)
    Roscar::controlCar()                     0x080033ed   Thumb Code   498  roscar.o(i._ZN6Roscar10controlCarEv)
    Roscar::getImuInfo()                     0x08003609   Thumb Code    62  roscar.o(i._ZN6Roscar10getImuInfoEv)
    Roscar::initialize()                     0x08003649   Thumb Code   366  roscar.o(i._ZN6Roscar10initializeEv)
    Roscar::getBatPower()                    0x080037dd   Thumb Code    14  roscar.o(i._ZN6Roscar11getBatPowerEv)
    Roscar::dispDebugInfo(char*)             0x080037ed   Thumb Code   100  roscar.o(i._ZN6Roscar13dispDebugInfoEPc)
    Roscar::setExpectLineSpeed(double)       0x08003881   Thumb Code    10  main.o(i._ZN6Roscar18setExpectLineSpeedEd)
    Roscar::setExpectAngleSpeed(double)      0x0800388b   Thumb Code    10  main.o(i._ZN6Roscar19setExpectAngleSpeedEd)
    Roscar::cmdWarn()                        0x08003895   Thumb Code    14  main.o(i._ZN6Roscar7cmdWarnEv)
    Roscar::~Roscar()                        0x080038a3   Thumb Code    58  main.o(i._ZN6RoscarD1Ev)
    Roscar::~Roscar__sub_object()            0x080038a3   Thumb Code     0  main.o(i._ZN6RoscarD1Ev)
    Battery::initialize(float, float, float) 0x080038dd   Thumb Code   274  battery.o(i._ZN7Battery10initializeEfff)
    Battery::get_volt()                      0x080039f9   Thumb Code   198  battery.o(i._ZN7Battery8get_voltEv)
    Battery::Battery()                       0x08003ae1   Thumb Code     2  battery.o(i._ZN7BatteryC1Ev)
    Battery::Battery__sub_object()           0x08003ae1   Thumb Code     0  battery.o(i._ZN7BatteryC1Ev)
    Encoder::getEncoder()                    0x08003ae3   Thumb Code    54  encoder.o(i._ZN7Encoder10getEncoderEv)
    Encoder::initialize(unsigned char)       0x08003b19   Thumb Code   336  encoder.o(i._ZN7Encoder10initializeEh)
    Encoder::irq(unsigned char)              0x08003c69   Thumb Code   124  encoder.o(i._ZN7Encoder3irqEh)
    Mpu6050::getAccAllVal(float*, unsigned char) 0x08003ce9   Thumb Code   178  mpu6050.o(i._ZN7Mpu605012getAccAllValEPfh)
    Mpu6050::mpu6050_init()                  0x08003d9b   Thumb Code   214  mpu6050.o(i._ZN7Mpu605012mpu6050_initEv)
    Mpu6050::getGyroAllVal(float*, unsigned char) 0x08003e71   Thumb Code   268  mpu6050.o(i._ZN7Mpu605013getGyroAllValEPfh)
    Mpu6050::readAccSource()                 0x08003f99   Thumb Code    82  mpu6050.o(i._ZN7Mpu605013readAccSourceEv)
    Mpu6050::readGyroSource()                0x08003feb   Thumb Code    80  mpu6050.o(i._ZN7Mpu605014readGyroSourceEv)
    Mpu6050::setOrientation(signed char, signed char, signed char) 0x0800403b   Thumb Code    16  mpu6050.o(i._ZN7Mpu605014setOrientationEaaa)
    Mpu6050::write_to_register(int, unsigned char, unsigned char) 0x0800404b   Thumb Code    54  mpu6050.o(i._ZN7Mpu605017write_to_registerEihh)
    Mpu6050::Mpu6050(unsigned char, unsigned char) 0x08004081   Thumb Code    86  mpu6050.o(i._ZN7Mpu6050C1Ehh)
    Mpu6050::Mpu6050__sub_object(unsigned char, unsigned char) 0x08004081   Thumb Code     0  mpu6050.o(i._ZN7Mpu6050C1Ehh)
    TwoWire::i2c_get_ack()                   0x080040d7   Thumb Code    50  wire.o(i._ZN7TwoWire11i2c_get_ackEv)
    TwoWire::i2c_send_ack()                  0x08004109   Thumb Code    30  wire.o(i._ZN7TwoWire12i2c_send_ackEv)
    TwoWire::i2c_shift_in()                  0x08004127   Thumb Code    60  wire.o(i._ZN7TwoWire12i2c_shift_inEv)
    TwoWire::i2c_send_nack()                 0x08004163   Thumb Code    30  wire.o(i._ZN7TwoWire13i2c_send_nackEv)
    TwoWire::i2c_shift_out(unsigned char)    0x08004181   Thumb Code    60  wire.o(i._ZN7TwoWire13i2c_shift_outEh)
    TwoWire::begin(unsigned char)            0x080041bd   Thumb Code   102  wire.o(i._ZN7TwoWire5beginEh)
    TwoWire::process()                       0x08004229   Thumb Code   170  wire.o(i._ZN7TwoWire7processEv)
    TwoWire::set_scl(bool)                   0x080042d5   Thumb Code    50  wire.o(i._ZN7TwoWire7set_sclEb)
    TwoWire::set_sda(bool)                   0x0800430d   Thumb Code    50  wire.o(i._ZN7TwoWire7set_sdaEb)
    TwoWire::i2c_stop()                      0x08004345   Thumb Code    30  wire.o(i._ZN7TwoWire8i2c_stopEv)
    TwoWire::sda_read()                      0x08004365   Thumb Code    22  wire.o(i._ZN7TwoWire8sda_readEv)
    TwoWire::i2c_start()                     0x08004381   Thumb Code    22  wire.o(i._ZN7TwoWire9i2c_startEv)
    TwoWire::TwoWire(unsigned char)          0x08004399   Thumb Code    16  wire.o(i._ZN7TwoWireC1Eh)
    TwoWire::TwoWire__sub_object(unsigned char) 0x08004399   Thumb Code     0  wire.o(i._ZN7TwoWireC1Eh)
    TwoWire::~TwoWire()                      0x080043b1   Thumb Code     8  wire.o(i._ZN7TwoWireD1Ev)
    TwoWire::~TwoWire__sub_object()          0x080043b1   Thumb Code     0  wire.o(i._ZN7TwoWireD1Ev)
    WireBase::requestFrom(unsigned char, int) 0x080043b9   Thumb Code    64  wirebase.o(i._ZN8WireBase11requestFromEhi)
    WireBase::requestFrom(int, int)          0x080043f9   Thumb Code    20  wirebase.o(i._ZN8WireBase11requestFromEii)
    WireBase::endTransmission()              0x0800440d   Thumb Code    38  wirebase.o(i._ZN8WireBase15endTransmissionEv)
    WireBase::beginTransmission(unsigned char) 0x08004433   Thumb Code    22  wirebase.o(i._ZN8WireBase17beginTransmissionEh)
    WireBase::beginTransmission(int)         0x08004449   Thumb Code    16  wirebase.o(i._ZN8WireBase17beginTransmissionEi)
    WireBase::read()                         0x08004459   Thumb Code    84  wirebase.o(i._ZN8WireBase4readEv)
    WireBase::write(unsigned char)           0x080044ad   Thumb Code    44  wirebase.o(i._ZN8WireBase5writeEh)
    WireBase::write(int)                     0x080044d9   Thumb Code    16  wirebase.o(i._ZN8WireBase5writeEi)
    WireBase::available()                    0x080044e9   Thumb Code    16  wirebase.o(i._ZN8WireBase9availableEv)
    std_msgs::Time::deserialize(unsigned char*) 0x080044f9   Thumb Code    92  main.o(i._ZN8std_msgs4Time11deserializeEPh)
    std_msgs::Time::getMD5()                 0x08004555   Thumb Code     6  main.o(i._ZN8std_msgs4Time6getMD5Ev)
    std_msgs::Time::getType()                0x08004561   Thumb Code     6  main.o(i._ZN8std_msgs4Time7getTypeEv)
    std_msgs::Time::Time()                   0x0800456d   Thumb Code    32  main.o(i._ZN8std_msgs4TimeC1Ev)
    std_msgs::Time::Time__sub_object()       0x0800456d   Thumb Code     0  main.o(i._ZN8std_msgs4TimeC1Ev)
    riki_msgs::Velocities::getMD5()          0x08004591   Thumb Code     6  main.o(i._ZN9riki_msgs10Velocities6getMD5Ev)
    riki_msgs::Velocities::getType()         0x0800459d   Thumb Code     6  main.o(i._ZN9riki_msgs10Velocities7getTypeEv)
    riki_msgs::Imu::getMD5()                 0x080045a9   Thumb Code     6  main.o(i._ZN9riki_msgs3Imu6getMD5Ev)
    riki_msgs::Imu::getType()                0x080045b5   Thumb Code     6  main.o(i._ZN9riki_msgs3Imu7getTypeEv)
    riki_msgs::Imu::Imu()                    0x080045c1   Thumb Code    82  main.o(i._ZN9riki_msgs3ImuC1Ev)
    riki_msgs::Imu::Imu__sub_object()        0x080045c1   Thumb Code     0  main.o(i._ZN9riki_msgs3ImuC1Ev)
    riki_msgs::Battery::getMD5()             0x08004619   Thumb Code     6  main.o(i._ZN9riki_msgs7Battery6getMD5Ev)
    riki_msgs::Battery::getType()            0x08004625   Thumb Code     6  main.o(i._ZN9riki_msgs7Battery7getTypeEv)
    geometry_msgs::Twist::serialize(unsigned char*) const 0x08004631   Thumb Code    34  main.o(i._ZNK13geometry_msgs5Twist9serializeEPh)
    geometry_msgs::Vector3::serialize(unsigned char*) const 0x08004653   Thumb Code   428  main.o(i._ZNK13geometry_msgs7Vector39serializeEPh)
    rosserial_msgs::RequestParamResponse::serialize(unsigned char*) const 0x080047ff   Thumb Code   254  main.o(i._ZNK14rosserial_msgs20RequestParamResponse9serializeEPh)
    rosserial_msgs::Log::serialize(unsigned char*) const 0x080048fd   Thumb Code    48  main.o(i._ZNK14rosserial_msgs3Log9serializeEPh)
    rosserial_msgs::TopicInfo::serialize(unsigned char*) const 0x0800492d   Thumb Code   146  main.o(i._ZNK14rosserial_msgs9TopicInfo9serializeEPh)
    std_msgs::Time::serialize(unsigned char*) const 0x080049bf   Thumb Code    68  main.o(i._ZNK8std_msgs4Time9serializeEPh)
    riki_msgs::Velocities::serialize(unsigned char*) const 0x08004a03   Thumb Code   110  main.o(i._ZNK9riki_msgs10Velocities9serializeEPh)
    riki_msgs::Imu::serialize(unsigned char*) const 0x08004a71   Thumb Code    46  main.o(i._ZNK9riki_msgs3Imu9serializeEPh)
    riki_msgs::Battery::serialize(unsigned char*) const 0x08004a9f   Thumb Code    42  main.o(i._ZNK9riki_msgs7Battery9serializeEPh)
    __ARM_fpclassify                         0x08004ac9   Thumb Code    40  fpclassify.o(i.__ARM_fpclassify)
    __cxa_pure_virtual                       0x08004af1   Thumb Code     6  pure_virt.o(i.__cxa_pure_virtual)
    _is_digit                                0x08004c29   Thumb Code    14  __printf_wp.o(i._is_digit)
    delay                                    0x08004c39   Thumb Code    18  millisecondtimer.o(i.delay)
    initialise                               0x08004c51   Thumb Code    90  millisecondtimer.o(i.initialise)
    main                                     0x08004cbd   Thumb Code   570  main.o(i.main)
    millis                                   0x08004f3d   Thumb Code     6  millisecondtimer.o(i.millis)
    _get_lc_numeric                          0x08004f49   Thumb Code    44  lc_numeric_c.o(locale$$code)
    ros::Subscriber<geometry_msgs::Twist>::getMsgType() 0x08004f75   Thumb Code     8  main.o(t._ZN3ros10SubscriberIN13geometry_msgs5TwistEE10getMsgTypeEv)
    ros::Subscriber<geometry_msgs::Twist>::getEndpointType() 0x08004f81   Thumb Code     6  main.o(t._ZN3ros10SubscriberIN13geometry_msgs5TwistEE15getEndpointTypeEv)
    ros::Subscriber<geometry_msgs::Twist>::callback(unsigned char*) 0x08004f87   Thumb Code    26  main.o(t._ZN3ros10SubscriberIN13geometry_msgs5TwistEE8callbackEPh)
    ros::Subscriber<geometry_msgs::Twist>::getMsgMD5() 0x08004fa1   Thumb Code     8  main.o(t._ZN3ros10SubscriberIN13geometry_msgs5TwistEE9getMsgMD5Ev)
    ros::Subscriber<geometry_msgs::Twist>::Subscriber(const char*, void(*)(const geometry_msgs::Twist&), int) 0x08004fad   Thumb Code    66  main.o(t._ZN3ros10SubscriberIN13geometry_msgs5TwistEEC1EPKcPFvRKS2_Ei)
    ros::Subscriber<geometry_msgs::Twist>::Subscriber__sub_object(const char*, void(*)(const geometry_msgs::Twist&), int) 0x08004fad   Thumb Code     0  main.o(t._ZN3ros10SubscriberIN13geometry_msgs5TwistEEC1EPKcPFvRKS2_Ei)
    ros::NodeHandle_<STM32Hardware, (int)25, (int)25, (int)1024, (int)1024>::negotiateTopics() 0x08004ffd   Thumb Code   288  main.o(t._ZN3ros11NodeHandle_I13STM32HardwareLi25ELi25ELi1024ELi1024EE15negotiateTopicsEv)
    ros::NodeHandle_<STM32Hardware, (int)25, (int)25, (int)1024, (int)1024>::requestSyncTime() 0x08005121   Thumb Code    32  main.o(t._ZN3ros11NodeHandle_I13STM32HardwareLi25ELi25ELi1024ELi1024EE15requestSyncTimeEv)
    ros::NodeHandle_<STM32Hardware, (int)25, (int)25, (int)1024, (int)1024>::log(char, const char*) 0x08005141   Thumb Code    42  main.o(t._ZN3ros11NodeHandle_I13STM32HardwareLi25ELi25ELi1024ELi1024EE3logEcPKc)
    ros::NodeHandle_<STM32Hardware, (int)25, (int)25, (int)1024, (int)1024>::loginfo(const char*) 0x08005171   Thumb Code    18  main.o(t._ZN3ros11NodeHandle_I13STM32HardwareLi25ELi25ELi1024ELi1024EE7loginfoEPKc)
    ros::NodeHandle_<STM32Hardware, (int)25, (int)25, (int)1024, (int)1024>::publish(int, const ros::Msg*) 0x08005185   Thumb Code   230  main.o(t._ZN3ros11NodeHandle_I13STM32HardwareLi25ELi25ELi1024ELi1024EE7publishEiPKNS_3MsgE)
    ros::NodeHandle_<STM32Hardware, (int)25, (int)25, (int)1024, (int)1024>::spinOnce() 0x08005271   Thumb Code   642  main.o(t._ZN3ros11NodeHandle_I13STM32HardwareLi25ELi25ELi1024ELi1024EE8spinOnceEv)
    ros::NodeHandle_<STM32Hardware, (int)25, (int)25, (int)1024, (int)1024>::syncTime(unsigned char*) 0x080054f5   Thumb Code   154  main.o(t._ZN3ros11NodeHandle_I13STM32HardwareLi25ELi25ELi1024ELi1024EE8syncTimeEPh)
    ros::NodeHandle_<STM32Hardware, (int)25, (int)25, (int)1024, (int)1024>::advertise(ros::Publisher&) 0x08005595   Thumb Code    48  main.o(t._ZN3ros11NodeHandle_I13STM32HardwareLi25ELi25ELi1024ELi1024EE9advertiseERNS_9PublisherE)
    ros::NodeHandle_<STM32Hardware, (int)25, (int)25, (int)1024, (int)1024>::NodeHandle_() 0x080055c5   Thumb Code   172  main.o(t._ZN3ros11NodeHandle_I13STM32HardwareLi25ELi25ELi1024ELi1024EEC1Ev)
    ros::NodeHandle_<STM32Hardware, (int)25, (int)25, (int)1024, (int)1024>::NodeHandle___sub_object() 0x080055c5   Thumb Code     0  main.o(t._ZN3ros11NodeHandle_I13STM32HardwareLi25ELi25ELi1024ELi1024EEC1Ev)
    __aeabi_d2f                              0x08005681   Thumb Code     0  d2f.o(x$fpl$d2f)
    _d2f                                     0x08005681   Thumb Code    98  d2f.o(x$fpl$d2f)
    __aeabi_dadd                             0x080056e5   Thumb Code     0  daddsub_clz.o(x$fpl$dadd)
    _dadd                                    0x080056e5   Thumb Code   332  daddsub_clz.o(x$fpl$dadd)
    __fpl_dcmp_Inf                           0x08005835   Thumb Code    24  dcmpi.o(x$fpl$dcmpinf)
    __aeabi_ddiv                             0x0800584d   Thumb Code     0  ddiv.o(x$fpl$ddiv)
    _ddiv                                    0x0800584d   Thumb Code   552  ddiv.o(x$fpl$ddiv)
    __aeabi_cdcmpeq                          0x08005afd   Thumb Code     0  deqf.o(x$fpl$deqf)
    _dcmpeq                                  0x08005afd   Thumb Code   120  deqf.o(x$fpl$deqf)
    __aeabi_d2iz                             0x08005b75   Thumb Code     0  dfix.o(x$fpl$dfix)
    _dfix                                    0x08005b75   Thumb Code    94  dfix.o(x$fpl$dfix)
    __aeabi_i2d                              0x08005bd3   Thumb Code     0  dflt_clz.o(x$fpl$dflt)
    _dflt                                    0x08005bd3   Thumb Code    46  dflt_clz.o(x$fpl$dflt)
    __aeabi_ui2d                             0x08005c01   Thumb Code     0  dflt_clz.o(x$fpl$dfltu)
    _dfltu                                   0x08005c01   Thumb Code    38  dflt_clz.o(x$fpl$dfltu)
    __aeabi_cdcmple                          0x08005c29   Thumb Code     0  dleqf.o(x$fpl$dleqf)
    _dcmple                                  0x08005c29   Thumb Code   120  dleqf.o(x$fpl$dleqf)
    __fpl_dcmple_InfNaN                      0x08005c8b   Thumb Code     0  dleqf.o(x$fpl$dleqf)
    __aeabi_dmul                             0x08005ca1   Thumb Code     0  dmul.o(x$fpl$dmul)
    _dmul                                    0x08005ca1   Thumb Code   332  dmul.o(x$fpl$dmul)
    __fpl_dnaninf                            0x08005df5   Thumb Code   156  dnaninf.o(x$fpl$dnaninf)
    __fpl_dretinf                            0x08005e91   Thumb Code    12  dretinf.o(x$fpl$dretinf)
    __aeabi_cdrcmple                         0x08005e9d   Thumb Code     0  drleqf.o(x$fpl$drleqf)
    _drcmple                                 0x08005e9d   Thumb Code   108  drleqf.o(x$fpl$drleqf)
    __aeabi_dsub                             0x08005f09   Thumb Code     0  daddsub_clz.o(x$fpl$dsub)
    _dsub                                    0x08005f09   Thumb Code   464  daddsub_clz.o(x$fpl$dsub)
    __aeabi_f2d                              0x080060dd   Thumb Code     0  f2d.o(x$fpl$f2d)
    _f2d                                     0x080060dd   Thumb Code    86  f2d.o(x$fpl$f2d)
    __aeabi_fadd                             0x08006135   Thumb Code     0  faddsub_clz.o(x$fpl$fadd)
    _fadd                                    0x08006135   Thumb Code   196  faddsub_clz.o(x$fpl$fadd)
    __fpl_fcmp_Inf                           0x080061f9   Thumb Code    24  fcmpi.o(x$fpl$fcmpinf)
    __aeabi_fdiv                             0x08006211   Thumb Code     0  fdiv.o(x$fpl$fdiv)
    _fdiv                                    0x08006211   Thumb Code   384  fdiv.o(x$fpl$fdiv)
    __aeabi_cfcmpeq                          0x08006395   Thumb Code     0  feqf.o(x$fpl$feqf)
    _fcmpeq                                  0x08006395   Thumb Code   104  feqf.o(x$fpl$feqf)
    __aeabi_i2f                              0x080063fd   Thumb Code     0  fflt_clz.o(x$fpl$fflt)
    _fflt                                    0x080063fd   Thumb Code    48  fflt_clz.o(x$fpl$fflt)
    __aeabi_ui2f                             0x0800642d   Thumb Code     0  fflt_clz.o(x$fpl$ffltu)
    _ffltu                                   0x0800642d   Thumb Code    38  fflt_clz.o(x$fpl$ffltu)
    __aeabi_cfcmple                          0x08006455   Thumb Code     0  fleqf.o(x$fpl$fleqf)
    _fcmple                                  0x08006455   Thumb Code   104  fleqf.o(x$fpl$fleqf)
    __fpl_fcmple_InfNaN                      0x080064a7   Thumb Code     0  fleqf.o(x$fpl$fleqf)
    __fpl_fnaninf                            0x080064bd   Thumb Code   140  fnaninf.o(x$fpl$fnaninf)
    __fpl_fretinf                            0x08006549   Thumb Code    10  fretinf.o(x$fpl$fretinf)
    __aeabi_fsub                             0x08006555   Thumb Code     0  faddsub_clz.o(x$fpl$fsub)
    _fsub                                    0x08006555   Thumb Code   234  faddsub_clz.o(x$fpl$fsub)
    _printf_fp_dec                           0x0800663f   Thumb Code     4  printf1.o(x$fpl$printf1)
    __I$use$fp                               0x08006642   Number         0  usenofp.o(x$fpl$usenofp)
    vtable for TwoWire                       0x08006744   Data          16  wire.o(.constdata__ZTV7TwoWire)
    vtable for WireBase                      0x08006754   Data          16  wirebase.o(.constdata__ZTV8WireBase)
    vtable for geometry_msgs::Twist          0x08006764   Data          24  main.o(.constdata__ZTVN13geometry_msgs5TwistE)
    vtable for geometry_msgs::Vector3        0x0800677c   Data          24  main.o(.constdata__ZTVN13geometry_msgs7Vector3E)
    vtable for rosserial_msgs::RequestParamResponse 0x08006794   Data          24  main.o(.constdata__ZTVN14rosserial_msgs20RequestParamResponseE)
    vtable for rosserial_msgs::Log           0x080067ac   Data          24  main.o(.constdata__ZTVN14rosserial_msgs3LogE)
    vtable for rosserial_msgs::TopicInfo     0x080067c4   Data          24  main.o(.constdata__ZTVN14rosserial_msgs9TopicInfoE)
    vtable for ros::Subscriber<geometry_msgs::Twist> 0x080067dc   Data          24  main.o(.constdata__ZTVN3ros10SubscriberIN13geometry_msgs5TwistEEE)
    vtable for ros::NodeHandle_<STM32Hardware, (int)25, (int)25, (int)1024, (int)1024> 0x080067f4   Data          20  main.o(.constdata__ZTVN3ros11NodeHandle_I13STM32HardwareLi25ELi25ELi1024ELi1024EEE)
    vtable for ros::Subscriber_              0x08006808   Data          24  main.o(.constdata__ZTVN3ros11Subscriber_E)
    vtable for ros::NodeHandleBase_          0x08006820   Data          20  main.o(.constdata__ZTVN3ros15NodeHandleBase_E)
    vtable for ros::Msg                      0x08006834   Data          24  main.o(.constdata__ZTVN3ros3MsgE)
    vtable for std_msgs::Time                0x0800684c   Data          24  main.o(.constdata__ZTVN8std_msgs4TimeE)
    vtable for riki_msgs::Velocities         0x08006864   Data          24  main.o(.constdata__ZTVN9riki_msgs10VelocitiesE)
    vtable for riki_msgs::Imu                0x0800687c   Data          24  main.o(.constdata__ZTVN9riki_msgs3ImuE)
    vtable for riki_msgs::Battery            0x08006894   Data          24  main.o(.constdata__ZTVN9riki_msgs7BatteryE)
    geometry_msgs::Twist::getMD5()::string   0x080068ac   Data          33  main.o(.constdata__ZZN13geometry_msgs5Twist6getMD5EvEs)
    geometry_msgs::Twist::getType()::string  0x080068cd   Data          20  main.o(.constdata__ZZN13geometry_msgs5Twist7getTypeEvEs)
    geometry_msgs::Vector3::getMD5()::string 0x080068e1   Data          33  main.o(.constdata__ZZN13geometry_msgs7Vector36getMD5EvEs)
    geometry_msgs::Vector3::getType()::string 0x08006902   Data          22  main.o(.constdata__ZZN13geometry_msgs7Vector37getTypeEvEs)
    rosserial_msgs::RequestParamResponse::getMD5()::string 0x08006918   Data          33  main.o(.constdata__ZZN14rosserial_msgs20RequestParamResponse6getMD5EvEs)
    rosserial_msgs::Log::getMD5()::string    0x08006939   Data          33  main.o(.constdata__ZZN14rosserial_msgs3Log6getMD5EvEs)
    rosserial_msgs::Log::getType()::string   0x0800695a   Data          19  main.o(.constdata__ZZN14rosserial_msgs3Log7getTypeEvEs)
    rosserial_msgs::TopicInfo::getMD5()::string 0x0800696d   Data          33  main.o(.constdata__ZZN14rosserial_msgs9TopicInfo6getMD5EvEs)
    rosserial_msgs::TopicInfo::getType()::string 0x0800698e   Data          25  main.o(.constdata__ZZN14rosserial_msgs9TopicInfo7getTypeEvEs)
    ros::NodeHandle_<STM32Hardware, (int)25, (int)25, (int)1024, (int)1024>::publish(int, const ros::Msg*)::string 0x080069a7   Data          57  main.o(.constdata__ZZN3ros11NodeHandle_I13STM32HardwareLi25ELi25ELi1024ELi1024EE7publishEiPKNS_3MsgEEs)
    std_msgs::Time::getMD5()::string         0x080069e0   Data          33  main.o(.constdata__ZZN8std_msgs4Time6getMD5EvEs)
    std_msgs::Time::getType()::string        0x08006a01   Data          14  main.o(.constdata__ZZN8std_msgs4Time7getTypeEvEs)
    riki_msgs::Velocities::getMD5()::string  0x08006a0f   Data          33  main.o(.constdata__ZZN9riki_msgs10Velocities6getMD5EvEs)
    riki_msgs::Velocities::getType()::string 0x08006a30   Data          21  main.o(.constdata__ZZN9riki_msgs10Velocities7getTypeEvEs)
    riki_msgs::Imu::getMD5()::string         0x08006a45   Data          33  main.o(.constdata__ZZN9riki_msgs3Imu6getMD5EvEs)
    riki_msgs::Imu::getType()::string        0x08006a66   Data          14  main.o(.constdata__ZZN9riki_msgs3Imu7getTypeEvEs)
    riki_msgs::Battery::getMD5()::string     0x08006a74   Data          33  main.o(.constdata__ZZN9riki_msgs7Battery6getMD5EvEs)
    riki_msgs::Battery::getType()::string    0x08006a95   Data          18  main.o(.constdata__ZZN9riki_msgs7Battery7getTypeEvEs)
    Region$$Table$$Base                      0x08006aa8   Number         0  anon$$obj.o(Region$$Table)
    Region$$Table$$Limit                     0x08006ac8   Number         0  anon$$obj.o(Region$$Table)
    SHT$$INIT_ARRAY$$Base                    0x08006ae4   Number         0  main.o(.init_array)
    SHT$$INIT_ARRAY$$Limit                   0x08006ae8   Number         0  init_aeabi.o(.init_array)
    SystemCoreClock                          0x20000000   Data           4  system_stm32f10x.o(.data)
    AHBPrescTable                            0x20000004   Data          16  system_stm32f10x.o(.data)
    raw_battery_msg                          0x20000014   Data           8  main.o(.data)
    PERIPH_PORT                              0x20000030   Data          56  gpio.o(.data)
    _counter                                 0x20000068   Data           4  millisecondtimer.o(.data)
    SERIAL_USART                             0x2000006c   Data          12  hardwareserial.o(.data)
    SERIAL_PORT                              0x20000078   Data          12  hardwareserial.o(.data)
    Serial1                                  0x20000084   Data           4  interrupt.o(.data)
    Serial2                                  0x20000088   Data           4  interrupt.o(.data)
    Serial3                                  0x2000008c   Data           4  interrupt.o(.data)
    Serial                                   0x20000090   Data          76  main.o(.bss)
    minicar                                  0x200000e0   Data         504  main.o(.bss)
    nh                                       0x200002d8   Data        2352  main.o(.bss)
    raw_imu_msg                              0x20000c08   Data          52  main.o(.bss)
    raw_vel_msg                              0x20000c3c   Data          16  main.o(.bss)
    cmd_sub                                  0x20000c4c   Data          56  main.o(.bss)
    raw_vel_pub                              0x20000c84   Data          20  main.o(.bss)
    raw_imu_pub                              0x20000c98   Data          20  main.o(.bss)
    raw_battery_pub                          0x20000cac   Data          20  main.o(.bss)
    __libspace_start                         0x20000cc0   Data          96  libspace.o(.bss)
    __temporary_stack_top$libspace           0x20000d20   Data           0  libspace.o(.bss)



==============================================================================

Memory Map of the image

  Image Entry point : 0x080000ed

  Load Region LR_IROM1 (Base: 0x08000000, Size: 0x00006b78, Max: 0x00010000, ABSOLUTE)

    Execution Region ER_IROM1 (Base: 0x08000000, Size: 0x00006ae8, Max: 0x00010000, ABSOLUTE)

    Base Addr    Size         Type   Attr      Idx    E Section Name        Object

    0x08000000   0x000000ec   Data   RO           19    RESET               startup_stm32f10x_md.o
    0x080000ec   0x00000008   Code   RO         4814  * !!!main             c_w.l(__main.o)
    0x080000f4   0x00000034   Code   RO         5397    !!!scatter          c_w.l(__scatter.o)
    0x08000128   0x0000001a   Code   RO         5399    !!handler_copy      c_w.l(__scatter_copy.o)
    0x08000142   0x00000002   PAD
    0x08000144   0x0000001c   Code   RO         5401    !!handler_zi        c_w.l(__scatter_zi.o)
    0x08000160   0x00000000   Code   RO         4799    .ARM.Collect$$_printf_percent$$00000000  c_w.l(_printf_percent.o)
    0x08000160   0x00000006   Code   RO         4798    .ARM.Collect$$_printf_percent$$00000003  c_w.l(_printf_f.o)
    0x08000166   0x00000004   Code   RO         5092    .ARM.Collect$$_printf_percent$$00000017  c_w.l(_printf_percent_end.o)
    0x0800016a   0x00000002   Code   RO         5347    .ARM.Collect$$libinit$$00000000  c_w.l(libinit.o)
    0x0800016c   0x00000000   Code   RO         5112    .ARM.Collect$$libinit$$00000002  c_w.l(libinit2.o)
    0x0800016c   0x00000000   Code   RO         5114    .ARM.Collect$$libinit$$00000004  c_w.l(libinit2.o)
    0x0800016c   0x00000008   Code   RO         5115    .ARM.Collect$$libinit$$00000005  c_w.l(libinit2.o)
    0x08000174   0x00000000   Code   RO         5117    .ARM.Collect$$libinit$$0000000A  c_w.l(libinit2.o)
    0x08000174   0x00000000   Code   RO         5119    .ARM.Collect$$libinit$$0000000C  c_w.l(libinit2.o)
    0x08000174   0x00000000   Code   RO         5121    .ARM.Collect$$libinit$$0000000E  c_w.l(libinit2.o)
    0x08000174   0x00000006   Code   RO         5122    .ARM.Collect$$libinit$$0000000F  c_w.l(libinit2.o)
    0x0800017a   0x00000000   Code   RO         5124    .ARM.Collect$$libinit$$00000011  c_w.l(libinit2.o)
    0x0800017a   0x00000000   Code   RO         5126    .ARM.Collect$$libinit$$00000013  c_w.l(libinit2.o)
    0x0800017a   0x00000000   Code   RO         5128    .ARM.Collect$$libinit$$00000015  c_w.l(libinit2.o)
    0x0800017a   0x0000000a   Code   RO         5129    .ARM.Collect$$libinit$$00000016  c_w.l(libinit2.o)
    0x08000184   0x00000000   Code   RO         5130    .ARM.Collect$$libinit$$00000017  c_w.l(libinit2.o)
    0x08000184   0x00000000   Code   RO         5132    .ARM.Collect$$libinit$$00000019  c_w.l(libinit2.o)
    0x08000184   0x00000000   Code   RO         5134    .ARM.Collect$$libinit$$0000001B  c_w.l(libinit2.o)
    0x08000184   0x00000000   Code   RO         5136    .ARM.Collect$$libinit$$0000001D  c_w.l(libinit2.o)
    0x08000184   0x00000000   Code   RO         5138    .ARM.Collect$$libinit$$0000001F  c_w.l(libinit2.o)
    0x08000184   0x00000000   Code   RO         5140    .ARM.Collect$$libinit$$00000021  c_w.l(libinit2.o)
    0x08000184   0x00000000   Code   RO         5142    .ARM.Collect$$libinit$$00000023  c_w.l(libinit2.o)
    0x08000184   0x00000000   Code   RO         5144    .ARM.Collect$$libinit$$00000025  c_w.l(libinit2.o)
    0x08000184   0x00000000   Code   RO         5148    .ARM.Collect$$libinit$$0000002C  c_w.l(libinit2.o)
    0x08000184   0x00000000   Code   RO         5150    .ARM.Collect$$libinit$$0000002E  c_w.l(libinit2.o)
    0x08000184   0x00000000   Code   RO         5152    .ARM.Collect$$libinit$$00000030  c_w.l(libinit2.o)
    0x08000184   0x00000004   Code   RO         5153    .ARM.Collect$$libinit$$00000031  c_w.l(libinit2.o)
    0x08000188   0x00000000   Code   RO         5154    .ARM.Collect$$libinit$$00000032  c_w.l(libinit2.o)
    0x08000188   0x00000002   Code   RO         5155    .ARM.Collect$$libinit$$00000033  c_w.l(libinit2.o)
    0x0800018a   0x00000002   Code   RO         5394    .ARM.Collect$$libshutdown$$00000000  c_w.l(libshutdown.o)
    0x0800018c   0x00000006   Code   RO         5274    .ARM.Collect$$libshutdown$$00000001  c_w.l(libshutdown2.o)
    0x08000192   0x00000000   Code   RO         5275    .ARM.Collect$$libshutdown$$00000002  c_w.l(libshutdown2.o)
    0x08000192   0x00000000   Code   RO         5277    .ARM.Collect$$libshutdown$$00000004  c_w.l(libshutdown2.o)
    0x08000192   0x00000000   Code   RO         5280    .ARM.Collect$$libshutdown$$00000007  c_w.l(libshutdown2.o)
    0x08000192   0x00000000   Code   RO         5283    .ARM.Collect$$libshutdown$$0000000A  c_w.l(libshutdown2.o)
    0x08000192   0x00000000   Code   RO         5285    .ARM.Collect$$libshutdown$$0000000C  c_w.l(libshutdown2.o)
    0x08000192   0x00000000   Code   RO         5288    .ARM.Collect$$libshutdown$$0000000F  c_w.l(libshutdown2.o)
    0x08000192   0x00000002   Code   RO         5289    .ARM.Collect$$libshutdown$$00000010  c_w.l(libshutdown2.o)
    0x08000194   0x00000000   Code   RO         4995    .ARM.Collect$$rtentry$$00000000  c_w.l(__rtentry.o)
    0x08000194   0x00000000   Code   RO         5186    .ARM.Collect$$rtentry$$00000002  c_w.l(__rtentry2.o)
    0x08000194   0x00000006   Code   RO         5198    .ARM.Collect$$rtentry$$00000004  c_w.l(__rtentry4.o)
    0x0800019a   0x00000000   Code   RO         5188    .ARM.Collect$$rtentry$$00000009  c_w.l(__rtentry2.o)
    0x0800019a   0x00000004   Code   RO         5189    .ARM.Collect$$rtentry$$0000000A  c_w.l(__rtentry2.o)
    0x0800019e   0x00000000   Code   RO         5191    .ARM.Collect$$rtentry$$0000000C  c_w.l(__rtentry2.o)
    0x0800019e   0x00000008   Code   RO         5192    .ARM.Collect$$rtentry$$0000000D  c_w.l(__rtentry2.o)
    0x080001a6   0x00000002   Code   RO         5356    .ARM.Collect$$rtexit$$00000000  c_w.l(rtexit.o)
    0x080001a8   0x00000000   Code   RO         5372    .ARM.Collect$$rtexit$$00000002  c_w.l(rtexit2.o)
    0x080001a8   0x00000004   Code   RO         5373    .ARM.Collect$$rtexit$$00000003  c_w.l(rtexit2.o)
    0x080001ac   0x00000006   Code   RO         5374    .ARM.Collect$$rtexit$$00000004  c_w.l(rtexit2.o)
    0x080001b2   0x00000002   PAD
    0x080001b4   0x00000000   Code   RO         5207    .emb_text           c_w.l(maybetermalloc1.o)
    0x080001b4   0x00000040   Code   RO           20    .text               startup_stm32f10x_md.o
    0x080001f4   0x000000b8   Code   RO         4714    .text               c_w.l(h1_realloc.o)
    0x080002ac   0x0000002c   Code   RO         4770    .text               c_w.l(__2sprintf.o)
    0x080002d8   0x00000188   Code   RO         4795    .text               c_w.l(__printf_flags_ss_wp.o)
    0x08000460   0x0000002e   Code   RO         4803    .text               c_w.l(aeabi_atexit.o)
    0x0800048e   0x0000003e   Code   RO         4806    .text               c_w.l(strlen.o)
    0x080004cc   0x0000008a   Code   RO         4808    .text               c_w.l(rt_memcpy_v6.o)
    0x08000556   0x0000004e   Code   RO         4810    .text               c_w.l(rt_memclr_w.o)
    0x080005a4   0x00000006   Code   RO         4812    .text               c_w.l(heapauxi.o)
    0x080005aa   0x00000002   PAD
    0x080005ac   0x00000024   Code   RO         4819    .text               c_w.l(init_aeabi.o)
    0x080005d0   0x00000008   Code   RO         4999    .text               c_w.l(rt_heap_descriptor_intlibspace.o)
    0x080005d8   0x00000008   Code   RO         5004    .text               c_w.l(rt_ddtor_pointer_addr_intlibspace.o)
    0x080005e0   0x00000004   Code   RO         5006    .text               c_w.l(hguard.o)
    0x080005e4   0x0000008a   Code   RO         5008    .text               c_w.l(init_alloc.o)
    0x0800066e   0x0000005e   Code   RO         5016    .text               c_w.l(h1_alloc.o)
    0x080006cc   0x0000004e   Code   RO         5018    .text               c_w.l(h1_free.o)
    0x0800071a   0x0000041a   Code   RO         5042    .text               c_w.l(_printf_fp_dec.o)
    0x08000b34   0x00000030   Code   RO         5044    .text               c_w.l(_printf_char_common.o)
    0x08000b64   0x0000000a   Code   RO         5046    .text               c_w.l(_sputc.o)
    0x08000b6e   0x00000042   Code   RO         5102    .text               c_w.l(cxa_finalize.o)
    0x08000bb0   0x0000000e   Code   RO         5105    .text               c_w.l(defsig_pvfn_outer.o)
    0x08000bbe   0x00000064   Code   RO         5109    .text               c_w.l(rt_memcpy_w.o)
    0x08000c22   0x00000002   PAD
    0x08000c24   0x00000008   Code   RO         5182    .text               c_w.l(libspace.o)
    0x08000c2c   0x00000008   Code   RO         5205    .text               c_w.l(rt_locale_intlibspace.o)
    0x08000c34   0x0000000e   Code   RO         5209    .text               c_w.l(h1_init.o)
    0x08000c42   0x00000034   Code   RO         5211    .text               c_w.l(h1_extend.o)
    0x08000c76   0x0000008a   Code   RO         5217    .text               c_w.l(lludiv10.o)
    0x08000d00   0x00000080   Code   RO         5221    .text               c_w.l(_printf_fp_infnan.o)
    0x08000d80   0x000000dc   Code   RO         5229    .text               c_w.l(bigflt0.o)
    0x08000e5c   0x0000000a   Code   RO         5259    .text               c_w.l(defsig_exit.o)
    0x08000e66   0x0000000e   Code   RO         5261    .text               c_w.l(defsig_rtmem_outer.o)
    0x08000e74   0x00000030   Code   RO         5265    .text               c_w.l(defsig_pvfn_inner.o)
    0x08000ea4   0x0000000c   Code   RO         5311    .text               c_w.l(sys_exit.o)
    0x08000eb0   0x0000004a   Code   RO         5313    .text               c_w.l(sys_stackheap_outer.o)
    0x08000efa   0x00000012   Code   RO         5326    .text               c_w.l(exit.o)
    0x08000f0c   0x00000032   Code   RO         5332    .text               c_w.l(defsig_general.o)
    0x08000f3e   0x00000002   PAD
    0x08000f40   0x00000050   Code   RO         5334    .text               c_w.l(defsig_rtmem_inner.o)
    0x08000f90   0x00000080   Code   RO         5336    .text               c_w.l(strcmpv7m.o)
    0x08001010   0x0000000e   Code   RO         5351    .text               c_w.l(sys_wrch.o)
    0x0800101e   0x00000002   Code   RO         5353    .text               c_w.l(use_no_semi.o)
    0x08001020   0x00000000   Code   RO         5355    .text               c_w.l(indicate_semi.o)
    0x08001020   0x0000003e   Code   RO         5232    CL$$btod_d2e        c_w.l(btod.o)
    0x0800105e   0x00000046   Code   RO         5234    CL$$btod_d2e_denorm_low  c_w.l(btod.o)
    0x080010a4   0x00000060   Code   RO         5233    CL$$btod_d2e_norm_op1  c_w.l(btod.o)
    0x08001104   0x00000338   Code   RO         5242    CL$$btod_div_common  c_w.l(btod.o)
    0x0800143c   0x000000c6   Code   RO         5239    CL$$btod_e2e        c_w.l(btod.o)
    0x08001502   0x00000028   Code   RO         5236    CL$$btod_ediv       c_w.l(btod.o)
    0x0800152a   0x00000028   Code   RO         5235    CL$$btod_emul       c_w.l(btod.o)
    0x08001552   0x00000244   Code   RO         5241    CL$$btod_mult_common  c_w.l(btod.o)
    0x08001796   0x00000016   Code   RO          956    i.ADC_Cmd           stm32f10x_adc.o
    0x080017ac   0x00000016   Code   RO          957    i.ADC_DMACmd        stm32f10x_adc.o
    0x080017c2   0x00000014   Code   RO          964    i.ADC_GetCalibrationStatus  stm32f10x_adc.o
    0x080017d6   0x00000014   Code   RO          970    i.ADC_GetResetCalibrationStatus  stm32f10x_adc.o
    0x080017ea   0x00000002   PAD
    0x080017ec   0x00000050   Code   RO          974    i.ADC_Init          stm32f10x_adc.o
    0x0800183c   0x000000b8   Code   RO          978    i.ADC_RegularChannelConfig  stm32f10x_adc.o
    0x080018f4   0x0000000a   Code   RO          979    i.ADC_ResetCalibration  stm32f10x_adc.o
    0x080018fe   0x00000016   Code   RO          981    i.ADC_SoftwareStartConvCmd  stm32f10x_adc.o
    0x08001914   0x0000000a   Code   RO          983    i.ADC_StartCalibration  stm32f10x_adc.o
    0x0800191e   0x00000018   Code   RO         1641    i.DMA_Cmd           stm32f10x_dma.o
    0x08001936   0x00000002   PAD
    0x08001938   0x0000014c   Code   RO         1642    i.DMA_DeInit        stm32f10x_dma.o
    0x08001a84   0x0000003c   Code   RO         1647    i.DMA_Init          stm32f10x_dma.o
    0x08001ac0   0x0000003c   Code   RO         4642    i.EXTI9_5_IRQHandler  interrupt.o
    0x08001afc   0x0000000c   Code   RO         1712    i.EXTI_ClearITPendingBit  stm32f10x_exti.o
    0x08001b08   0x00000028   Code   RO         1716    i.EXTI_GetITStatus  stm32f10x_exti.o
    0x08001b30   0x00000094   Code   RO         1717    i.EXTI_Init         stm32f10x_exti.o
    0x08001bc4   0x00000040   Code   RO         2062    i.GPIO_EXTILineConfig  stm32f10x_gpio.o
    0x08001c04   0x00000116   Code   RO         2065    i.GPIO_Init         stm32f10x_gpio.o
    0x08001d1a   0x00000002   PAD
    0x08001d1c   0x00000090   Code   RO         2067    i.GPIO_PinRemapConfig  stm32f10x_gpio.o
    0x08001dac   0x00000012   Code   RO         2069    i.GPIO_ReadInputDataBit  stm32f10x_gpio.o
    0x08001dbe   0x00000004   Code   RO         2072    i.GPIO_ResetBits    stm32f10x_gpio.o
    0x08001dc2   0x00000004   Code   RO         2073    i.GPIO_SetBits      stm32f10x_gpio.o
    0x08001dc6   0x00000002   PAD
    0x08001dc8   0x00000070   Code   RO          910    i.NVIC_Init         misc.o
    0x08001e38   0x00000014   Code   RO          911    i.NVIC_PriorityGroupConfig  misc.o
    0x08001e4c   0x00000018   Code   RO         2479    i.RCC_ADCCLKConfig  stm32f10x_rcc.o
    0x08001e64   0x00000020   Code   RO         2480    i.RCC_AHBPeriphClockCmd  stm32f10x_rcc.o
    0x08001e84   0x00000020   Code   RO         2481    i.RCC_APB1PeriphClockCmd  stm32f10x_rcc.o
    0x08001ea4   0x00000020   Code   RO         2483    i.RCC_APB2PeriphClockCmd  stm32f10x_rcc.o
    0x08001ec4   0x000000d4   Code   RO         2491    i.RCC_GetClocksFreq  stm32f10x_rcc.o
    0x08001f98   0x00000008   Code   RO           24    i.SetSysClock       system_stm32f10x.o
    0x08001fa0   0x000000e0   Code   RO           25    i.SetSysClockTo72   system_stm32f10x.o
    0x08002080   0x00000024   Code   RO         4513    i.SysTick_Handler   millisecondtimer.o
    0x080020a4   0x00000060   Code   RO           27    i.SystemInit        system_stm32f10x.o
    0x08002104   0x00000080   Code   RO         3099    i.TI1_Config        stm32f10x_tim.o
    0x08002184   0x00000098   Code   RO         3100    i.TI2_Config        stm32f10x_tim.o
    0x0800221c   0x00000090   Code   RO         3101    i.TI3_Config        stm32f10x_tim.o
    0x080022ac   0x00000098   Code   RO         3102    i.TI4_Config        stm32f10x_tim.o
    0x08002344   0x00000018   Code   RO         3103    i.TIM_ARRPreloadConfig  stm32f10x_tim.o
    0x0800235c   0x00000006   Code   RO         3109    i.TIM_ClearFlag     stm32f10x_tim.o
    0x08002362   0x00000018   Code   RO         3115    i.TIM_Cmd           stm32f10x_tim.o
    0x0800237a   0x0000001e   Code   RO         3117    i.TIM_CtrlPWMOutputs  stm32f10x_tim.o
    0x08002398   0x00000042   Code   RO         3124    i.TIM_EncoderInterfaceConfig  stm32f10x_tim.o
    0x080023da   0x00000006   Code   RO         3134    i.TIM_GetCounter    stm32f10x_tim.o
    0x080023e0   0x000000ac   Code   RO         3138    i.TIM_ICInit        stm32f10x_tim.o
    0x0800248c   0x00000012   Code   RO         3139    i.TIM_ICStructInit  stm32f10x_tim.o
    0x0800249e   0x00000012   Code   RO         3140    i.TIM_ITConfig      stm32f10x_tim.o
    0x080024b0   0x00000098   Code   RO         3144    i.TIM_OC1Init       stm32f10x_tim.o
    0x08002548   0x00000012   Code   RO         3147    i.TIM_OC1PreloadConfig  stm32f10x_tim.o
    0x0800255a   0x00000002   PAD
    0x0800255c   0x0000007c   Code   RO         3159    i.TIM_OC4Init       stm32f10x_tim.o
    0x080025d8   0x0000001a   Code   RO         3161    i.TIM_OC4PreloadConfig  stm32f10x_tim.o
    0x080025f2   0x00000004   Code   RO         3176    i.TIM_SetCompare1   stm32f10x_tim.o
    0x080025f6   0x00000006   Code   RO         3179    i.TIM_SetCompare4   stm32f10x_tim.o
    0x080025fc   0x00000004   Code   RO         3180    i.TIM_SetCounter    stm32f10x_tim.o
    0x08002600   0x00000012   Code   RO         3181    i.TIM_SetIC1Prescaler  stm32f10x_tim.o
    0x08002612   0x0000001a   Code   RO         3182    i.TIM_SetIC2Prescaler  stm32f10x_tim.o
    0x0800262c   0x00000012   Code   RO         3183    i.TIM_SetIC3Prescaler  stm32f10x_tim.o
    0x0800263e   0x0000001a   Code   RO         3184    i.TIM_SetIC4Prescaler  stm32f10x_tim.o
    0x08002658   0x000000a4   Code   RO         3186    i.TIM_TimeBaseInit  stm32f10x_tim.o
    0x080026fc   0x00000012   Code   RO         3187    i.TIM_TimeBaseStructInit  stm32f10x_tim.o
    0x0800270e   0x00000002   PAD
    0x08002710   0x00000010   Code   RO         4643    i.USART1_IRQHandler  interrupt.o
    0x08002720   0x00000010   Code   RO         4644    i.USART2_IRQHandler  interrupt.o
    0x08002730   0x0000001e   Code   RO         3648    i.USART_ClearITPendingBit  stm32f10x_usart.o
    0x0800274e   0x00000018   Code   RO         3651    i.USART_Cmd         stm32f10x_usart.o
    0x08002766   0x0000001a   Code   RO         3654    i.USART_GetFlagStatus  stm32f10x_usart.o
    0x08002780   0x00000054   Code   RO         3655    i.USART_GetITStatus  stm32f10x_usart.o
    0x080027d4   0x0000004a   Code   RO         3657    i.USART_ITConfig    stm32f10x_usart.o
    0x0800281e   0x00000002   PAD
    0x08002820   0x000000d8   Code   RO         3658    i.USART_Init        stm32f10x_usart.o
    0x080028f8   0x0000000a   Code   RO         3665    i.USART_ReceiveData  stm32f10x_usart.o
    0x08002902   0x00000008   Code   RO         3668    i.USART_SendData    stm32f10x_usart.o
    0x0800290a   0x00000002   PAD
    0x0800290c   0x00000040   Code   RO          137    i._Z16command_callbackRKN13geometry_msgs5TwistE  main.o
    0x0800294c   0x00000018   Code   RO         4682    i._ZN10RingBuffer10store_charEh  ringbuffer.o
    0x08002964   0x00000016   Code   RO         4683    i._ZN10RingBufferC1Ev  ringbuffer.o
    0x0800297a   0x0000000a   Code   RO          294    i._ZN13STM32Hardware4timeEv  main.o
    0x08002984   0x00000022   Code   RO          264    i._ZN13geometry_msgs5Twist11deserializeEPh  main.o
    0x080029a6   0x00000002   PAD
    0x080029a8   0x0000000c   Code   RO          438    i._ZN13geometry_msgs5Twist6getMD5Ev  main.o
    0x080029b4   0x0000000c   Code   RO          426    i._ZN13geometry_msgs5Twist7getTypeEv  main.o
    0x080029c0   0x000001dc   Code   RO          258    i._ZN13geometry_msgs7Vector311deserializeEPh  main.o
    0x08002b9c   0x0000000c   Code   RO          618    i._ZN13geometry_msgs7Vector36getMD5Ev  main.o
    0x08002ba8   0x0000000c   Code   RO          612    i._ZN13geometry_msgs7Vector37getTypeEv  main.o
    0x08002bb4   0x00000028   Code   RO          237    i._ZN13geometry_msgs7Vector3C1ERKS0_  main.o
    0x08002bdc   0x00000018   Code   RO          330    i._ZN13geometry_msgs7Vector3C1Ev  main.o
    0x08002bf4   0x0000000e   Code   RO          318    i._ZN13geometry_msgs7Vector3aSERKS0_  main.o
    0x08002c02   0x00000002   PAD
    0x08002c04   0x00000048   Code   RO         4571    i._ZN14HardwareSerial3irqEv  hardwareserial.o
    0x08002c4c   0x00000022   Code   RO         4572    i._ZN14HardwareSerial4readEv  hardwareserial.o
    0x08002c6e   0x00000002   PAD
    0x08002c70   0x00000130   Code   RO         4573    i._ZN14HardwareSerial5beginEj  hardwareserial.o
    0x08002da0   0x00000034   Code   RO         4576    i._ZN14HardwareSerial5writeEh  hardwareserial.o
    0x08002dd4   0x00000012   Code   RO         4578    i._ZN14HardwareSerial9availableEv  hardwareserial.o
    0x08002de6   0x00000002   PAD
    0x08002de8   0x00000044   Code   RO         4579    i._ZN14HardwareSerialC1E14Serial_TypeDef  hardwareserial.o
    0x08002e2c   0x00000002   Code   RO          321    i._ZN14HardwareSerialD1Ev  main.o
    0x08002e2e   0x00000144   Code   RO          197    i._ZN14rosserial_msgs20RequestParamResponse11deserializeEPh  main.o
    0x08002f72   0x00000002   PAD
    0x08002f74   0x0000000c   Code   RO          534    i._ZN14rosserial_msgs20RequestParamResponse6getMD5Ev  main.o
    0x08002f80   0x0000000c   Code   RO          528    i._ZN14rosserial_msgs20RequestParamResponse7getTypeEv  main.o
    0x08002f8c   0x0000000c   Code   RO          516    i._ZN14rosserial_msgs3Log6getMD5Ev  main.o
    0x08002f98   0x0000000c   Code   RO          510    i._ZN14rosserial_msgs3Log7getTypeEv  main.o
    0x08002fa4   0x0000000c   Code   RO          492    i._ZN14rosserial_msgs9TopicInfo6getMD5Ev  main.o
    0x08002fb0   0x0000000c   Code   RO          486    i._ZN14rosserial_msgs9TopicInfo7getTypeEv  main.o
    0x08002fbc   0x00000104   Code   RO         4393    i._ZN3PID10computeLocEff  pid.o
    0x080030c0   0x00000012   Code   RO         4394    i._ZN3PID10initializeEfffff  pid.o
    0x080030d2   0x00000002   PAD
    0x080030d4   0x00000024   Code   RO         4480    i._ZN3ros16normalizeSecNSecERmS0_  time.o
    0x080030f8   0x0000000c   Code   RO          315    i._ZN3ros3MsgC2ERKS0_  main.o
    0x08003104   0x0000000c   Code   RO          300    i._ZN3ros3MsgC2Ev   main.o
    0x08003110   0x00000014   Code   RO          230    i._ZN3ros9Publisher7publishEPKNS_3MsgE  main.o
    0x08003124   0x00000008   Code   RO          336    i._ZN3ros9PublisherC1EPKcPNS_3MsgEi  main.o
    0x0800312c   0x00000044   Code   RO         3882    i._ZN4Gpio10initializeEjP12GPIO_TypeDeft16GPIOMode_TypeDef17GPIOSpeed_TypeDef  gpio.o
    0x08003170   0x00000008   Code   RO         4325    i._ZN4Gpio3lowEv    roscar.o
    0x08003178   0x00000008   Code   RO         4438    i._ZN4Gpio4highEv   wheel.o
    0x08003180   0x0000002e   Code   RO          181    i._ZN4Gpio6invertEv  main.o
    0x080031ae   0x00000002   PAD
    0x080031b0   0x00000038   Code   RO         3883    i._ZN4GpioC1E10PORT_INDEXt16GPIOMode_TypeDef17GPIOSpeed_TypeDef  gpio.o
    0x080031e8   0x00000170   Code   RO         4423    i._ZN5Wheel10initializeEhtt  wheel.o
    0x08003358   0x0000006c   Code   RO         4424    i._ZN5Wheel6setPWMEs  wheel.o
    0x080033c4   0x00000014   Code   RO          327    i._ZN5WheelC1Ev     main.o
    0x080033d8   0x00000014   Code   RO          348    i._ZN5WheelD1Ev     main.o
    0x080033ec   0x0000021c   Code   RO         4291    i._ZN6Roscar10controlCarEv  roscar.o
    0x08003608   0x0000003e   Code   RO         4292    i._ZN6Roscar10getImuInfoEv  roscar.o
    0x08003646   0x00000002   PAD
    0x08003648   0x00000194   Code   RO         4293    i._ZN6Roscar10initializeEv  roscar.o
    0x080037dc   0x0000000e   Code   RO         4294    i._ZN6Roscar11getBatPowerEv  roscar.o
    0x080037ea   0x00000002   PAD
    0x080037ec   0x00000094   Code   RO         4295    i._ZN6Roscar13dispDebugInfoEPc  roscar.o
    0x08003880   0x0000000a   Code   RO          282    i._ZN6Roscar18setExpectLineSpeedEd  main.o
    0x0800388a   0x0000000a   Code   RO          288    i._ZN6Roscar19setExpectAngleSpeedEd  main.o
    0x08003894   0x0000000e   Code   RO          276    i._ZN6Roscar7cmdWarnEv  main.o
    0x080038a2   0x0000003a   Code   RO          333    i._ZN6RoscarD1Ev    main.o
    0x080038dc   0x0000011c   Code   RO         4118    i._ZN7Battery10initializeEfff  battery.o
    0x080039f8   0x000000e8   Code   RO         4121    i._ZN7Battery8get_voltEv  battery.o
    0x08003ae0   0x00000002   Code   RO         4122    i._ZN7BatteryC1Ev   battery.o
    0x08003ae2   0x00000036   Code   RO         4165    i._ZN7Encoder10getEncoderEv  encoder.o
    0x08003b18   0x00000150   Code   RO         4166    i._ZN7Encoder10initializeEh  encoder.o
    0x08003c68   0x00000080   Code   RO         4167    i._ZN7Encoder3irqEh  encoder.o
    0x08003ce8   0x000000b2   Code   RO         4190    i._ZN7Mpu605012getAccAllValEPfh  mpu6050.o
    0x08003d9a   0x000000d6   Code   RO         4191    i._ZN7Mpu605012mpu6050_initEv  mpu6050.o
    0x08003e70   0x00000128   Code   RO         4192    i._ZN7Mpu605013getGyroAllValEPfh  mpu6050.o
    0x08003f98   0x00000052   Code   RO         4194    i._ZN7Mpu605013readAccSourceEv  mpu6050.o
    0x08003fea   0x00000050   Code   RO         4195    i._ZN7Mpu605014readGyroSourceEv  mpu6050.o
    0x0800403a   0x00000010   Code   RO         4198    i._ZN7Mpu605014setOrientationEaaa  mpu6050.o
    0x0800404a   0x00000036   Code   RO         4201    i._ZN7Mpu605017write_to_registerEihh  mpu6050.o
    0x08004080   0x00000056   Code   RO         4204    i._ZN7Mpu6050C1Ehh  mpu6050.o
    0x080040d6   0x00000032   Code   RO         3917    i._ZN7TwoWire11i2c_get_ackEv  wire.o
    0x08004108   0x0000001e   Code   RO         3918    i._ZN7TwoWire12i2c_send_ackEv  wire.o
    0x08004126   0x0000003c   Code   RO         3919    i._ZN7TwoWire12i2c_shift_inEv  wire.o
    0x08004162   0x0000001e   Code   RO         3920    i._ZN7TwoWire13i2c_send_nackEv  wire.o
    0x08004180   0x0000003c   Code   RO         3921    i._ZN7TwoWire13i2c_shift_outEh  wire.o
    0x080041bc   0x0000006c   Code   RO         3922    i._ZN7TwoWire5beginEh  wire.o
    0x08004228   0x000000aa   Code   RO         3923    i._ZN7TwoWire7processEv  wire.o
    0x080042d2   0x00000002   PAD
    0x080042d4   0x00000038   Code   RO         3924    i._ZN7TwoWire7set_sclEb  wire.o
    0x0800430c   0x00000038   Code   RO         3925    i._ZN7TwoWire7set_sdaEb  wire.o
    0x08004344   0x0000001e   Code   RO         3926    i._ZN7TwoWire8i2c_stopEv  wire.o
    0x08004362   0x00000002   PAD
    0x08004364   0x0000001c   Code   RO         3927    i._ZN7TwoWire8sda_readEv  wire.o
    0x08004380   0x00000016   Code   RO         3928    i._ZN7TwoWire9i2c_startEv  wire.o
    0x08004396   0x00000002   PAD
    0x08004398   0x00000018   Code   RO         3929    i._ZN7TwoWireC1Eh   wire.o
    0x080043b0   0x00000008   Code   RO         3930    i._ZN7TwoWireD1Ev   wire.o
    0x080043b8   0x00000040   Code   RO         4028    i._ZN8WireBase11requestFromEhi  wirebase.o
    0x080043f8   0x00000014   Code   RO         4029    i._ZN8WireBase11requestFromEii  wirebase.o
    0x0800440c   0x00000026   Code   RO         4030    i._ZN8WireBase15endTransmissionEv  wirebase.o
    0x08004432   0x00000016   Code   RO         4031    i._ZN8WireBase17beginTransmissionEh  wirebase.o
    0x08004448   0x00000010   Code   RO         4032    i._ZN8WireBase17beginTransmissionEi  wirebase.o
    0x08004458   0x00000054   Code   RO         4033    i._ZN8WireBase4readEv  wirebase.o
    0x080044ac   0x0000002c   Code   RO         4038    i._ZN8WireBase5writeEh  wirebase.o
    0x080044d8   0x00000010   Code   RO         4039    i._ZN8WireBase5writeEi  wirebase.o
    0x080044e8   0x00000010   Code   RO         4040    i._ZN8WireBase9availableEv  wirebase.o
    0x080044f8   0x0000005c   Code   RO          203    i._ZN8std_msgs4Time11deserializeEPh  main.o
    0x08004554   0x0000000c   Code   RO          468    i._ZN8std_msgs4Time6getMD5Ev  main.o
    0x08004560   0x0000000c   Code   RO          462    i._ZN8std_msgs4Time7getTypeEv  main.o
    0x0800456c   0x00000024   Code   RO          187    i._ZN8std_msgs4TimeC1Ev  main.o
    0x08004590   0x0000000c   Code   RO          558    i._ZN9riki_msgs10Velocities6getMD5Ev  main.o
    0x0800459c   0x0000000c   Code   RO          552    i._ZN9riki_msgs10Velocities7getTypeEv  main.o
    0x080045a8   0x0000000c   Code   RO          582    i._ZN9riki_msgs3Imu6getMD5Ev  main.o
    0x080045b4   0x0000000c   Code   RO          576    i._ZN9riki_msgs3Imu7getTypeEv  main.o
    0x080045c0   0x00000058   Code   RO          246    i._ZN9riki_msgs3ImuC1Ev  main.o
    0x08004618   0x0000000c   Code   RO          606    i._ZN9riki_msgs7Battery6getMD5Ev  main.o
    0x08004624   0x0000000c   Code   RO          600    i._ZN9riki_msgs7Battery7getTypeEv  main.o
    0x08004630   0x00000022   Code   RO          624    i._ZNK13geometry_msgs5Twist9serializeEPh  main.o
    0x08004652   0x000001ac   Code   RO          270    i._ZNK13geometry_msgs7Vector39serializeEPh  main.o
    0x080047fe   0x000000fe   Code   RO          522    i._ZNK14rosserial_msgs20RequestParamResponse9serializeEPh  main.o
    0x080048fc   0x00000030   Code   RO          498    i._ZNK14rosserial_msgs3Log9serializeEPh  main.o
    0x0800492c   0x00000092   Code   RO          474    i._ZNK14rosserial_msgs9TopicInfo9serializeEPh  main.o
    0x080049be   0x00000044   Code   RO          456    i._ZNK8std_msgs4Time9serializeEPh  main.o
    0x08004a02   0x0000006e   Code   RO          540    i._ZNK9riki_msgs10Velocities9serializeEPh  main.o
    0x08004a70   0x0000002e   Code   RO          564    i._ZNK9riki_msgs3Imu9serializeEPh  main.o
    0x08004a9e   0x0000002a   Code   RO          588    i._ZNK9riki_msgs7Battery9serializeEPh  main.o
    0x08004ac8   0x00000028   Code   RO         5307    i.__ARM_fpclassify  m_ws.l(fpclassify.o)
    0x08004af0   0x00000006   Code   RO         4822    i.__cxa_pure_virtual  cpprt_w.l(pure_virt.o)
    0x08004af6   0x00000002   PAD
    0x08004af8   0x00000130   Code   RO          138    i.__sti___8_main_cpp_Serial  main.o
    0x08004c28   0x0000000e   Code   RO         4788    i._is_digit         c_w.l(__printf_wp.o)
    0x08004c36   0x00000002   PAD
    0x08004c38   0x00000018   Code   RO         4514    i.delay             millisecondtimer.o
    0x08004c50   0x0000006c   Code   RO         4516    i.initialise        millisecondtimer.o
    0x08004cbc   0x00000280   Code   RO          139    i.main              main.o
    0x08004f3c   0x0000000c   Code   RO         4517    i.millis            millisecondtimer.o
    0x08004f48   0x0000002c   Code   RO         5257    locale$$code        c_w.l(lc_numeric_c.o)
    0x08004f74   0x0000000c   Code   RO          432    t._ZN3ros10SubscriberIN13geometry_msgs5TwistEE10getMsgTypeEv  main.o
    0x08004f80   0x00000006   Code   RO          450    t._ZN3ros10SubscriberIN13geometry_msgs5TwistEE15getEndpointTypeEv  main.o
    0x08004f86   0x0000001a   Code   RO          420    t._ZN3ros10SubscriberIN13geometry_msgs5TwistEE8callbackEPh  main.o
    0x08004fa0   0x0000000c   Code   RO          444    t._ZN3ros10SubscriberIN13geometry_msgs5TwistEE9getMsgMD5Ev  main.o
    0x08004fac   0x00000050   Code   RO          342    t._ZN3ros10SubscriberIN13geometry_msgs5TwistEEC1EPKcPFvRKS2_Ei  main.o
    0x08004ffc   0x00000124   Code   RO          209    t._ZN3ros11NodeHandle_I13STM32HardwareLi25ELi25ELi1024ELi1024EE15negotiateTopicsEv  main.o
    0x08005120   0x00000020   Code   RO          190    t._ZN3ros11NodeHandle_I13STM32HardwareLi25ELi25ELi1024ELi1024EE15requestSyncTimeEv  main.o
    0x08005140   0x00000030   Code   RO          223    t._ZN3ros11NodeHandle_I13STM32HardwareLi25ELi25ELi1024ELi1024EE3logEcPKc  main.o
    0x08005170   0x00000012   Code   RO          309    t._ZN3ros11NodeHandle_I13STM32HardwareLi25ELi25ELi1024ELi1024EE7loginfoEPKc  main.o
    0x08005182   0x00000002   PAD
    0x08005184   0x000000ec   Code   RO          413    t._ZN3ros11NodeHandle_I13STM32HardwareLi25ELi25ELi1024ELi1024EE7publishEiPKNS_3MsgE  main.o
    0x08005270   0x00000282   Code   RO          216    t._ZN3ros11NodeHandle_I13STM32HardwareLi25ELi25ELi1024ELi1024EE8spinOnceEv  main.o
    0x080054f2   0x00000002   PAD
    0x080054f4   0x000000a0   Code   RO          303    t._ZN3ros11NodeHandle_I13STM32HardwareLi25ELi25ELi1024ELi1024EE8syncTimeEPh  main.o
    0x08005594   0x00000030   Code   RO          240    t._ZN3ros11NodeHandle_I13STM32HardwareLi25ELi25ELi1024ELi1024EE9advertiseERNS_9PublisherE  main.o
    0x080055c4   0x000000bc   Code   RO          252    t._ZN3ros11NodeHandle_I13STM32HardwareLi25ELi25ELi1024ELi1024EEC1Ev  main.o
    0x08005680   0x00000062   Code   RO         4931    x$fpl$d2f           fz_ws.l(d2f.o)
    0x080056e2   0x00000002   PAD
    0x080056e4   0x00000150   Code   RO         4933    x$fpl$dadd          fz_ws.l(daddsub_clz.o)
    0x08005834   0x00000018   Code   RO         5169    x$fpl$dcmpinf       fz_ws.l(dcmpi.o)
    0x0800584c   0x000002b0   Code   RO         4940    x$fpl$ddiv          fz_ws.l(ddiv.o)
    0x08005afc   0x00000078   Code   RO         4943    x$fpl$deqf          fz_ws.l(deqf.o)
    0x08005b74   0x0000005e   Code   RO         4945    x$fpl$dfix          fz_ws.l(dfix.o)
    0x08005bd2   0x0000002e   Code   RO         4950    x$fpl$dflt          fz_ws.l(dflt_clz.o)
    0x08005c00   0x00000026   Code   RO         4949    x$fpl$dfltu         fz_ws.l(dflt_clz.o)
    0x08005c26   0x00000002   PAD
    0x08005c28   0x00000078   Code   RO         4955    x$fpl$dleqf         fz_ws.l(dleqf.o)
    0x08005ca0   0x00000154   Code   RO         4957    x$fpl$dmul          fz_ws.l(dmul.o)
    0x08005df4   0x0000009c   Code   RO         5171    x$fpl$dnaninf       fz_ws.l(dnaninf.o)
    0x08005e90   0x0000000c   Code   RO         5173    x$fpl$dretinf       fz_ws.l(dretinf.o)
    0x08005e9c   0x0000006c   Code   RO         4959    x$fpl$drleqf        fz_ws.l(drleqf.o)
    0x08005f08   0x000001d4   Code   RO         4935    x$fpl$dsub          fz_ws.l(daddsub_clz.o)
    0x080060dc   0x00000056   Code   RO         4961    x$fpl$f2d           fz_ws.l(f2d.o)
    0x08006132   0x00000002   PAD
    0x08006134   0x000000c4   Code   RO         4963    x$fpl$fadd          fz_ws.l(faddsub_clz.o)
    0x080061f8   0x00000018   Code   RO         5175    x$fpl$fcmpinf       fz_ws.l(fcmpi.o)
    0x08006210   0x00000184   Code   RO         4970    x$fpl$fdiv          fz_ws.l(fdiv.o)
    0x08006394   0x00000068   Code   RO         4973    x$fpl$feqf          fz_ws.l(feqf.o)
    0x080063fc   0x00000030   Code   RO         4980    x$fpl$fflt          fz_ws.l(fflt_clz.o)
    0x0800642c   0x00000026   Code   RO         4979    x$fpl$ffltu         fz_ws.l(fflt_clz.o)
    0x08006452   0x00000002   PAD
    0x08006454   0x00000068   Code   RO         4985    x$fpl$fleqf         fz_ws.l(fleqf.o)
    0x080064bc   0x0000008c   Code   RO         5177    x$fpl$fnaninf       fz_ws.l(fnaninf.o)
    0x08006548   0x0000000a   Code   RO         5179    x$fpl$fretinf       fz_ws.l(fretinf.o)
    0x08006552   0x00000002   PAD
    0x08006554   0x000000ea   Code   RO         4965    x$fpl$fsub          fz_ws.l(faddsub_clz.o)
    0x0800663e   0x00000004   Code   RO         4991    x$fpl$printf1       fz_ws.l(printf1.o)
    0x08006642   0x00000000   Code   RO         5181    x$fpl$usenofp       fz_ws.l(usenofp.o)
    0x08006642   0x0000001c   Data   RO          144    .constdata          main.o
    0x0800665e   0x00000002   PAD
    0x08006660   0x0000000c   Data   RO         4301    .constdata          roscar.o
    0x0800666c   0x00000030   Data   RO         4589    .constdata          hardwareserial.o
    0x0800669c   0x00000011   Data   RO         4796    .constdata          c_w.l(__printf_flags_ss_wp.o)
    0x080066ad   0x00000003   PAD
    0x080066b0   0x00000094   Data   RO         5230    .constdata          c_w.l(bigflt0.o)
    0x08006744   0x00000010   Data   RO         4005    .constdata__ZTV7TwoWire  wire.o
    0x08006754   0x00000010   Data   RO         4112    .constdata__ZTV8WireBase  wirebase.o
    0x08006764   0x00000018   Data   RO          370    .constdata__ZTVN13geometry_msgs5TwistE  main.o
    0x0800677c   0x00000018   Data   RO          368    .constdata__ZTVN13geometry_msgs7Vector3E  main.o
    0x08006794   0x00000018   Data   RO          360    .constdata__ZTVN14rosserial_msgs20RequestParamResponseE  main.o
    0x080067ac   0x00000018   Data   RO          358    .constdata__ZTVN14rosserial_msgs3LogE  main.o
    0x080067c4   0x00000018   Data   RO          356    .constdata__ZTVN14rosserial_msgs9TopicInfoE  main.o
    0x080067dc   0x00000018   Data   RO          378    .constdata__ZTVN3ros10SubscriberIN13geometry_msgs5TwistEEE  main.o
    0x080067f4   0x00000014   Data   RO          376    .constdata__ZTVN3ros11NodeHandle_I13STM32HardwareLi25ELi25ELi1024ELi1024EEE  main.o
    0x08006808   0x00000018   Data   RO          364    .constdata__ZTVN3ros11Subscriber_E  main.o
    0x08006820   0x00000014   Data   RO          362    .constdata__ZTVN3ros15NodeHandleBase_E  main.o
    0x08006834   0x00000018   Data   RO          352    .constdata__ZTVN3ros3MsgE  main.o
    0x0800684c   0x00000018   Data   RO          354    .constdata__ZTVN8std_msgs4TimeE  main.o
    0x08006864   0x00000018   Data   RO          366    .constdata__ZTVN9riki_msgs10VelocitiesE  main.o
    0x0800687c   0x00000018   Data   RO          372    .constdata__ZTVN9riki_msgs3ImuE  main.o
    0x08006894   0x00000018   Data   RO          374    .constdata__ZTVN9riki_msgs7BatteryE  main.o
    0x080068ac   0x00000021   Data   RO          175    .constdata__ZZN13geometry_msgs5Twist6getMD5EvEs  main.o
    0x080068cd   0x00000014   Data   RO          174    .constdata__ZZN13geometry_msgs5Twist7getTypeEvEs  main.o
    0x080068e1   0x00000021   Data   RO          173    .constdata__ZZN13geometry_msgs7Vector36getMD5EvEs  main.o
    0x08006902   0x00000016   Data   RO          172    .constdata__ZZN13geometry_msgs7Vector37getTypeEvEs  main.o
    0x08006918   0x00000021   Data   RO          169    .constdata__ZZN14rosserial_msgs20RequestParamResponse6getMD5EvEs  main.o
    0x08006939   0x00000021   Data   RO          168    .constdata__ZZN14rosserial_msgs3Log6getMD5EvEs  main.o
    0x0800695a   0x00000013   Data   RO          167    .constdata__ZZN14rosserial_msgs3Log7getTypeEvEs  main.o
    0x0800696d   0x00000021   Data   RO          166    .constdata__ZZN14rosserial_msgs9TopicInfo6getMD5EvEs  main.o
    0x0800698e   0x00000019   Data   RO          165    .constdata__ZZN14rosserial_msgs9TopicInfo7getTypeEvEs  main.o
    0x080069a7   0x00000039   Data   RO          180    .constdata__ZZN3ros11NodeHandle_I13STM32HardwareLi25ELi25ELi1024ELi1024EE7publishEiPKNS_3MsgEEs  main.o
    0x080069e0   0x00000021   Data   RO          164    .constdata__ZZN8std_msgs4Time6getMD5EvEs  main.o
    0x08006a01   0x0000000e   Data   RO          163    .constdata__ZZN8std_msgs4Time7getTypeEvEs  main.o
    0x08006a0f   0x00000021   Data   RO          171    .constdata__ZZN9riki_msgs10Velocities6getMD5EvEs  main.o
    0x08006a30   0x00000015   Data   RO          170    .constdata__ZZN9riki_msgs10Velocities7getTypeEvEs  main.o
    0x08006a45   0x00000021   Data   RO          177    .constdata__ZZN9riki_msgs3Imu6getMD5EvEs  main.o
    0x08006a66   0x0000000e   Data   RO          176    .constdata__ZZN9riki_msgs3Imu7getTypeEvEs  main.o
    0x08006a74   0x00000021   Data   RO          179    .constdata__ZZN9riki_msgs7Battery6getMD5EvEs  main.o
    0x08006a95   0x00000012   Data   RO          178    .constdata__ZZN9riki_msgs7Battery7getTypeEvEs  main.o
    0x08006aa7   0x00000001   PAD
    0x08006aa8   0x00000020   Data   RO         5395    Region$$Table       anon$$obj.o
    0x08006ac8   0x0000001c   Data   RO         5256    locale$$data        c_w.l(lc_numeric_c.o)
    0x08006ae4   0x00000004   Data   RO          146    .init_array         main.o
    0x08006ae8   0x00000000   Data   RO         4817    .init_array         c_w.l(init_aeabi.o)


    Execution Region RW_IRAM1 (Base: 0x20000000, Size: 0x00002d20, Max: 0x00005000, ABSOLUTE)

    Base Addr    Size         Type   Attr      Idx    E Section Name        Object

    0x20000000   0x00000014   Data   RW           28    .data               system_stm32f10x.o
    0x20000014   0x00000008   Data   RW          145    .data               main.o
    0x2000001c   0x00000014   Data   RW         2511    .data               stm32f10x_rcc.o
    0x20000030   0x00000038   Data   RW         3889    .data               gpio.o
    0x20000068   0x00000004   Data   RW         4520    .data               millisecondtimer.o
    0x2000006c   0x00000018   Data   RW         4590    .data               hardwareserial.o
    0x20000084   0x0000000c   Data   RW         4648    .data               interrupt.o
    0x20000090   0x00000c30   Zero   RW          143    .bss                main.o
    0x20000cc0   0x00000060   Zero   RW         5183    .bss                c_w.l(libspace.o)
    0x20000d20   0x00001000   Zero   RW           18    HEAP                startup_stm32f10x_md.o
    0x20001d20   0x00001000   Zero   RW           17    STACK               startup_stm32f10x_md.o


==============================================================================

Image component sizes


      Code (inc. data)   RO Data    RW Data    ZI Data      Debug   Object Name

       518         44          0          0          0       1948   battery.o
         0          0          0          0          0       4540   core_cm3.o
       518          4          0          0          0       2236   encoder.o
       124          4          0         56          0       3542   gpio.o
       548         54         48         24          0       4907   hardwareserial.o
        92         12          0         12          0       5449   interrupt.o
      5570        372        867          8       3120     336293   main.o
       180         38          0          4          0      17562   millisecondtimer.o
       132         22          0          0          0       1431   misc.o
      1006         28          0          0          0       4968   mpu6050.o
       278          0          0          0          0       1416   pid.o
        46          0          0          0          0       2676   ringbuffer.o
      1176        128         12          0          0      16492   roscar.o
        64         26        236          0       8192        788   startup_stm32f10x_md.o
       390         10          0          0          0       7085   stm32f10x_adc.o
       416          8          0          0          0       3286   stm32f10x_dma.o
       200         18          0          0          0       1972   stm32f10x_exti.o
       512         10          0          0          0       4888   stm32f10x_gpio.o
       332         44          0         20          0       5345   stm32f10x_rcc.o
      1544        180          0          0          0      15722   stm32f10x_tim.o
       472          6          0          0          0       6519   stm32f10x_usart.o
       328         28          0         20          0     269833   system_stm32f10x.o
        36          6          0          0          0        548   time.o
       484         12          0          0          0       2068   wheel.o
       732         32         16          0          0      10080   wire.o
       320          0         16          0          0       4764   wirebase.o

    ----------------------------------------------------------------------
     16062       1086       1230        144      11312     736358   Object Totals
         0          0         32          0          0          0   (incl. Generated)
        44          0          3          0          0          0   (incl. Padding)

    ----------------------------------------------------------------------

      Code (inc. data)   RO Data    RW Data    ZI Data      Debug   Library Member Name

        44          6          0          0          0         84   __2sprintf.o
         8          0          0          0          0         68   __main.o
       392          4         17          0          0         92   __printf_flags_ss_wp.o
        14          0          0          0          0         68   __printf_wp.o
         0          0          0          0          0          0   __rtentry.o
        12          0          0          0          0          0   __rtentry2.o
         6          0          0          0          0          0   __rtentry4.o
        52          8          0          0          0          0   __scatter.o
        26          0          0          0          0          0   __scatter_copy.o
        28          0          0          0          0          0   __scatter_zi.o
        48          6          0          0          0         96   _printf_char_common.o
         6          0          0          0          0          0   _printf_f.o
      1050          0          0          0          0        216   _printf_fp_dec.o
       128         16          0          0          0         84   _printf_fp_infnan.o
         0          0          0          0          0          0   _printf_percent.o
         4          0          0          0          0          0   _printf_percent_end.o
        10          0          0          0          0         68   _sputc.o
        46          0          0          0          0         84   aeabi_atexit.o
       220          4        148          0          0         96   bigflt0.o
      1910        128          0          0          0        672   btod.o
        66          0          0          0          0         84   cxa_finalize.o
        10          0          0          0          0         68   defsig_exit.o
        50          0          0          0          0         88   defsig_general.o
        48         34          0          0          0         76   defsig_pvfn_inner.o
        14          0          0          0          0         80   defsig_pvfn_outer.o
        80         58          0          0          0         76   defsig_rtmem_inner.o
        14          0          0          0          0         80   defsig_rtmem_outer.o
        18          0          0          0          0         80   exit.o
        94          0          0          0          0         80   h1_alloc.o
        52          0          0          0          0         68   h1_extend.o
        78          0          0          0          0         80   h1_free.o
        14          0          0          0          0         84   h1_init.o
       184          0          0          0          0         92   h1_realloc.o
         6          0          0          0          0        152   heapauxi.o
         4          0          0          0          0        136   hguard.o
         0          0          0          0          0          0   indicate_semi.o
        36         10          0          0          0         80   init_aeabi.o
       138          0          0          0          0        168   init_alloc.o
        44         10         28          0          0         76   lc_numeric_c.o
         2          0          0          0          0          0   libinit.o
        30          0          0          0          0          0   libinit2.o
         2          0          0          0          0          0   libshutdown.o
         8          0          0          0          0          0   libshutdown2.o
         8          4          0          0         96         68   libspace.o
       138          0          0          0          0         80   lludiv10.o
         0          0          0          0          0          0   maybetermalloc1.o
         8          4          0          0          0         68   rt_ddtor_pointer_addr_intlibspace.o
         8          4          0          0          0         68   rt_heap_descriptor_intlibspace.o
         8          4          0          0          0         68   rt_locale_intlibspace.o
        78          0          0          0          0         80   rt_memclr_w.o
       138          0          0          0          0         68   rt_memcpy_v6.o
       100          0          0          0          0         80   rt_memcpy_w.o
         2          0          0          0          0          0   rtexit.o
        10          0          0          0          0          0   rtexit2.o
       128          0          0          0          0         68   strcmpv7m.o
        62          0          0          0          0         76   strlen.o
        12          4          0          0          0         68   sys_exit.o
        74          0          0          0          0         80   sys_stackheap_outer.o
        14          0          0          0          0         76   sys_wrch.o
         2          0          0          0          0         68   use_no_semi.o
         6          0          0          0          0         68   pure_virt.o
        98          4          0          0          0         92   d2f.o
       804         16          0          0          0        272   daddsub_clz.o
        24          0          0          0          0         68   dcmpi.o
       688        140          0          0          0        208   ddiv.o
       120          4          0          0          0         92   deqf.o
        94          4          0          0          0         92   dfix.o
        84          0          0          0          0        136   dflt_clz.o
       120          4          0          0          0         92   dleqf.o
       340         12          0          0          0        104   dmul.o
       156          4          0          0          0         92   dnaninf.o
        12          0          0          0          0         68   dretinf.o
       108          0          0          0          0         80   drleqf.o
        86          4          0          0          0         84   f2d.o
       430          8          0          0          0        168   faddsub_clz.o
        24          0          0          0          0         68   fcmpi.o
       388         76          0          0          0         96   fdiv.o
       104          4          0          0          0         84   feqf.o
        86          0          0          0          0        136   fflt_clz.o
       104          4          0          0          0         84   fleqf.o
       140          4          0          0          0         84   fnaninf.o
        10          0          0          0          0         68   fretinf.o
         4          0          0          0          0         68   printf1.o
         0          0          0          0          0          0   usenofp.o
        40          0          0          0          0         68   fpclassify.o

    ----------------------------------------------------------------------
      9880        592        196          0         96       6764   Library Totals
        24          0          3          0          0          0   (incl. Padding)

    ----------------------------------------------------------------------

      Code (inc. data)   RO Data    RW Data    ZI Data      Debug   Library Name

      5786        304        193          0         96       4292   c_w.l
         6          0          0          0          0         68   cpprt_w.l
      4024        288          0          0          0       2336   fz_ws.l
        40          0          0          0          0         68   m_ws.l

    ----------------------------------------------------------------------
      9880        592        196          0         96       6764   Library Totals

    ----------------------------------------------------------------------

==============================================================================


      Code (inc. data)   RO Data    RW Data    ZI Data      Debug   

     25942       1678       1426        144      11408     729130   Grand Totals
     25942       1678       1426        144      11408     729130   ELF Image Totals
     25942       1678       1426        144          0          0   ROM Totals

==============================================================================

    Total RO  Size (Code + RO Data)                27368 (  26.73kB)
    Total RW  Size (RW Data + ZI Data)             11552 (  11.28kB)
    Total ROM Size (Code + RO Data + RW Data)      27512 (  26.87kB)

==============================================================================

