Component: ARM Compiler 5.06 update 2 (build 183) Tool: armlink [4d35b7]

==============================================================================

Section Cross References

    startup_stm32f10x_md.o(STACK) refers (Special) to heapauxi.o(.text) for __use_two_region_memory
    startup_stm32f10x_md.o(HEAP) refers (Special) to heapauxi.o(.text) for __use_two_region_memory
    startup_stm32f10x_md.o(RESET) refers (Special) to heapauxi.o(.text) for __use_two_region_memory
    startup_stm32f10x_md.o(RESET) refers to startup_stm32f10x_md.o(STACK) for __initial_sp
    startup_stm32f10x_md.o(RESET) refers to startup_stm32f10x_md.o(.text) for Reset_Handler
    startup_stm32f10x_md.o(RESET) refers to millisecondtimer.o(i.SysTick_Handler) for SysTick_Handler
    startup_stm32f10x_md.o(RESET) refers to interrupt.o(i.USART1_IRQHandler) for USART1_IRQHandler
    startup_stm32f10x_md.o(RESET) refers to interrupt.o(i.USART2_IRQHandler) for USART2_IRQHandler
    startup_stm32f10x_md.o(.text) refers (Special) to heapauxi.o(.text) for __use_two_region_memory
    startup_stm32f10x_md.o(.text) refers to system_stm32f10x.o(i.SystemInit) for SystemInit
    startup_stm32f10x_md.o(.text) refers to __main.o(!!!main) for __main
    startup_stm32f10x_md.o(.text) refers to startup_stm32f10x_md.o(HEAP) for Heap_Mem
    startup_stm32f10x_md.o(.text) refers to startup_stm32f10x_md.o(STACK) for Stack_Mem
    system_stm32f10x.o(i.SetSysClock) refers to system_stm32f10x.o(i.SetSysClockTo72) for SetSysClockTo72
    system_stm32f10x.o(i.SystemCoreClockUpdate) refers to system_stm32f10x.o(.data) for SystemCoreClock
    system_stm32f10x.o(i.SystemInit) refers to system_stm32f10x.o(i.SetSysClock) for SetSysClock
    main.o(i._Z15commandCallBackRKN13geometry_msgs5TwistE) refers to f2d.o(x$fpl$f2d) for __aeabi_f2d
    main.o(i._Z15commandCallBackRKN13geometry_msgs5TwistE) refers to millisecondtimer.o(i.millis) for millis
    main.o(i._Z15commandCallBackRKN13geometry_msgs5TwistE) refers to main.o(.bss) for trackcar
    main.o(i.__sti___8_main_cpp_Serial) refers to hardwareserial.o(i._ZN14HardwareSerialC1E14Serial_TypeDef) for HardwareSerial::HardwareSerial(Serial_TypeDef)
    main.o(i.__sti___8_main_cpp_Serial) refers to aeabi_atexit.o(.text) for __aeabi_atexit
    main.o(i.__sti___8_main_cpp_Serial) refers to mpu6050.o(i._ZN7Mpu6050C1Ehh) for Mpu6050::Mpu6050(unsigned char, unsigned char)
    main.o(i.__sti___8_main_cpp_Serial) refers to main.o(i._ZN9riki_msgs3ImuC1Ev) for riki_msgs::Imu::Imu()
    main.o(i.__sti___8_main_cpp_Serial) refers to battery.o(i._ZN7BatteryC1Ev) for Battery::Battery()
    main.o(i.__sti___8_main_cpp_Serial) refers to main.o(t._ZN3ros11NodeHandle_I13STM32HardwareLi25ELi25ELi1024ELi1024EEC1Ev) for ros::NodeHandle_<STM32Hardware, (int)25, (int)25, (int)1024, (int)1024>::NodeHandle_()
    main.o(i.__sti___8_main_cpp_Serial) refers to main.o(i._ZN3ros3MsgC2Ev) for ros::Msg::Msg__sub_object()
    main.o(i.__sti___8_main_cpp_Serial) refers to main.o(t._ZN3ros10SubscriberIN13geometry_msgs5TwistEEC1EPKcPFvRKS2_Ei) for ros::Subscriber<geometry_msgs::Twist>::Subscriber(const char*, void(*)(const geometry_msgs::Twist&), int)
    main.o(i.__sti___8_main_cpp_Serial) refers to main.o(i._ZN3ros9PublisherC1EPKcPNS_3MsgEi) for ros::Publisher::Publisher(const char*, ros::Msg*, int)
    main.o(i.__sti___8_main_cpp_Serial) refers to main.o(.bss) for Serial
    main.o(i.__sti___8_main_cpp_Serial) refers to main.o(i._ZN14HardwareSerialD1Ev) for HardwareSerial::~HardwareSerial()
    main.o(i.__sti___8_main_cpp_Serial) refers to main.o(i._ZN6RoscarD1Ev) for Roscar::~Roscar()
    main.o(i.__sti___8_main_cpp_Serial) refers to main.o(.constdata__ZTVN9riki_msgs10VelocitiesE) for vtable for riki_msgs::Velocities
    main.o(i.__sti___8_main_cpp_Serial) refers to main.o(.data) for raw_battery_msg
    main.o(i.__sti___8_main_cpp_Serial) refers to main.o(.constdata__ZTVN9riki_msgs7BatteryE) for vtable for riki_msgs::Battery
    main.o(i.__sti___8_main_cpp_Serial) refers to main.o(i._Z15commandCallBackRKN13geometry_msgs5TwistE) for commandCallBack(const geometry_msgs::Twist&)
    main.o(i.main) refers to system_stm32f10x.o(i.SystemInit) for SystemInit
    main.o(i.main) refers to millisecondtimer.o(i.initialise) for initialise
    main.o(i.main) refers to roscar.o(i._ZN6Roscar10initializeEv) for Roscar::initialize()
    main.o(i.main) refers to hardwareserial.o(i._ZN14HardwareSerial5beginEj) for HardwareSerial::begin(unsigned)
    main.o(i.main) refers to millisecondtimer.o(i.delay) for delay
    main.o(i.main) refers to roscar.o(i._ZN6Roscar12flushImuInfoEv) for Roscar::flushImuInfo()
    main.o(i.main) refers to main.o(.bss) for trackcar
    main.o(.ARM.exidx) refers to main.o(i._Z15commandCallBackRKN13geometry_msgs5TwistE) for i._Z15commandCallBackRKN13geometry_msgs5TwistE
    main.o(.ARM.exidx) refers to main.o(i.main) for i.main
    main.o(.ARM.exidx) refers to main.o(i.__sti___8_main_cpp_Serial) for i.__sti___8_main_cpp_Serial
[...]
    TIM4_IRQHandler                          0x0800025f   Thumb Code     0  startup_stm32f10x_md.o(.text)
    USART3_IRQHandler                        0x0800025f   Thumb Code     0  startup_stm32f10x_md.o(.text)
    USBWakeUp_IRQHandler                     0x0800025f   Thumb Code     0  startup_stm32f10x_md.o(.text)
    USB_HP_CAN1_TX_IRQHandler                0x0800025f   Thumb Code     0  startup_stm32f10x_md.o(.text)
    USB_LP_CAN1_RX0_IRQHandler               0x0800025f   Thumb Code     0  startup_stm32f10x_md.o(.text)
    WWDG_IRQHandler                          0x0800025f   Thumb Code     0  startup_stm32f10x_md.o(.text)
    __user_initial_stackheap                 0x08000261   Thumb Code     0  startup_stm32f10x_md.o(.text)
    __aeabi_ldivmod                          0x08000285   Thumb Code     0  llsdiv.o(.text)
    _ll_sdiv                                 0x08000285   Thumb Code    72  llsdiv.o(.text)
    __c89vsprintf                            0x080002cd   Thumb Code    32  c89vsprintf.o(.text)
    _printf_pre_padding                      0x080002f1   Thumb Code    44  _printf_pad.o(.text)
    _printf_post_padding                     0x0800031d   Thumb Code    34  _printf_pad.o(.text)
    __printf                                 0x08000341   Thumb Code   388  __printf_flags_ss_wp.o(.text)
    __aeabi_atexit                           0x080004c9   Thumb Code    46  aeabi_atexit.o(.text)
    memcmp                                   0x080004f7   Thumb Code    88  memcmp.o(.text)
    strlen                                   0x0800054f   Thumb Code    62  strlen.o(.text)
    __aeabi_memset                           0x0800058d   Thumb Code    16  aeabi_memset.o(.text)
    __aeabi_memclr4                          0x0800059d   Thumb Code     0  rt_memclr_w.o(.text)
    __aeabi_memclr8                          0x0800059d   Thumb Code     0  rt_memclr_w.o(.text)
    __rt_memclr_w                            0x0800059d   Thumb Code    78  rt_memclr_w.o(.text)
    _memset_w                                0x080005a1   Thumb Code     0  rt_memclr_w.o(.text)
    __use_two_region_memory                  0x080005eb   Thumb Code     2  heapauxi.o(.text)
    __rt_heap_escrow                         0x080005ed   Thumb Code     2  heapauxi.o(.text)
    __rt_heap_expand                         0x080005ef   Thumb Code     2  heapauxi.o(.text)
    __cpp_initialize__aeabi_                 0x080005f1   Thumb Code    26  init_aeabi.o(.text)
    __rt_heap_descriptor                     0x08000615   Thumb Code     8  rt_heap_descriptor_intlibspace.o(.text)
    __rt_ddtor_pointer_addr                  0x0800061d   Thumb Code     8  rt_ddtor_pointer_addr_intlibspace.o(.text)
    __use_no_heap                            0x08000625   Thumb Code     2  hguard.o(.text)
    __heap$guard                             0x08000627   Thumb Code     2  hguard.o(.text)
    _terminate_user_alloc                    0x08000629   Thumb Code     2  init_alloc.o(.text)
    _init_user_alloc                         0x0800062b   Thumb Code     2  init_alloc.o(.text)
    __Heap_Full                              0x0800062d   Thumb Code    34  init_alloc.o(.text)
    __Heap_Broken                            0x0800064f   Thumb Code     6  init_alloc.o(.text)
    _init_alloc                              0x08000655   Thumb Code    94  init_alloc.o(.text)
    malloc                                   0x080006b3   Thumb Code    94  h1_alloc.o(.text)
    free                                     0x08000711   Thumb Code    78  h1_free.o(.text)
    __aeabi_uldivmod                         0x0800075f   Thumb Code     0  lludivv7m.o(.text)
    _ll_udiv                                 0x0800075f   Thumb Code   238  lludivv7m.o(.text)
    __read_errno                             0x0800084d   Thumb Code    10  _rserrno.o(.text)
    __set_errno                              0x08000857   Thumb Code    12  _rserrno.o(.text)
    _printf_truncate_signed                  0x08000863   Thumb Code    18  _printf_truncate.o(.text)
    _printf_truncate_unsigned                0x08000875   Thumb Code    18  _printf_truncate.o(.text)
    _printf_str                              0x08000887   Thumb Code    82  _printf_str.o(.text)
    _printf_int_dec                          0x080008d9   Thumb Code   104  _printf_dec.o(.text)
    _printf_charcount                        0x08000951   Thumb Code    40  _printf_charcount.o(.text)
    __lib_sel_fp_printf                      0x08000979   Thumb Code     2  _printf_fp_dec.o(.text)
    _printf_fp_dec_real                      0x08000b27   Thumb Code   620  _printf_fp_dec.o(.text)
    _printf_char_common                      0x08000d9f   Thumb Code    32  _printf_char_common.o(.text)
    _sputc                                   0x08000dc5   Thumb Code    10  _sputc.o(.text)
    _printf_wctomb                           0x08000dd1   Thumb Code   182  _printf_wctomb.o(.text)
    _printf_longlong_dec                     0x08000e8d   Thumb Code   108  _printf_longlong_dec.o(.text)
    _printf_longlong_oct                     0x08000f09   Thumb Code    68  _printf_oct_int_ll.o(.text)
    _printf_int_oct                          0x08000f4d   Thumb Code    24  _printf_oct_int_ll.o(.text)
    _printf_ll_oct                           0x08000f65   Thumb Code    12  _printf_oct_int_ll.o(.text)
    _printf_longlong_hex                     0x08000f79   Thumb Code    86  _printf_hex_int_ll_ptr.o(.text)
    _printf_int_hex                          0x08000fcf   Thumb Code    28  _printf_hex_int_ll_ptr.o(.text)
    _printf_ll_hex                           0x08000feb   Thumb Code    12  _printf_hex_int_ll_ptr.o(.text)
    _printf_hex_ptr                          0x08000ff7   Thumb Code    18  _printf_hex_int_ll_ptr.o(.text)
    __cxa_finalize                           0x0800100d   Thumb Code    66  cxa_finalize.o(.text)
    __aeabi_memclr                           0x0800104f   Thumb Code     0  rt_memclr.o(.text)
    __rt_memclr                              0x0800104f   Thumb Code    68  rt_memclr.o(.text)
    _memset                                  0x08001053   Thumb Code     0  rt_memclr.o(.text)
    __user_libspace                          0x08001095   Thumb Code     8  libspace.o(.text)
    __user_perproc_libspace                  0x08001095   Thumb Code     0  libspace.o(.text)
    __user_perthread_libspace                0x08001095   Thumb Code     0  libspace.o(.text)
    __rt_locale                              0x0800109d   Thumb Code     8  rt_locale_intlibspace.o(.text)
    __aeabi_errno_addr                       0x080010a5   Thumb Code     8  rt_errno_addr_intlibspace.o(.text)
    __errno$intlibspace                      0x080010a5   Thumb Code     0  rt_errno_addr_intlibspace.o(.text)
    __rt_errno_addr$intlibspace              0x080010a5   Thumb Code     0  rt_errno_addr_intlibspace.o(.text)
    __Heap_Initialize                        0x080010ad   Thumb Code    10  h1_init.o(.text)
    __Heap_DescSize                          0x080010b7   Thumb Code     4  h1_init.o(.text)
    __Heap_ProvideMemory                     0x080010bb   Thumb Code    52  h1_extend.o(.text)
    _ll_udiv10                               0x080010ef   Thumb Code   138  lludiv10.o(.text)
    _printf_int_common                       0x08001179   Thumb Code   178  _printf_intcommon.o(.text)
    _printf_fp_infnan                        0x0800122d   Thumb Code   112  _printf_fp_infnan.o(.text)
    _printf_cs_common                        0x080012ad   Thumb Code    20  _printf_char.o(.text)
    _printf_char                             0x080012c1   Thumb Code    16  _printf_char.o(.text)
    _printf_string                           0x080012d1   Thumb Code     8  _printf_char.o(.text)
    _printf_lcs_common                       0x080012d9   Thumb Code    20  _printf_wchar.o(.text)
    _printf_wchar                            0x080012ed   Thumb Code    16  _printf_wchar.o(.text)
    _printf_wstring                          0x080012fd   Thumb Code     8  _printf_wchar.o(.text)
    _btod_etento                             0x08001305   Thumb Code   216  bigflt0.o(.text)
    _wcrtomb                                 0x080013e1   Thumb Code    64  _wcrtomb.o(.text)
    __sig_exit                               0x08001421   Thumb Code    10  defsig_exit.o(.text)
    __rt_SIGRTMEM                            0x0800142b   Thumb Code    14  defsig_rtmem_outer.o(.text)
    _sys_exit                                0x08001439   Thumb Code     8  sys_exit.o(.text)
    __user_setup_stackheap                   0x08001445   Thumb Code    74  sys_stackheap_outer.o(.text)
    __rt_ctype_table                         0x08001491   Thumb Code    16  rt_ctype_table.o(.text)
    exit                                     0x080014a1   Thumb Code    18  exit.o(.text)
    __default_signal_display                 0x080014b3   Thumb Code    50  defsig_general.o(.text)
    __rt_SIGRTMEM_inner                      0x080014e5   Thumb Code    22  defsig_rtmem_inner.o(.text)
    strcmp                                   0x08001535   Thumb Code   128  strcmpv7m.o(.text)
    _ttywrch                                 0x080015b5   Thumb Code    14  sys_wrch.o(.text)
    __I$use$semihosting                      0x080015c3   Thumb Code     0  use_no_semi.o(.text)
    __use_no_semihosting_swi                 0x080015c3   Thumb Code     2  use_no_semi.o(.text)
    __semihosting_library_function           0x080015c5   Thumb Code     0  indicate_semi.o(.text)
    _btod_d2e                                0x080015c5   Thumb Code    62  btod.o(CL$$btod_d2e)
    _d2e_denorm_low                          0x08001603   Thumb Code    70  btod.o(CL$$btod_d2e_denorm_low)
    _d2e_norm_op1                            0x08001649   Thumb Code    96  btod.o(CL$$btod_d2e_norm_op1)
    __btod_div_common                        0x080016a9   Thumb Code   696  btod.o(CL$$btod_div_common)
    _e2e                                     0x080019e1   Thumb Code   198  btod.o(CL$$btod_e2e)
    _btod_ediv                               0x08001aa7   Thumb Code    40  btod.o(CL$$btod_ediv)
    _btod_emul                               0x08001acf   Thumb Code    40  btod.o(CL$$btod_emul)
    __btod_mult_common                       0x08001af7   Thumb Code   580  btod.o(CL$$btod_mult_common)
    ADC_Cmd                                  0x08001d3b   Thumb Code    22  stm32f10x_adc.o(i.ADC_Cmd)
    ADC_DMACmd                               0x08001d51   Thumb Code    22  stm32f10x_adc.o(i.ADC_DMACmd)
    ADC_GetCalibrationStatus                 0x08001d67   Thumb Code    20  stm32f10x_adc.o(i.ADC_GetCalibrationStatus)
    ADC_GetResetCalibrationStatus            0x08001d7b   Thumb Code    20  stm32f10x_adc.o(i.ADC_GetResetCalibrationStatus)
    ADC_Init                                 0x08001d91   Thumb Code    70  stm32f10x_adc.o(i.ADC_Init)
    ADC_RegularChannelConfig                 0x08001de1   Thumb Code   184  stm32f10x_adc.o(i.ADC_RegularChannelConfig)
    ADC_ResetCalibration                     0x08001e99   Thumb Code    10  stm32f10x_adc.o(i.ADC_ResetCalibration)
    ADC_SoftwareStartConvCmd                 0x08001ea3   Thumb Code    22  stm32f10x_adc.o(i.ADC_SoftwareStartConvCmd)
    ADC_StartCalibration                     0x08001eb9   Thumb Code    10  stm32f10x_adc.o(i.ADC_StartCalibration)
    DMA_Cmd                                  0x08001ec3   Thumb Code    24  stm32f10x_dma.o(i.DMA_Cmd)
    DMA_DeInit                               0x08001edd   Thumb Code   324  stm32f10x_dma.o(i.DMA_DeInit)
    DMA_Init                                 0x08002029   Thumb Code    60  stm32f10x_dma.o(i.DMA_Init)
    GPIO_Init                                0x08002065   Thumb Code   278  stm32f10x_gpio.o(i.GPIO_Init)
    GPIO_PinRemapConfig                      0x0800217d   Thumb Code   138  stm32f10x_gpio.o(i.GPIO_PinRemapConfig)
    I2C_ReadOneByte                          0x0800220d   Thumb Code    70  ioi2c.o(i.I2C_ReadOneByte)
    IIC_Ack                                  0x08002255   Thumb Code    64  ioi2c.o(i.IIC_Ack)
    IIC_Init                                 0x080022a1   Thumb Code    40  ioi2c.o(i.IIC_Init)
    IIC_NAck                                 0x080022cd   Thumb Code    62  ioi2c.o(i.IIC_NAck)
    IIC_Read_Byte                            0x08002319   Thumb Code    98  ioi2c.o(i.IIC_Read_Byte)
    IIC_Send_Byte                            0x08002389   Thumb Code    88  ioi2c.o(i.IIC_Send_Byte)
    IIC_Start                                0x080023ed   Thumb Code    92  ioi2c.o(i.IIC_Start)
    IIC_Stop                                 0x08002455   Thumb Code    60  ioi2c.o(i.IIC_Stop)
    IIC_Wait_Ack                             0x0800249d   Thumb Code    92  ioi2c.o(i.IIC_Wait_Ack)
    NVIC_Init                                0x08002505   Thumb Code   100  misc.o(i.NVIC_Init)
    RCC_ADCCLKConfig                         0x08002575   Thumb Code    18  stm32f10x_rcc.o(i.RCC_ADCCLKConfig)
    RCC_AHBPeriphClockCmd                    0x0800258d   Thumb Code    26  stm32f10x_rcc.o(i.RCC_AHBPeriphClockCmd)
    RCC_APB1PeriphClockCmd                   0x080025ad   Thumb Code    26  stm32f10x_rcc.o(i.RCC_APB1PeriphClockCmd)
    RCC_APB2PeriphClockCmd                   0x080025cd   Thumb Code    26  stm32f10x_rcc.o(i.RCC_APB2PeriphClockCmd)
    RCC_GetClocksFreq                        0x080025ed   Thumb Code   192  stm32f10x_rcc.o(i.RCC_GetClocksFreq)
    Read_DMP                                 0x080026c1   Thumb Code   584  mpu6050dmp.o(i.Read_DMP)
    SysTick_Handler                          0x080029f5   Thumb Code    28  millisecondtimer.o(i.SysTick_Handler)
    SystemInit                               0x08002a19   Thumb Code    78  system_stm32f10x.o(i.SystemInit)
    TIM_ARRPreloadConfig                     0x08002cb9   Thumb Code    24  stm32f10x_tim.o(i.TIM_ARRPreloadConfig)
    TIM_ClearFlag                            0x08002cd1   Thumb Code     6  stm32f10x_tim.o(i.TIM_ClearFlag)
    TIM_Cmd                                  0x08002cd7   Thumb Code    24  stm32f10x_tim.o(i.TIM_Cmd)
    TIM_EncoderInterfaceConfig               0x08002cef   Thumb Code    66  stm32f10x_tim.o(i.TIM_EncoderInterfaceConfig)
    TIM_ICInit                               0x08002d31   Thumb Code   150  stm32f10x_tim.o(i.TIM_ICInit)
    TIM_ICStructInit                         0x08002ddd   Thumb Code    18  stm32f10x_tim.o(i.TIM_ICStructInit)
    TIM_ITConfig                             0x08002def   Thumb Code    18  stm32f10x_tim.o(i.TIM_ITConfig)
    TIM_OC1Init                              0x08002e01   Thumb Code   132  stm32f10x_tim.o(i.TIM_OC1Init)
    TIM_OC1PreloadConfig                     0x08002e99   Thumb Code    18  stm32f10x_tim.o(i.TIM_OC1PreloadConfig)
    TIM_OC2Init                              0x08002ead   Thumb Code   154  stm32f10x_tim.o(i.TIM_OC2Init)
    TIM_OC2PreloadConfig                     0x08002f51   Thumb Code    26  stm32f10x_tim.o(i.TIM_OC2PreloadConfig)
    TIM_OC3Init                              0x08002f6d   Thumb Code   150  stm32f10x_tim.o(i.TIM_OC3Init)
    TIM_OC3PreloadConfig                     0x0800300d   Thumb Code    18  stm32f10x_tim.o(i.TIM_OC3PreloadConfig)
    TIM_OC4Init                              0x08003021   Thumb Code   114  stm32f10x_tim.o(i.TIM_OC4Init)
    TIM_OC4PreloadConfig                     0x0800309d   Thumb Code    26  stm32f10x_tim.o(i.TIM_OC4PreloadConfig)
    TIM_SetCounter                           0x080030b7   Thumb Code     4  stm32f10x_tim.o(i.TIM_SetCounter)
    TIM_SetIC1Prescaler                      0x080030bb   Thumb Code    18  stm32f10x_tim.o(i.TIM_SetIC1Prescaler)
    TIM_SetIC2Prescaler                      0x080030cd   Thumb Code    26  stm32f10x_tim.o(i.TIM_SetIC2Prescaler)
    TIM_SetIC3Prescaler                      0x080030e7   Thumb Code    18  stm32f10x_tim.o(i.TIM_SetIC3Prescaler)
    TIM_SetIC4Prescaler                      0x080030f9   Thumb Code    26  stm32f10x_tim.o(i.TIM_SetIC4Prescaler)
    TIM_TimeBaseInit                         0x08003115   Thumb Code   122  stm32f10x_tim.o(i.TIM_TimeBaseInit)
    TIM_TimeBaseStructInit                   0x080031b9   Thumb Code    18  stm32f10x_tim.o(i.TIM_TimeBaseStructInit)
    USART1_IRQHandler                        0x080031cd   Thumb Code    12  interrupt.o(i.USART1_IRQHandler)
    USART2_IRQHandler                        0x080031dd   Thumb Code    12  interrupt.o(i.USART2_IRQHandler)
    USART_ClearITPendingBit                  0x080031ed   Thumb Code    30  stm32f10x_usart.o(i.USART_ClearITPendingBit)
    USART_Cmd                                0x0800320b   Thumb Code    24  stm32f10x_usart.o(i.USART_Cmd)
    USART_GetFlagStatus                      0x08003223   Thumb Code    26  stm32f10x_usart.o(i.USART_GetFlagStatus)
    USART_GetITStatus                        0x0800323d   Thumb Code    84  stm32f10x_usart.o(i.USART_GetITStatus)
    USART_ITConfig                           0x08003291   Thumb Code    74  stm32f10x_usart.o(i.USART_ITConfig)
    USART_Init                               0x080032dd   Thumb Code   210  stm32f10x_usart.o(i.USART_Init)
    USART_ReceiveData                        0x080033b5   Thumb Code    10  stm32f10x_usart.o(i.USART_ReceiveData)
    USART_SendData                           0x080033bf   Thumb Code     8  stm32f10x_usart.o(i.USART_SendData)
    commandCallBack(const geometry_msgs::Twist&) 0x08003459   Thumb Code   138  main.o(i._Z15commandCallBackRKN13geometry_msgs5TwistE)
    RingBuffer::store_char(unsigned char)    0x0800355f   Thumb Code    24  ringbuffer.o(i._ZN10RingBuffer10store_charEh)
    RingBuffer::RingBuffer()                 0x08003577   Thumb Code    22  ringbuffer.o(i._ZN10RingBufferC1Ev)
    RingBuffer::RingBuffer__sub_object()     0x08003577   Thumb Code     0  ringbuffer.o(i._ZN10RingBufferC1Ev)
    geometry_msgs::Vector3::Vector3()        0x0800358d   Thumb Code    20  main.o(i._ZN13geometry_msgs7Vector3C1Ev)
    geometry_msgs::Vector3::Vector3__sub_object() 0x0800358d   Thumb Code     0  main.o(i._ZN13geometry_msgs7Vector3C1Ev)
    HardwareSerial::irq()                    0x080035a5   Thumb Code    68  hardwareserial.o(i._ZN14HardwareSerial3irqEv)
    HardwareSerial::begin(unsigned)          0x080035ed   Thumb Code   270  hardwareserial.o(i._ZN14HardwareSerial5beginEj)
    HardwareSerial::print(const char*, ...)  0x0800371d   Thumb Code    42  hardwareserial.o(i._ZN14HardwareSerial5printEPKcz)
    HardwareSerial::write(unsigned char)     0x08003749   Thumb Code    48  hardwareserial.o(i._ZN14HardwareSerial5writeEh)
    HardwareSerial::putstr(const char*)      0x0800377d   Thumb Code    32  hardwareserial.o(i._ZN14HardwareSerial6putstrEPKc)
    HardwareSerial::HardwareSerial(Serial_TypeDef) 0x0800379d   Thumb Code    56  hardwareserial.o(i._ZN14HardwareSerialC1E14Serial_TypeDef)
    HardwareSerial::HardwareSerial__sub_object(Serial_TypeDef) 0x0800379d   Thumb Code     0  hardwareserial.o(i._ZN14HardwareSerialC1E14Serial_TypeDef)
    HardwareSerial::~HardwareSerial()        0x080037e1   Thumb Code     2  main.o(i._ZN14HardwareSerialD1Ev)
    HardwareSerial::~HardwareSerial__sub_object() 0x080037e1   Thumb Code     0  main.o(i._ZN14HardwareSerialD1Ev)
    PID::initialize(float, float, float, float, float) 0x080037e3   Thumb Code    18  pid.o(i._ZN3PID10initializeEfffff)
    ros::Msg::Msg__sub_object()              0x080037f5   Thumb Code     6  main.o(i._ZN3ros3MsgC2Ev)
    ros::Publisher::Publisher(const char*, ros::Msg*, int) 0x08003801   Thumb Code     8  main.o(i._ZN3ros9PublisherC1EPKcPNS_3MsgEi)
    ros::Publisher::Publisher__sub_object(const char*, ros::Msg*, int) 0x08003801   Thumb Code     0  main.o(i._ZN3ros9PublisherC1EPKcPNS_3MsgEi)
    Gpio::initialize(unsigned, GPIO_TypeDef*, unsigned short, GPIOMode_TypeDef, GPIOSpeed_TypeDef) 0x08003809   Thumb Code    68  gpio.o(i._ZN4Gpio10initializeEjP12GPIO_TypeDeft16GPIOMode_TypeDef17GPIOSpeed_TypeDef)
    Gpio::high()                             0x0800384d   Thumb Code     8  roscar.o(i._ZN4Gpio4highEv)
    Gpio::Gpio(PORT_INDEX, unsigned short, GPIOMode_TypeDef, GPIOSpeed_TypeDef) 0x08003855   Thumb Code    52  gpio.o(i._ZN4GpioC1E10PORT_INDEXt16GPIOMode_TypeDef17GPIOSpeed_TypeDef)
    Gpio::Gpio__sub_object(PORT_INDEX, unsigned short, GPIOMode_TypeDef, GPIOSpeed_TypeDef) 0x08003855   Thumb Code     0  gpio.o(i._ZN4GpioC1E10PORT_INDEXt16GPIOMode_TypeDef17GPIOSpeed_TypeDef)
    Wheel::initialize(unsigned char, unsigned short, unsigned short) 0x0800388d   Thumb Code   276  wheel.o(i._ZN5Wheel10initializeEhtt)
    Roscar::initialize()                     0x080039a5   Thumb Code   396  roscar.o(i._ZN6Roscar10initializeEv)
    Roscar::flushImuInfo()                   0x08003b55   Thumb Code   128  roscar.o(i._ZN6Roscar12flushImuInfoEv)
    Roscar::~Roscar()                        0x08003bed   Thumb Code    36  main.o(i._ZN6RoscarD1Ev)
    Roscar::~Roscar__sub_object()            0x08003bed   Thumb Code     0  main.o(i._ZN6RoscarD1Ev)
    Battery::initialize()                    0x08003c11   Thumb Code   256  battery.o(i._ZN7Battery10initializeEv)
    Battery::Battery()                       0x08003d19   Thumb Code     2  battery.o(i._ZN7BatteryC1Ev)
    Battery::Battery__sub_object()           0x08003d19   Thumb Code     0  battery.o(i._ZN7BatteryC1Ev)
    Encoder::initialize(unsigned char)       0x08003d1d   Thumb Code   260  encoder.o(i._ZN7Encoder10initializeEh)
    Mpu6050::getAccAllVal(float*, unsigned char) 0x08003e25   Thumb Code   144  mpu6050.o(i._ZN7Mpu605012getAccAllValEPfh)
    Mpu6050::mpu6050_init()                  0x08003eb5   Thumb Code    70  mpu6050.o(i._ZN7Mpu605012mpu6050_initEv)
    Mpu6050::readAccSource()                 0x08003f01   Thumb Code    36  mpu6050.o(i._ZN7Mpu605013readAccSourceEv)
    Mpu6050::setOrientation(signed char, signed char, signed char) 0x08003f25   Thumb Code    16  mpu6050.o(i._ZN7Mpu605014setOrientationEaaa)
    Mpu6050::Mpu6050(unsigned char, unsigned char) 0x08003f35   Thumb Code    66  mpu6050.o(i._ZN7Mpu6050C1Ehh)
    Mpu6050::Mpu6050__sub_object(unsigned char, unsigned char) 0x08003f35   Thumb Code     0  mpu6050.o(i._ZN7Mpu6050C1Ehh)
    riki_msgs::Imu::Imu()                    0x08003f79   Thumb Code    82  main.o(i._ZN9riki_msgs3ImuC1Ev)
    riki_msgs::Imu::Imu__sub_object()        0x08003f79   Thumb Code     0  main.o(i._ZN9riki_msgs3ImuC1Ev)
    __ARM_fpclassify                         0x08003fd1   Thumb Code    40  fpclassify.o(i.__ARM_fpclassify)
    __kernel_poly                            0x08003ff9   Thumb Code   170  poly.o(i.__kernel_poly)
    __mathlib_dbl_infnan                     0x080040a3   Thumb Code     6  dunder.o(i.__mathlib_dbl_infnan)
    __mathlib_dbl_infnan2                    0x080040a9   Thumb Code     4  dunder.o(i.__mathlib_dbl_infnan2)
    __mathlib_dbl_invalid                    0x080040ad   Thumb Code    12  dunder.o(i.__mathlib_dbl_invalid)
    __mathlib_dbl_underflow                  0x080040b9   Thumb Code    10  dunder.o(i.__mathlib_dbl_underflow)
    _is_digit                                0x08004209   Thumb Code    14  __printf_wp.o(i._is_digit)
    asin                                     0x080042c1   Thumb Code   572  asin.o(i.asin)
    atan                                     0x08004531   Thumb Code   474  atan.o(i.atan)
    atan2                                    0x08004751   Thumb Code   346  atan2.o(i.atan2)
    delay                                    0x08004935   Thumb Code    18  millisecondtimer.o(i.delay)
    delay_ms                                 0x0800494d   Thumb Code    12  millisecondtimer.o(i.delay_ms)
    delay_us                                 0x08004959   Thumb Code    30  millisecondtimer.o(i.delay_us)
    dmp_enable_6x_lp_quat                    0x0800497d   Thumb Code    60  inv_mpu_dmp_motion_driver.o(i.dmp_enable_6x_lp_quat)
    dmp_enable_feature                       0x080049b9   Thumb Code   530  inv_mpu_dmp_motion_driver.o(i.dmp_enable_feature)
    dmp_enable_gyro_cal                      0x08004bd5   Thumb Code    62  inv_mpu_dmp_motion_driver.o(i.dmp_enable_gyro_cal)
    dmp_enable_lp_quat                       0x08004c2d   Thumb Code    60  inv_mpu_dmp_motion_driver.o(i.dmp_enable_lp_quat)
    dmp_load_motion_driver_firmware          0x08004c69   Thumb Code    20  inv_mpu_dmp_motion_driver.o(i.dmp_load_motion_driver_firmware)
    dmp_read_fifo                            0x08004c81   Thumb Code   456  inv_mpu_dmp_motion_driver.o(i.dmp_read_fifo)
    dmp_set_accel_bias                       0x08004e4d   Thumb Code   300  inv_mpu_dmp_motion_driver.o(i.dmp_set_accel_bias)
    dmp_set_fifo_rate                        0x08004f7d   Thumb Code    96  inv_mpu_dmp_motion_driver.o(i.dmp_set_fifo_rate)
    dmp_set_gyro_bias                        0x08004fed   Thumb Code   294  inv_mpu_dmp_motion_driver.o(i.dmp_set_gyro_bias)
    dmp_set_orientation                      0x0800511d   Thumb Code   290  inv_mpu_dmp_motion_driver.o(i.dmp_set_orientation)
    dmp_set_shake_reject_thresh              0x08005255   Thumb Code    56  inv_mpu_dmp_motion_driver.o(i.dmp_set_shake_reject_thresh)
    dmp_set_shake_reject_time                0x0800528d   Thumb Code    38  inv_mpu_dmp_motion_driver.o(i.dmp_set_shake_reject_time)
    dmp_set_shake_reject_timeout             0x080052b3   Thumb Code    38  inv_mpu_dmp_motion_driver.o(i.dmp_set_shake_reject_timeout)
    dmp_set_tap_axes                         0x080052d9   Thumb Code    70  inv_mpu_dmp_motion_driver.o(i.dmp_set_tap_axes)
    dmp_set_tap_count                        0x0800531f   Thumb Code    38  inv_mpu_dmp_motion_driver.o(i.dmp_set_tap_count)
    dmp_set_tap_thresh                       0x08005345   Thumb Code   396  inv_mpu_dmp_motion_driver.o(i.dmp_set_tap_thresh)
    dmp_set_tap_time                         0x080054e5   Thumb Code    38  inv_mpu_dmp_motion_driver.o(i.dmp_set_tap_time)
    dmp_set_tap_time_multi                   0x0800550b   Thumb Code    38  inv_mpu_dmp_motion_driver.o(i.dmp_set_tap_time_multi)
    i2cRead                                  0x08005b65   Thumb Code   118  ioi2c.o(i.i2cRead)
    i2cWrite                                 0x08005bdb   Thumb Code    96  ioi2c.o(i.i2cWrite)
    initialise                               0x08005c3d   Thumb Code    90  millisecondtimer.o(i.initialise)
    main                                     0x08005ca9   Thumb Code    56  main.o(i.main)
    millis                                   0x08005ce9   Thumb Code     6  millisecondtimer.o(i.millis)
    millis_us                                0x08005cf5   Thumb Code    40  millisecondtimer.o(i.millis_us)
    mpu_configure_fifo                       0x08005d29   Thumb Code   106  inv_mpu.o(i.mpu_configure_fifo)
    mpu_get_accel_fsr                        0x08005d99   Thumb Code    72  inv_mpu.o(i.mpu_get_accel_fsr)
    mpu_get_accel_sens                       0x08005de5   Thumb Code    78  inv_mpu.o(i.mpu_get_accel_sens)
    mpu_get_fifo_config                      0x08005e39   Thumb Code    12  inv_mpu.o(i.mpu_get_fifo_config)
    mpu_get_gyro_fsr                         0x08005e49   Thumb Code    64  inv_mpu.o(i.mpu_get_gyro_fsr)
    mpu_get_gyro_sens                        0x08005e8d   Thumb Code    58  inv_mpu.o(i.mpu_get_gyro_sens)
    mpu_get_lpf                              0x08005edd   Thumb Code    74  inv_mpu.o(i.mpu_get_lpf)
    mpu_get_sample_rate                      0x08005f2d   Thumb Code    26  inv_mpu.o(i.mpu_get_sample_rate)
    mpu_init                                 0x08005f4d   Thumb Code   396  inv_mpu.o(i.mpu_init)
    mpu_load_firmware                        0x080060dd   Thumb Code   180  inv_mpu.o(i.mpu_load_firmware)
    mpu_lp_accel_mode                        0x08006195   Thumb Code   218  inv_mpu.o(i.mpu_lp_accel_mode)
    mpu_read_fifo_stream                     0x08006275   Thumb Code   186  inv_mpu.o(i.mpu_read_fifo_stream)
    mpu_read_mem                             0x08006335   Thumb Code   122  inv_mpu.o(i.mpu_read_mem)
    mpu_reset_fifo                           0x080063b5   Thumb Code   438  inv_mpu.o(i.mpu_reset_fifo)
    mpu_run_self_test                        0x08006571   Thumb Code   278  inv_mpu.o(i.mpu_run_self_test)
    mpu_set_accel_fsr                        0x0800668d   Thumb Code   126  inv_mpu.o(i.mpu_set_accel_fsr)
    mpu_set_bypass                           0x08006711   Thumb Code   328  inv_mpu.o(i.mpu_set_bypass)
    mpu_set_dmp_state                        0x0800685d   Thumb Code   138  inv_mpu.o(i.mpu_set_dmp_state)
    mpu_set_gyro_fsr                         0x080068ed   Thumb Code   132  inv_mpu.o(i.mpu_set_gyro_fsr)
    mpu_set_int_latched                      0x08006975   Thumb Code   102  inv_mpu.o(i.mpu_set_int_latched)
    mpu_set_lpf                              0x080069e1   Thumb Code   126  inv_mpu.o(i.mpu_set_lpf)
    mpu_set_sample_rate                      0x08006a65   Thumb Code   152  inv_mpu.o(i.mpu_set_sample_rate)
    mpu_set_sensors                          0x08006b01   Thumb Code   202  inv_mpu.o(i.mpu_set_sensors)
    mpu_write_mem                            0x08006bd1   Thumb Code   122  inv_mpu.o(i.mpu_write_mem)
    myget_ms                                 0x08006c51   Thumb Code     2  inv_mpu.o(i.myget_ms)
    sqrt                                     0x08006ce5   Thumb Code    76  sqrt.o(i.sqrt)
    _get_lc_numeric                          0x08006d31   Thumb Code    44  lc_numeric_c.o(locale$$code)
    _get_lc_ctype                            0x08006d5d   Thumb Code    44  lc_ctype_c.o(locale$$code)
    ros::Subscriber<geometry_msgs::Twist>::Subscriber(const char*, void(*)(const geometry_msgs::Twist&), int) 0x08006d89   Thumb Code    66  main.o(t._ZN3ros10SubscriberIN13geometry_msgs5TwistEEC1EPKcPFvRKS2_Ei)
    ros::Subscriber<geometry_msgs::Twist>::Subscriber__sub_object(const char*, void(*)(const geometry_msgs::Twist&), int) 0x08006d89   Thumb Code     0  main.o(t._ZN3ros10SubscriberIN13geometry_msgs5TwistEEC1EPKcPFvRKS2_Ei)
    ros::NodeHandle_<STM32Hardware, (int)25, (int)25, (int)1024, (int)1024>::NodeHandle_() 0x08006dd9   Thumb Code   172  main.o(t._ZN3ros11NodeHandle_I13STM32HardwareLi25ELi25ELi1024ELi1024EEC1Ev)
    ros::NodeHandle_<STM32Hardware, (int)25, (int)25, (int)1024, (int)1024>::NodeHandle___sub_object() 0x08006dd9   Thumb Code     0  main.o(t._ZN3ros11NodeHandle_I13STM32HardwareLi25ELi25ELi1024ELi1024EEC1Ev)
    __aeabi_d2f                              0x08006e95   Thumb Code     0  d2f.o(x$fpl$d2f)
    _d2f                                     0x08006e95   Thumb Code    98  d2f.o(x$fpl$d2f)
    __aeabi_dadd                             0x08006ef9   Thumb Code     0  daddsub_clz.o(x$fpl$dadd)
    _dadd                                    0x08006ef9   Thumb Code   332  daddsub_clz.o(x$fpl$dadd)
    __fpl_dcheck_NaN1                        0x08007049   Thumb Code    10  dcheck1.o(x$fpl$dcheck1)
    __aeabi_ddiv                             0x08007059   Thumb Code     0  ddiv.o(x$fpl$ddiv)
    _ddiv                                    0x08007059   Thumb Code   552  ddiv.o(x$fpl$ddiv)
    __aeabi_dmul                             0x08007309   Thumb Code     0  dmul.o(x$fpl$dmul)
    _dmul                                    0x08007309   Thumb Code   332  dmul.o(x$fpl$dmul)
    __fpl_dnaninf                            0x0800745d   Thumb Code   156  dnaninf.o(x$fpl$dnaninf)
    __fpl_dretinf                            0x080074f9   Thumb Code    12  dretinf.o(x$fpl$dretinf)
    __aeabi_drsub                            0x08007505   Thumb Code     0  daddsub_clz.o(x$fpl$drsb)
    _drsb                                    0x08007505   Thumb Code    22  daddsub_clz.o(x$fpl$drsb)
    _dsqrt                                   0x0800751d   Thumb Code   456  dsqrt_noumaal.o(x$fpl$dsqrt)
    __aeabi_dsub                             0x080076e9   Thumb Code     0  daddsub_clz.o(x$fpl$dsub)
    _dsub                                    0x080076e9   Thumb Code   464  daddsub_clz.o(x$fpl$dsub)
    __aeabi_f2d                              0x080078bd   Thumb Code     0  f2d.o(x$fpl$f2d)
    _f2d                                     0x080078bd   Thumb Code    86  f2d.o(x$fpl$f2d)
    __aeabi_fadd                             0x08007915   Thumb Code     0  faddsub_clz.o(x$fpl$fadd)
    _fadd                                    0x08007915   Thumb Code   196  faddsub_clz.o(x$fpl$fadd)
    __fpl_fcmp_Inf                           0x080079d9   Thumb Code    24  fcmpi.o(x$fpl$fcmpinf)
    __aeabi_fdiv                             0x080079f1   Thumb Code     0  fdiv.o(x$fpl$fdiv)
    _fdiv                                    0x080079f1   Thumb Code   384  fdiv.o(x$fpl$fdiv)
    __aeabi_cfcmpeq                          0x08007b75   Thumb Code     0  feqf.o(x$fpl$feqf)
    _fcmpeq                                  0x08007b75   Thumb Code   104  feqf.o(x$fpl$feqf)
    __aeabi_f2iz                             0x08007bdd   Thumb Code     0  ffix.o(x$fpl$ffix)
    _ffix                                    0x08007bdd   Thumb Code    54  ffix.o(x$fpl$ffix)
    __aeabi_f2uiz                            0x08007c15   Thumb Code     0  ffixu.o(x$fpl$ffixu)
    _ffixu                                   0x08007c15   Thumb Code    62  ffixu.o(x$fpl$ffixu)
    __aeabi_i2f                              0x08007c55   Thumb Code     0  fflt_clz.o(x$fpl$fflt)
    _fflt                                    0x08007c55   Thumb Code    48  fflt_clz.o(x$fpl$fflt)
    __aeabi_ui2f                             0x08007c85   Thumb Code     0  fflt_clz.o(x$fpl$ffltu)
    _ffltu                                   0x08007c85   Thumb Code    38  fflt_clz.o(x$fpl$ffltu)
    __aeabi_cfcmple                          0x08007cad   Thumb Code     0  fleqf.o(x$fpl$fleqf)
    _fcmple                                  0x08007cad   Thumb Code   104  fleqf.o(x$fpl$fleqf)
    __fpl_fcmple_InfNaN                      0x08007cff   Thumb Code     0  fleqf.o(x$fpl$fleqf)
    __aeabi_fmul                             0x08007d15   Thumb Code     0  fmul.o(x$fpl$fmul)
    _fmul                                    0x08007d15   Thumb Code   258  fmul.o(x$fpl$fmul)
    __fpl_fnaninf                            0x08007e17   Thumb Code   140  fnaninf.o(x$fpl$fnaninf)
    __fpl_fretinf                            0x08007ea3   Thumb Code    10  fretinf.o(x$fpl$fretinf)
    __aeabi_cfrcmple                         0x08007ead   Thumb Code     0  frleqf.o(x$fpl$frleqf)
    _frcmple                                 0x08007ead   Thumb Code    98  frleqf.o(x$fpl$frleqf)
    __aeabi_fsub                             0x08007f11   Thumb Code     0  faddsub_clz.o(x$fpl$fsub)
    _fsub                                    0x08007f11   Thumb Code   234  faddsub_clz.o(x$fpl$fsub)
    _printf_fp_dec                           0x08007ffb   Thumb Code     4  printf1.o(x$fpl$printf1)
    __fpl_return_NaN                         0x08007fff   Thumb Code   100  retnan.o(x$fpl$retnan)
    __ARM_scalbn                             0x08008063   Thumb Code    92  scalbn.o(x$fpl$scalbn)
    __fpl_cmpreturn                          0x080080bf   Thumb Code    48  trapv.o(x$fpl$trapveneer)
    __I$use$fp                               0x080080ee   Number         0  usenofp.o(x$fpl$usenofp)
    hw                                       0x08008120   Data          12  inv_mpu.o(.constdata)
    reg                                      0x0800812c   Data          27  inv_mpu.o(.constdata)
    test                                     0x08008148   Data          40  inv_mpu.o(.constdata)
    __mathlib_zero                           0x08008e90   Data           8  qnan.o(.constdata)
    vtable for geometry_msgs::Twist          0x08008f2c   Data          24  main.o(.constdata__ZTVN13geometry_msgs5TwistE)
    vtable for geometry_msgs::Vector3        0x08008f44   Data          24  main.o(.constdata__ZTVN13geometry_msgs7Vector3E)
    vtable for rosserial_msgs::RequestParamResponse 0x08008f5c   Data          24  main.o(.constdata__ZTVN14rosserial_msgs20RequestParamResponseE)
    vtable for ros::Subscriber<geometry_msgs::Twist> 0x08008f74   Data          24  main.o(.constdata__ZTVN3ros10SubscriberIN13geometry_msgs5TwistEEE)
    vtable for ros::NodeHandle_<STM32Hardware, (int)25, (int)25, (int)1024, (int)1024> 0x08008f8c   Data          20  main.o(.constdata__ZTVN3ros11NodeHandle_I13STM32HardwareLi25ELi25ELi1024ELi1024EEE)
    vtable for ros::Subscriber_              0x08008fa0   Data          24  main.o(.constdata__ZTVN3ros11Subscriber_E)
    vtable for ros::NodeHandleBase_          0x08008fb8   Data          20  main.o(.constdata__ZTVN3ros15NodeHandleBase_E)
    vtable for ros::Msg                      0x08008fcc   Data          24  main.o(.constdata__ZTVN3ros3MsgE)
    vtable for riki_msgs::Velocities         0x08008fe4   Data          24  main.o(.constdata__ZTVN9riki_msgs10VelocitiesE)
    vtable for riki_msgs::Imu                0x08008ffc   Data          24  main.o(.constdata__ZTVN9riki_msgs3ImuE)
    vtable for riki_msgs::Battery            0x08009014   Data          24  main.o(.constdata__ZTVN9riki_msgs7BatteryE)
    Region$$Table$$Base                      0x0800902c   Number         0  anon$$obj.o(Region$$Table)
    Region$$Table$$Limit                     0x0800904c   Number         0  anon$$obj.o(Region$$Table)
    __ctype                                  0x08009075   Data           0  lc_ctype_c.o(locale$$data)
    SHT$$INIT_ARRAY$$Base                    0x08009178   Number         0  main.o(.init_array)
    SHT$$INIT_ARRAY$$Limit                   0x0800917c   Number         0  init_aeabi.o(.init_array)
    SystemCoreClock                          0x20000000   Data           4  system_stm32f10x.o(.data)
    AHBPrescTable                            0x20000004   Data          16  system_stm32f10x.o(.data)
    raw_battery_msg                          0x20000014   Data           8  main.o(.data)
    PERIPH_PORT                              0x20000030   Data          56  gpio.o(.data)
    _counter                                 0x20000074   Data           4  millisecondtimer.o(.data)
    SERIAL_USART                             0x20000078   Data          12  hardwareserial.o(.data)
    SERIAL_PORT                              0x20000084   Data          12  hardwareserial.o(.data)
    Serial1                                  0x20000090   Data           4  interrupt.o(.data)
    Serial2                                  0x20000094   Data           4  interrupt.o(.data)
    Serial3                                  0x20000098   Data           4  interrupt.o(.data)
    Serial                                   0x200000c8   Data          76  main.o(.bss)
    trackcar                                 0x20000118   Data         408  main.o(.bss)
    nh                                       0x200002b0   Data        2352  main.o(.bss)
    raw_imu_msg                              0x20000be0   Data          52  main.o(.bss)
    raw_vel_msg                              0x20000c14   Data          16  main.o(.bss)
    cmd_sub                                  0x20000c24   Data          56  main.o(.bss)
    raw_vel_pub                              0x20000c5c   Data          20  main.o(.bss)
    raw_imu_pub                              0x20000c70   Data          20  main.o(.bss)
    raw_battery_pub                          0x20000c84   Data          20  main.o(.bss)
    serial                                   0x20000c98   Data          76  main.o(.bss)
    __libspace_start                         0x20000cf4   Data          96  libspace.o(.bss)
    __temporary_stack_top$libspace           0x20000d54   Data           0  libspace.o(.bss)



==============================================================================

Memory Map of the image

  Image Entry point : 0x080000ed

  Load Region LR_IROM1 (Base: 0x08000000, Size: 0x00009244, Max: 0x00010000, ABSOLUTE)

    Execution Region ER_IROM1 (Base: 0x08000000, Size: 0x0000917c, Max: 0x00010000, ABSOLUTE)

    Base Addr    Size         Type   Attr      Idx    E Section Name        Object

    0x08000000   0x000000ec   Data   RO           19    RESET               startup_stm32f10x_md.o
    0x080000ec   0x00000008   Code   RO         5454  * !!!main             c_w.l(__main.o)
    0x080000f4   0x00000034   Code   RO         6125    !!!scatter          c_w.l(__scatter.o)
    0x08000128   0x0000001a   Code   RO         6127    !!handler_copy      c_w.l(__scatter_copy.o)
    0x08000142   0x00000002   PAD
    0x08000144   0x0000001c   Code   RO         6129    !!handler_zi        c_w.l(__scatter_zi.o)
    0x08000160   0x00000000   Code   RO         5435    .ARM.Collect$$_printf_percent$$00000000  c_w.l(_printf_percent.o)
    0x08000160   0x00000006   Code   RO         5748    .ARM.Collect$$_printf_percent$$00000001  c_w.l(_printf_n.o)
    0x08000166   0x00000006   Code   RO         5750    .ARM.Collect$$_printf_percent$$00000002  c_w.l(_printf_p.o)
    0x0800016c   0x00000006   Code   RO         5434    .ARM.Collect$$_printf_percent$$00000003  c_w.l(_printf_f.o)
    0x08000172   0x00000006   Code   RO         5755    .ARM.Collect$$_printf_percent$$00000004  c_w.l(_printf_e.o)
    0x08000178   0x00000006   Code   RO         5756    .ARM.Collect$$_printf_percent$$00000005  c_w.l(_printf_g.o)
    0x0800017e   0x00000006   Code   RO         5757    .ARM.Collect$$_printf_percent$$00000006  c_w.l(_printf_a.o)
    0x08000184   0x0000000a   Code   RO         5762    .ARM.Collect$$_printf_percent$$00000007  c_w.l(_printf_ll.o)
    0x0800018e   0x00000006   Code   RO         5752    .ARM.Collect$$_printf_percent$$00000008  c_w.l(_printf_i.o)
    0x08000194   0x00000006   Code   RO         5753    .ARM.Collect$$_printf_percent$$00000009  c_w.l(_printf_d.o)
    0x0800019a   0x00000006   Code   RO         5754    .ARM.Collect$$_printf_percent$$0000000A  c_w.l(_printf_u.o)
    0x080001a0   0x00000006   Code   RO         5751    .ARM.Collect$$_printf_percent$$0000000B  c_w.l(_printf_o.o)
    0x080001a6   0x00000006   Code   RO         5749    .ARM.Collect$$_printf_percent$$0000000C  c_w.l(_printf_x.o)
    0x080001ac   0x00000006   Code   RO         5759    .ARM.Collect$$_printf_percent$$0000000D  c_w.l(_printf_lli.o)
    0x080001b2   0x00000006   Code   RO         5760    .ARM.Collect$$_printf_percent$$0000000E  c_w.l(_printf_lld.o)
    0x080001b8   0x00000006   Code   RO         5761    .ARM.Collect$$_printf_percent$$0000000F  c_w.l(_printf_llu.o)
    0x080001be   0x00000006   Code   RO         5766    .ARM.Collect$$_printf_percent$$00000010  c_w.l(_printf_llo.o)
    0x080001c4   0x00000006   Code   RO         5767    .ARM.Collect$$_printf_percent$$00000011  c_w.l(_printf_llx.o)
    0x080001ca   0x0000000a   Code   RO         5763    .ARM.Collect$$_printf_percent$$00000012  c_w.l(_printf_l.o)
    0x080001d4   0x00000006   Code   RO         5746    .ARM.Collect$$_printf_percent$$00000013  c_w.l(_printf_c.o)
    0x080001da   0x00000006   Code   RO         5747    .ARM.Collect$$_printf_percent$$00000014  c_w.l(_printf_s.o)
    0x080001e0   0x00000006   Code   RO         5764    .ARM.Collect$$_printf_percent$$00000015  c_w.l(_printf_lc.o)
    0x080001e6   0x00000006   Code   RO         5765    .ARM.Collect$$_printf_percent$$00000016  c_w.l(_printf_ls.o)
    0x080001ec   0x00000004   Code   RO         5758    .ARM.Collect$$_printf_percent$$00000017  c_w.l(_printf_percent_end.o)
    0x080001f0   0x00000002   Code   RO         6067    .ARM.Collect$$libinit$$00000000  c_w.l(libinit.o)
    0x080001f2   0x00000000   Code   RO         5780    .ARM.Collect$$libinit$$00000002  c_w.l(libinit2.o)
    0x080001f2   0x00000000   Code   RO         5782    .ARM.Collect$$libinit$$00000004  c_w.l(libinit2.o)
    0x080001f2   0x00000008   Code   RO         5783    .ARM.Collect$$libinit$$00000005  c_w.l(libinit2.o)
    0x080001fa   0x00000000   Code   RO         5785    .ARM.Collect$$libinit$$0000000A  c_w.l(libinit2.o)
    0x080001fa   0x00000000   Code   RO         5787    .ARM.Collect$$libinit$$0000000C  c_w.l(libinit2.o)
    0x080001fa   0x00000000   Code   RO         5789    .ARM.Collect$$libinit$$0000000E  c_w.l(libinit2.o)
    0x080001fa   0x00000006   Code   RO         5790    .ARM.Collect$$libinit$$0000000F  c_w.l(libinit2.o)
    0x08000200   0x00000000   Code   RO         5792    .ARM.Collect$$libinit$$00000011  c_w.l(libinit2.o)
    0x08000200   0x0000000c   Code   RO         5793    .ARM.Collect$$libinit$$00000012  c_w.l(libinit2.o)
    0x0800020c   0x00000000   Code   RO         5794    .ARM.Collect$$libinit$$00000013  c_w.l(libinit2.o)
    0x0800020c   0x00000000   Code   RO         5796    .ARM.Collect$$libinit$$00000015  c_w.l(libinit2.o)
    0x0800020c   0x0000000a   Code   RO         5797    .ARM.Collect$$libinit$$00000016  c_w.l(libinit2.o)
    0x08000216   0x00000000   Code   RO         5798    .ARM.Collect$$libinit$$00000017  c_w.l(libinit2.o)
    0x08000216   0x00000000   Code   RO         5800    .ARM.Collect$$libinit$$00000019  c_w.l(libinit2.o)
    0x08000216   0x00000000   Code   RO         5802    .ARM.Collect$$libinit$$0000001B  c_w.l(libinit2.o)
    0x08000216   0x00000000   Code   RO         5804    .ARM.Collect$$libinit$$0000001D  c_w.l(libinit2.o)
    0x08000216   0x00000000   Code   RO         5806    .ARM.Collect$$libinit$$0000001F  c_w.l(libinit2.o)
    0x08000216   0x00000000   Code   RO         5808    .ARM.Collect$$libinit$$00000021  c_w.l(libinit2.o)
    0x08000216   0x00000000   Code   RO         5810    .ARM.Collect$$libinit$$00000023  c_w.l(libinit2.o)
    0x08000216   0x00000000   Code   RO         5812    .ARM.Collect$$libinit$$00000025  c_w.l(libinit2.o)
    0x08000216   0x00000000   Code   RO         5816    .ARM.Collect$$libinit$$0000002C  c_w.l(libinit2.o)
    0x08000216   0x00000000   Code   RO         5818    .ARM.Collect$$libinit$$0000002E  c_w.l(libinit2.o)
    0x08000216   0x00000000   Code   RO         5820    .ARM.Collect$$libinit$$00000030  c_w.l(libinit2.o)
    0x08000216   0x00000004   Code   RO         5821    .ARM.Collect$$libinit$$00000031  c_w.l(libinit2.o)
    0x0800021a   0x00000000   Code   RO         5822    .ARM.Collect$$libinit$$00000032  c_w.l(libinit2.o)
    0x0800021a   0x00000002   Code   RO         5823    .ARM.Collect$$libinit$$00000033  c_w.l(libinit2.o)
    0x0800021c   0x00000002   Code   RO         6122    .ARM.Collect$$libshutdown$$00000000  c_w.l(libshutdown.o)
    0x0800021e   0x00000006   Code   RO         5990    .ARM.Collect$$libshutdown$$00000001  c_w.l(libshutdown2.o)
    0x08000224   0x00000000   Code   RO         5991    .ARM.Collect$$libshutdown$$00000002  c_w.l(libshutdown2.o)
    0x08000224   0x00000000   Code   RO         5993    .ARM.Collect$$libshutdown$$00000004  c_w.l(libshutdown2.o)
    0x08000224   0x00000000   Code   RO         5996    .ARM.Collect$$libshutdown$$00000007  c_w.l(libshutdown2.o)
    0x08000224   0x00000000   Code   RO         5999    .ARM.Collect$$libshutdown$$0000000A  c_w.l(libshutdown2.o)
    0x08000224   0x00000000   Code   RO         6001    .ARM.Collect$$libshutdown$$0000000C  c_w.l(libshutdown2.o)
    0x08000224   0x00000000   Code   RO         6004    .ARM.Collect$$libshutdown$$0000000F  c_w.l(libshutdown2.o)
    0x08000224   0x00000002   Code   RO         6005    .ARM.Collect$$libshutdown$$00000010  c_w.l(libshutdown2.o)
    0x08000226   0x00000000   Code   RO         5657    .ARM.Collect$$rtentry$$00000000  c_w.l(__rtentry.o)
    0x08000226   0x00000000   Code   RO         5893    .ARM.Collect$$rtentry$$00000002  c_w.l(__rtentry2.o)
    0x08000226   0x00000006   Code   RO         5905    .ARM.Collect$$rtentry$$00000004  c_w.l(__rtentry4.o)
    0x0800022c   0x00000000   Code   RO         5895    .ARM.Collect$$rtentry$$00000009  c_w.l(__rtentry2.o)
    0x0800022c   0x00000004   Code   RO         5896    .ARM.Collect$$rtentry$$0000000A  c_w.l(__rtentry2.o)
    0x08000230   0x00000000   Code   RO         5898    .ARM.Collect$$rtentry$$0000000C  c_w.l(__rtentry2.o)
    0x08000230   0x00000008   Code   RO         5899    .ARM.Collect$$rtentry$$0000000D  c_w.l(__rtentry2.o)
    0x08000238   0x00000002   Code   RO         6078    .ARM.Collect$$rtexit$$00000000  c_w.l(rtexit.o)
    0x0800023a   0x00000000   Code   RO         6100    .ARM.Collect$$rtexit$$00000002  c_w.l(rtexit2.o)
    0x0800023a   0x00000004   Code   RO         6101    .ARM.Collect$$rtexit$$00000003  c_w.l(rtexit2.o)
    0x0800023e   0x00000006   Code   RO         6102    .ARM.Collect$$rtexit$$00000004  c_w.l(rtexit2.o)
    0x08000244   0x00000000   Code   RO         5923    .emb_text           c_w.l(maybetermalloc1.o)
    0x08000244   0x00000040   Code   RO           20    .text               startup_stm32f10x_md.o
    0x08000284   0x00000048   Code   RO         5402    .text               c_w.l(llsdiv.o)
    0x080002cc   0x00000024   Code   RO         5404    .text               c_w.l(c89vsprintf.o)
    0x080002f0   0x0000004e   Code   RO         5412    .text               c_w.l(_printf_pad.o)
    0x0800033e   0x00000002   PAD
    0x08000340   0x00000188   Code   RO         5431    .text               c_w.l(__printf_flags_ss_wp.o)
    0x080004c8   0x0000002e   Code   RO         5439    .text               c_w.l(aeabi_atexit.o)
    0x080004f6   0x00000058   Code   RO         5442    .text               c_w.l(memcmp.o)
    0x0800054e   0x0000003e   Code   RO         5444    .text               c_w.l(strlen.o)
    0x0800058c   0x00000010   Code   RO         5448    .text               c_w.l(aeabi_memset.o)
    0x0800059c   0x0000004e   Code   RO         5450    .text               c_w.l(rt_memclr_w.o)
    0x080005ea   0x00000006   Code   RO         5452    .text               c_w.l(heapauxi.o)
    0x080005f0   0x00000024   Code   RO         5459    .text               c_w.l(init_aeabi.o)
    0x08000614   0x00000008   Code   RO         5661    .text               c_w.l(rt_heap_descriptor_intlibspace.o)
    0x0800061c   0x00000008   Code   RO         5666    .text               c_w.l(rt_ddtor_pointer_addr_intlibspace.o)
    0x08000624   0x00000004   Code   RO         5668    .text               c_w.l(hguard.o)
    0x08000628   0x0000008a   Code   RO         5670    .text               c_w.l(init_alloc.o)
    0x080006b2   0x0000005e   Code   RO         5678    .text               c_w.l(h1_alloc.o)
    0x08000710   0x0000004e   Code   RO         5680    .text               c_w.l(h1_free.o)
    0x0800075e   0x000000ee   Code   RO         5696    .text               c_w.l(lludivv7m.o)
    0x0800084c   0x00000016   Code   RO         5698    .text               c_w.l(_rserrno.o)
    0x08000862   0x00000024   Code   RO         5700    .text               c_w.l(_printf_truncate.o)
    0x08000886   0x00000052   Code   RO         5702    .text               c_w.l(_printf_str.o)
    0x080008d8   0x00000078   Code   RO         5704    .text               c_w.l(_printf_dec.o)
    0x08000950   0x00000028   Code   RO         5706    .text               c_w.l(_printf_charcount.o)
    0x08000978   0x0000041a   Code   RO         5708    .text               c_w.l(_printf_fp_dec.o)
    0x08000d92   0x00000002   PAD
    0x08000d94   0x00000030   Code   RO         5710    .text               c_w.l(_printf_char_common.o)
    0x08000dc4   0x0000000a   Code   RO         5712    .text               c_w.l(_sputc.o)
    0x08000dce   0x00000002   PAD
    0x08000dd0   0x000000bc   Code   RO         5714    .text               c_w.l(_printf_wctomb.o)
    0x08000e8c   0x0000007c   Code   RO         5717    .text               c_w.l(_printf_longlong_dec.o)
    0x08000f08   0x00000070   Code   RO         5723    .text               c_w.l(_printf_oct_int_ll.o)
    0x08000f78   0x00000094   Code   RO         5743    .text               c_w.l(_printf_hex_int_ll_ptr.o)
    0x0800100c   0x00000042   Code   RO         5768    .text               c_w.l(cxa_finalize.o)
    0x0800104e   0x00000044   Code   RO         5777    .text               c_w.l(rt_memclr.o)
    0x08001092   0x00000002   PAD
    0x08001094   0x00000008   Code   RO         5889    .text               c_w.l(libspace.o)
    0x0800109c   0x00000008   Code   RO         5916    .text               c_w.l(rt_locale_intlibspace.o)
    0x080010a4   0x00000008   Code   RO         5921    .text               c_w.l(rt_errno_addr_intlibspace.o)
    0x080010ac   0x0000000e   Code   RO         5925    .text               c_w.l(h1_init.o)
    0x080010ba   0x00000034   Code   RO         5927    .text               c_w.l(h1_extend.o)
    0x080010ee   0x0000008a   Code   RO         5933    .text               c_w.l(lludiv10.o)
    0x08001178   0x000000b2   Code   RO         5935    .text               c_w.l(_printf_intcommon.o)
    0x0800122a   0x00000002   PAD
    0x0800122c   0x00000080   Code   RO         5937    .text               c_w.l(_printf_fp_infnan.o)
    0x080012ac   0x0000002c   Code   RO         5941    .text               c_w.l(_printf_char.o)
    0x080012d8   0x0000002c   Code   RO         5943    .text               c_w.l(_printf_wchar.o)
    0x08001304   0x000000dc   Code   RO         5945    .text               c_w.l(bigflt0.o)
    0x080013e0   0x00000040   Code   RO         5970    .text               c_w.l(_wcrtomb.o)
    0x08001420   0x0000000a   Code   RO         5975    .text               c_w.l(defsig_exit.o)
    0x0800142a   0x0000000e   Code   RO         5977    .text               c_w.l(defsig_rtmem_outer.o)
    0x08001438   0x0000000c   Code   RO         6029    .text               c_w.l(sys_exit.o)
    0x08001444   0x0000004a   Code   RO         6031    .text               c_w.l(sys_stackheap_outer.o)
    0x0800148e   0x00000002   PAD
    0x08001490   0x00000010   Code   RO         6033    .text               c_w.l(rt_ctype_table.o)
    0x080014a0   0x00000012   Code   RO         6046    .text               c_w.l(exit.o)
    0x080014b2   0x00000032   Code   RO         6052    .text               c_w.l(defsig_general.o)
    0x080014e4   0x00000050   Code   RO         6054    .text               c_w.l(defsig_rtmem_inner.o)
    0x08001534   0x00000080   Code   RO         6056    .text               c_w.l(strcmpv7m.o)
    0x080015b4   0x0000000e   Code   RO         6073    .text               c_w.l(sys_wrch.o)
    0x080015c2   0x00000002   Code   RO         6075    .text               c_w.l(use_no_semi.o)
    0x080015c4   0x00000000   Code   RO         6077    .text               c_w.l(indicate_semi.o)
    0x080015c4   0x0000003e   Code   RO         5948    CL$$btod_d2e        c_w.l(btod.o)
    0x08001602   0x00000046   Code   RO         5950    CL$$btod_d2e_denorm_low  c_w.l(btod.o)
    0x08001648   0x00000060   Code   RO         5949    CL$$btod_d2e_norm_op1  c_w.l(btod.o)
    0x080016a8   0x00000338   Code   RO         5958    CL$$btod_div_common  c_w.l(btod.o)
    0x080019e0   0x000000c6   Code   RO         5955    CL$$btod_e2e        c_w.l(btod.o)
    0x08001aa6   0x00000028   Code   RO         5952    CL$$btod_ediv       c_w.l(btod.o)
    0x08001ace   0x00000028   Code   RO         5951    CL$$btod_emul       c_w.l(btod.o)
    0x08001af6   0x00000244   Code   RO         5957    CL$$btod_mult_common  c_w.l(btod.o)
    0x08001d3a   0x00000016   Code   RO          880    i.ADC_Cmd           stm32f10x_adc.o
    0x08001d50   0x00000016   Code   RO          881    i.ADC_DMACmd        stm32f10x_adc.o
    0x08001d66   0x00000014   Code   RO          888    i.ADC_GetCalibrationStatus  stm32f10x_adc.o
    0x08001d7a   0x00000014   Code   RO          894    i.ADC_GetResetCalibrationStatus  stm32f10x_adc.o
    0x08001d8e   0x00000002   PAD
    0x08001d90   0x00000050   Code   RO          898    i.ADC_Init          stm32f10x_adc.o
    0x08001de0   0x000000b8   Code   RO          902    i.ADC_RegularChannelConfig  stm32f10x_adc.o
    0x08001e98   0x0000000a   Code   RO          903    i.ADC_ResetCalibration  stm32f10x_adc.o
    0x08001ea2   0x00000016   Code   RO          905    i.ADC_SoftwareStartConvCmd  stm32f10x_adc.o
    0x08001eb8   0x0000000a   Code   RO          907    i.ADC_StartCalibration  stm32f10x_adc.o
    0x08001ec2   0x00000018   Code   RO         1565    i.DMA_Cmd           stm32f10x_dma.o
    0x08001eda   0x00000002   PAD
    0x08001edc   0x0000014c   Code   RO         1566    i.DMA_DeInit        stm32f10x_dma.o
    0x08002028   0x0000003c   Code   RO         1571    i.DMA_Init          stm32f10x_dma.o
    0x08002064   0x00000116   Code   RO         1989    i.GPIO_Init         stm32f10x_gpio.o
    0x0800217a   0x00000002   PAD
    0x0800217c   0x00000090   Code   RO         1991    i.GPIO_PinRemapConfig  stm32f10x_gpio.o
    0x0800220c   0x00000046   Code   RO         5119    i.I2C_ReadOneByte   ioi2c.o
    0x08002252   0x00000002   PAD
    0x08002254   0x0000004c   Code   RO         5120    i.IIC_Ack           ioi2c.o
    0x080022a0   0x0000002c   Code   RO         5121    i.IIC_Init          ioi2c.o
    0x080022cc   0x0000004c   Code   RO         5122    i.IIC_NAck          ioi2c.o
    0x08002318   0x00000070   Code   RO         5123    i.IIC_Read_Byte     ioi2c.o
    0x08002388   0x00000064   Code   RO         5124    i.IIC_Send_Byte     ioi2c.o
    0x080023ec   0x00000068   Code   RO         5125    i.IIC_Start         ioi2c.o
    0x08002454   0x00000048   Code   RO         5126    i.IIC_Stop          ioi2c.o
    0x0800249c   0x00000068   Code   RO         5127    i.IIC_Wait_Ack      ioi2c.o
    0x08002504   0x00000070   Code   RO          834    i.NVIC_Init         misc.o
    0x08002574   0x00000018   Code   RO         2403    i.RCC_ADCCLKConfig  stm32f10x_rcc.o
    0x0800258c   0x00000020   Code   RO         2404    i.RCC_AHBPeriphClockCmd  stm32f10x_rcc.o
    0x080025ac   0x00000020   Code   RO         2405    i.RCC_APB1PeriphClockCmd  stm32f10x_rcc.o
    0x080025cc   0x00000020   Code   RO         2407    i.RCC_APB2PeriphClockCmd  stm32f10x_rcc.o
    0x080025ec   0x000000d4   Code   RO         2415    i.RCC_GetClocksFreq  stm32f10x_rcc.o
    0x080026c0   0x0000024c   Code   RO         5238    i.Read_DMP          mpu6050dmp.o
    0x0800290c   0x00000008   Code   RO           24    i.SetSysClock       system_stm32f10x.o
    0x08002914   0x000000e0   Code   RO           25    i.SetSysClockTo72   system_stm32f10x.o
    0x080029f4   0x00000024   Code   RO         4437    i.SysTick_Handler   millisecondtimer.o
    0x08002a18   0x00000060   Code   RO           27    i.SystemInit        system_stm32f10x.o
    0x08002a78   0x00000080   Code   RO         3023    i.TI1_Config        stm32f10x_tim.o
    0x08002af8   0x00000098   Code   RO         3024    i.TI2_Config        stm32f10x_tim.o
    0x08002b90   0x00000090   Code   RO         3025    i.TI3_Config        stm32f10x_tim.o
    0x08002c20   0x00000098   Code   RO         3026    i.TI4_Config        stm32f10x_tim.o
    0x08002cb8   0x00000018   Code   RO         3027    i.TIM_ARRPreloadConfig  stm32f10x_tim.o
    0x08002cd0   0x00000006   Code   RO         3033    i.TIM_ClearFlag     stm32f10x_tim.o
    0x08002cd6   0x00000018   Code   RO         3039    i.TIM_Cmd           stm32f10x_tim.o
    0x08002cee   0x00000042   Code   RO         3048    i.TIM_EncoderInterfaceConfig  stm32f10x_tim.o
    0x08002d30   0x000000ac   Code   RO         3062    i.TIM_ICInit        stm32f10x_tim.o
    0x08002ddc   0x00000012   Code   RO         3063    i.TIM_ICStructInit  stm32f10x_tim.o
    0x08002dee   0x00000012   Code   RO         3064    i.TIM_ITConfig      stm32f10x_tim.o
    0x08002e00   0x00000098   Code   RO         3068    i.TIM_OC1Init       stm32f10x_tim.o
    0x08002e98   0x00000012   Code   RO         3071    i.TIM_OC1PreloadConfig  stm32f10x_tim.o
    0x08002eaa   0x00000002   PAD
    0x08002eac   0x000000a4   Code   RO         3073    i.TIM_OC2Init       stm32f10x_tim.o
    0x08002f50   0x0000001a   Code   RO         3076    i.TIM_OC2PreloadConfig  stm32f10x_tim.o
    0x08002f6a   0x00000002   PAD
    0x08002f6c   0x000000a0   Code   RO         3078    i.TIM_OC3Init       stm32f10x_tim.o
    0x0800300c   0x00000012   Code   RO         3081    i.TIM_OC3PreloadConfig  stm32f10x_tim.o
    0x0800301e   0x00000002   PAD
    0x08003020   0x0000007c   Code   RO         3083    i.TIM_OC4Init       stm32f10x_tim.o
    0x0800309c   0x0000001a   Code   RO         3085    i.TIM_OC4PreloadConfig  stm32f10x_tim.o
    0x080030b6   0x00000004   Code   RO         3104    i.TIM_SetCounter    stm32f10x_tim.o
    0x080030ba   0x00000012   Code   RO         3105    i.TIM_SetIC1Prescaler  stm32f10x_tim.o
    0x080030cc   0x0000001a   Code   RO         3106    i.TIM_SetIC2Prescaler  stm32f10x_tim.o
    0x080030e6   0x00000012   Code   RO         3107    i.TIM_SetIC3Prescaler  stm32f10x_tim.o
    0x080030f8   0x0000001a   Code   RO         3108    i.TIM_SetIC4Prescaler  stm32f10x_tim.o
    0x08003112   0x00000002   PAD
    0x08003114   0x000000a4   Code   RO         3110    i.TIM_TimeBaseInit  stm32f10x_tim.o
    0x080031b8   0x00000012   Code   RO         3111    i.TIM_TimeBaseStructInit  stm32f10x_tim.o
    0x080031ca   0x00000002   PAD
    0x080031cc   0x00000010   Code   RO         4569    i.USART1_IRQHandler  interrupt.o
    0x080031dc   0x00000010   Code   RO         4570    i.USART2_IRQHandler  interrupt.o
    0x080031ec   0x0000001e   Code   RO         3572    i.USART_ClearITPendingBit  stm32f10x_usart.o
    0x0800320a   0x00000018   Code   RO         3575    i.USART_Cmd         stm32f10x_usart.o
    0x08003222   0x0000001a   Code   RO         3578    i.USART_GetFlagStatus  stm32f10x_usart.o
    0x0800323c   0x00000054   Code   RO         3579    i.USART_GetITStatus  stm32f10x_usart.o
    0x08003290   0x0000004a   Code   RO         3581    i.USART_ITConfig    stm32f10x_usart.o
    0x080032da   0x00000002   PAD
    0x080032dc   0x000000d8   Code   RO         3582    i.USART_Init        stm32f10x_usart.o
    0x080033b4   0x0000000a   Code   RO         3589    i.USART_ReceiveData  stm32f10x_usart.o
    0x080033be   0x00000008   Code   RO         3592    i.USART_SendData    stm32f10x_usart.o
    0x080033c6   0x00000090   Code   RO         4098    i._Z13run_self_testv  mpu6050.o
    0x08003456   0x00000002   PAD
    0x08003458   0x00000090   Code   RO          137    i._Z15commandCallBackRKN13geometry_msgs5TwistE  main.o
    0x080034e8   0x0000004e   Code   RO         4099    i._Z15inv_row_2_scalePKa  mpu6050.o
    0x08003536   0x00000028   Code   RO         4100    i._Z32inv_orientation_matrix_to_scalarPKa  mpu6050.o
    0x0800355e   0x00000018   Code   RO         4595    i._ZN10RingBuffer10store_charEh  ringbuffer.o
    0x08003576   0x00000016   Code   RO         4596    i._ZN10RingBufferC1Ev  ringbuffer.o
    0x0800358c   0x00000018   Code   RO          255    i._ZN13geometry_msgs7Vector3C1Ev  main.o
    0x080035a4   0x00000048   Code   RO         4501    i._ZN14HardwareSerial3irqEv  hardwareserial.o
    0x080035ec   0x00000130   Code   RO         4503    i._ZN14HardwareSerial5beginEj  hardwareserial.o
    0x0800371c   0x0000002a   Code   RO         4505    i._ZN14HardwareSerial5printEPKcz  hardwareserial.o
    0x08003746   0x00000002   PAD
    0x08003748   0x00000034   Code   RO         4506    i._ZN14HardwareSerial5writeEh  hardwareserial.o
    0x0800377c   0x00000020   Code   RO         4507    i._ZN14HardwareSerial6putstrEPKc  hardwareserial.o
    0x0800379c   0x00000044   Code   RO         4509    i._ZN14HardwareSerialC1E14Serial_TypeDef  hardwareserial.o
    0x080037e0   0x00000002   Code   RO          240    i._ZN14HardwareSerialD1Ev  main.o
    0x080037e2   0x00000012   Code   RO         4324    i._ZN3PID10initializeEfffff  pid.o
    0x080037f4   0x0000000c   Code   RO          252    i._ZN3ros3MsgC2Ev   main.o
    0x08003800   0x00000008   Code   RO          261    i._ZN3ros9PublisherC1EPKcPNS_3MsgEi  main.o
    0x08003808   0x00000044   Code   RO         3806    i._ZN4Gpio10initializeEjP12GPIO_TypeDeft16GPIOMode_TypeDef17GPIOSpeed_TypeDef  gpio.o
    0x0800384c   0x00000008   Code   RO         4262    i._ZN4Gpio4highEv   roscar.o
    0x08003854   0x00000038   Code   RO         3807    i._ZN4GpioC1E10PORT_INDEXt16GPIOMode_TypeDef17GPIOSpeed_TypeDef  gpio.o
    0x0800388c   0x00000118   Code   RO         4353    i._ZN5Wheel10initializeEhtt  wheel.o
    0x080039a4   0x000001b0   Code   RO         4223    i._ZN6Roscar10initializeEv  roscar.o
    0x08003b54   0x00000098   Code   RO         4225    i._ZN6Roscar12flushImuInfoEv  roscar.o
    0x08003bec   0x00000024   Code   RO          258    i._ZN6RoscarD1Ev    main.o
    0x08003c10   0x00000108   Code   RO         4045    i._ZN7Battery10initializeEv  battery.o
    0x08003d18   0x00000002   Code   RO         4047    i._ZN7BatteryC1Ev   battery.o
    0x08003d1a   0x00000002   PAD
    0x08003d1c   0x00000108   Code   RO         4080    i._ZN7Encoder10initializeEh  encoder.o
    0x08003e24   0x00000090   Code   RO         4102    i._ZN7Mpu605012getAccAllValEPfh  mpu6050.o
    0x08003eb4   0x0000004c   Code   RO         4103    i._ZN7Mpu605012mpu6050_initEv  mpu6050.o
    0x08003f00   0x00000024   Code   RO         4106    i._ZN7Mpu605013readAccSourceEv  mpu6050.o
    0x08003f24   0x00000010   Code   RO         4110    i._ZN7Mpu605014setOrientationEaaa  mpu6050.o
    0x08003f34   0x00000042   Code   RO         4115    i._ZN7Mpu6050C1Ehh  mpu6050.o
    0x08003f76   0x00000002   PAD
    0x08003f78   0x00000058   Code   RO          181    i._ZN9riki_msgs3ImuC1Ev  main.o
    0x08003fd0   0x00000028   Code   RO         5876    i.__ARM_fpclassify  m_ws.l(fpclassify.o)
    0x08003ff8   0x000000aa   Code   RO         5878    i.__kernel_poly     m_ws.l(poly.o)
    0x080040a2   0x00000006   Code   RO         5863    i.__mathlib_dbl_infnan  m_ws.l(dunder.o)
    0x080040a8   0x00000004   Code   RO         5864    i.__mathlib_dbl_infnan2  m_ws.l(dunder.o)
    0x080040ac   0x0000000c   Code   RO         5865    i.__mathlib_dbl_invalid  m_ws.l(dunder.o)
    0x080040b8   0x00000010   Code   RO         5868    i.__mathlib_dbl_underflow  m_ws.l(dunder.o)
    0x080040c8   0x00000140   Code   RO          138    i.__sti___8_main_cpp_Serial  main.o
    0x08004208   0x0000000e   Code   RO         5424    i._is_digit         c_w.l(__printf_wp.o)
    0x08004216   0x00000002   PAD
    0x08004218   0x000000a8   Code   RO         4623    i.accel_self_test   inv_mpu.o
    0x080042c0   0x00000270   Code   RO         5638    i.asin              m_ws.l(asin.o)
    0x08004530   0x00000220   Code   RO         5853    i.atan              m_ws.l(atan.o)
    0x08004750   0x00000180   Code   RO         5648    i.atan2             m_ws.l(atan2.o)
    0x080048d0   0x00000064   Code   RO         4930    i.decode_gesture    inv_mpu_dmp_motion_driver.o
    0x08004934   0x00000018   Code   RO         4438    i.delay             millisecondtimer.o
    0x0800494c   0x0000000c   Code   RO         4439    i.delay_ms          millisecondtimer.o
    0x08004958   0x00000024   Code   RO         4440    i.delay_us          millisecondtimer.o
    0x0800497c   0x0000003c   Code   RO         4931    i.dmp_enable_6x_lp_quat  inv_mpu_dmp_motion_driver.o
    0x080049b8   0x0000021c   Code   RO         4932    i.dmp_enable_feature  inv_mpu_dmp_motion_driver.o
    0x08004bd4   0x00000058   Code   RO         4933    i.dmp_enable_gyro_cal  inv_mpu_dmp_motion_driver.o
    0x08004c2c   0x0000003c   Code   RO         4934    i.dmp_enable_lp_quat  inv_mpu_dmp_motion_driver.o
    0x08004c68   0x00000018   Code   RO         4939    i.dmp_load_motion_driver_firmware  inv_mpu_dmp_motion_driver.o
    0x08004c80   0x000001cc   Code   RO         4940    i.dmp_read_fifo     inv_mpu_dmp_motion_driver.o
    0x08004e4c   0x00000130   Code   RO         4943    i.dmp_set_accel_bias  inv_mpu_dmp_motion_driver.o
    0x08004f7c   0x00000070   Code   RO         4944    i.dmp_set_fifo_rate  inv_mpu_dmp_motion_driver.o
    0x08004fec   0x00000130   Code   RO         4945    i.dmp_set_gyro_bias  inv_mpu_dmp_motion_driver.o
    0x0800511c   0x00000138   Code   RO         4947    i.dmp_set_orientation  inv_mpu_dmp_motion_driver.o
    0x08005254   0x00000038   Code   RO         4950    i.dmp_set_shake_reject_thresh  inv_mpu_dmp_motion_driver.o
    0x0800528c   0x00000026   Code   RO         4951    i.dmp_set_shake_reject_time  inv_mpu_dmp_motion_driver.o
    0x080052b2   0x00000026   Code   RO         4952    i.dmp_set_shake_reject_timeout  inv_mpu_dmp_motion_driver.o
    0x080052d8   0x00000046   Code   RO         4953    i.dmp_set_tap_axes  inv_mpu_dmp_motion_driver.o
    0x0800531e   0x00000026   Code   RO         4954    i.dmp_set_tap_count  inv_mpu_dmp_motion_driver.o
    0x08005344   0x000001a0   Code   RO         4955    i.dmp_set_tap_thresh  inv_mpu_dmp_motion_driver.o
    0x080054e4   0x00000026   Code   RO         4956    i.dmp_set_tap_time  inv_mpu_dmp_motion_driver.o
    0x0800550a   0x00000026   Code   RO         4957    i.dmp_set_tap_time_multi  inv_mpu_dmp_motion_driver.o
    0x08005530   0x000000b4   Code   RO         4624    i.get_accel_prod_shift  inv_mpu.o
    0x080055e4   0x00000470   Code   RO         4625    i.get_st_biases     inv_mpu.o
    0x08005a54   0x00000110   Code   RO         4626    i.gyro_self_test    inv_mpu.o
    0x08005b64   0x00000076   Code   RO         5134    i.i2cRead           ioi2c.o
    0x08005bda   0x00000060   Code   RO         5135    i.i2cWrite          ioi2c.o
    0x08005c3a   0x00000002   PAD
    0x08005c3c   0x0000006c   Code   RO         4441    i.initialise        millisecondtimer.o
    0x08005ca8   0x00000040   Code   RO          139    i.main              main.o
    0x08005ce8   0x0000000c   Code   RO         4442    i.millis            millisecondtimer.o
    0x08005cf4   0x00000034   Code   RO         4443    i.millis_us         millisecondtimer.o
    0x08005d28   0x00000070   Code   RO         4627    i.mpu_configure_fifo  inv_mpu.o
    0x08005d98   0x0000004c   Code   RO         4628    i.mpu_get_accel_fsr  inv_mpu.o
    0x08005de4   0x00000054   Code   RO         4630    i.mpu_get_accel_sens  inv_mpu.o
    0x08005e38   0x00000010   Code   RO         4635    i.mpu_get_fifo_config  inv_mpu.o
    0x08005e48   0x00000044   Code   RO         4636    i.mpu_get_gyro_fsr  inv_mpu.o
    0x08005e8c   0x00000050   Code   RO         4638    i.mpu_get_gyro_sens  inv_mpu.o
    0x08005edc   0x00000050   Code   RO         4640    i.mpu_get_lpf       inv_mpu.o
    0x08005f2c   0x00000020   Code   RO         4642    i.mpu_get_sample_rate  inv_mpu.o
    0x08005f4c   0x00000190   Code   RO         4644    i.mpu_init          inv_mpu.o
    0x080060dc   0x000000b8   Code   RO         4645    i.mpu_load_firmware  inv_mpu.o
    0x08006194   0x000000e0   Code   RO         4646    i.mpu_lp_accel_mode  inv_mpu.o
    0x08006274   0x000000c0   Code   RO         4649    i.mpu_read_fifo_stream  inv_mpu.o
    0x08006334   0x00000080   Code   RO         4650    i.mpu_read_mem      inv_mpu.o
    0x080063b4   0x000001bc   Code   RO         4653    i.mpu_reset_fifo    inv_mpu.o
    0x08006570   0x0000011c   Code   RO         4654    i.mpu_run_self_test  inv_mpu.o
    0x0800668c   0x00000084   Code   RO         4656    i.mpu_set_accel_fsr  inv_mpu.o
    0x08006710   0x0000014c   Code   RO         4657    i.mpu_set_bypass    inv_mpu.o
    0x0800685c   0x00000090   Code   RO         4659    i.mpu_set_dmp_state  inv_mpu.o
    0x080068ec   0x00000088   Code   RO         4660    i.mpu_set_gyro_fsr  inv_mpu.o
    0x08006974   0x0000006c   Code   RO         4661    i.mpu_set_int_latched  inv_mpu.o
    0x080069e0   0x00000084   Code   RO         4663    i.mpu_set_lpf       inv_mpu.o
    0x08006a64   0x0000009c   Code   RO         4664    i.mpu_set_sample_rate  inv_mpu.o
    0x08006b00   0x000000d0   Code   RO         4665    i.mpu_set_sensors   inv_mpu.o
    0x08006bd0   0x00000080   Code   RO         4666    i.mpu_write_mem     inv_mpu.o
    0x08006c50   0x00000002   Code   RO         4667    i.myget_ms          inv_mpu.o
    0x08006c52   0x00000002   PAD
    0x08006c54   0x00000090   Code   RO         4668    i.set_int_enable    inv_mpu.o
    0x08006ce4   0x0000004c   Code   RO         5882    i.sqrt              m_ws.l(sqrt.o)
    0x08006d30   0x0000002c   Code   RO         5973    locale$$code        c_w.l(lc_numeric_c.o)
    0x08006d5c   0x0000002c   Code   RO         6085    locale$$code        c_w.l(lc_ctype_c.o)
    0x08006d88   0x00000050   Code   RO          267    t._ZN3ros10SubscriberIN13geometry_msgs5TwistEEC1EPKcPFvRKS2_Ei  main.o
    0x08006dd8   0x000000bc   Code   RO          187    t._ZN3ros11NodeHandle_I13STM32HardwareLi25ELi25ELi1024ELi1024EEC1Ev  main.o
    0x08006e94   0x00000062   Code   RO         5571    x$fpl$d2f           fz_ws.l(d2f.o)
    0x08006ef6   0x00000002   PAD
    0x08006ef8   0x00000150   Code   RO         5573    x$fpl$dadd          fz_ws.l(daddsub_clz.o)
    0x08007048   0x00000010   Code   RO         6019    x$fpl$dcheck1       fz_ws.l(dcheck1.o)
    0x08007058   0x000002b0   Code   RO         5580    x$fpl$ddiv          fz_ws.l(ddiv.o)
    0x08007308   0x00000154   Code   RO         5597    x$fpl$dmul          fz_ws.l(dmul.o)
    0x0800745c   0x0000009c   Code   RO         5839    x$fpl$dnaninf       fz_ws.l(dnaninf.o)
    0x080074f8   0x0000000c   Code   RO         5841    x$fpl$dretinf       fz_ws.l(dretinf.o)
    0x08007504   0x00000016   Code   RO         5574    x$fpl$drsb          fz_ws.l(daddsub_clz.o)
    0x0800751a   0x00000002   PAD
    0x0800751c   0x000001cc   Code   RO         6021    x$fpl$dsqrt         fz_ws.l(dsqrt_noumaal.o)
    0x080076e8   0x000001d4   Code   RO         5575    x$fpl$dsub          fz_ws.l(daddsub_clz.o)
    0x080078bc   0x00000056   Code   RO         5601    x$fpl$f2d           fz_ws.l(f2d.o)
    0x08007912   0x00000002   PAD
    0x08007914   0x000000c4   Code   RO         5603    x$fpl$fadd          fz_ws.l(faddsub_clz.o)
    0x080079d8   0x00000018   Code   RO         5843    x$fpl$fcmpinf       fz_ws.l(fcmpi.o)
    0x080079f0   0x00000184   Code   RO         5610    x$fpl$fdiv          fz_ws.l(fdiv.o)
    0x08007b74   0x00000068   Code   RO         5613    x$fpl$feqf          fz_ws.l(feqf.o)
    0x08007bdc   0x00000036   Code   RO         5615    x$fpl$ffix          fz_ws.l(ffix.o)
    0x08007c12   0x00000002   PAD
    0x08007c14   0x0000003e   Code   RO         5619    x$fpl$ffixu         fz_ws.l(ffixu.o)
    0x08007c52   0x00000002   PAD
    0x08007c54   0x00000030   Code   RO         5624    x$fpl$fflt          fz_ws.l(fflt_clz.o)
    0x08007c84   0x00000026   Code   RO         5623    x$fpl$ffltu         fz_ws.l(fflt_clz.o)
    0x08007caa   0x00000002   PAD
    0x08007cac   0x00000068   Code   RO         5629    x$fpl$fleqf         fz_ws.l(fleqf.o)
    0x08007d14   0x00000102   Code   RO         5631    x$fpl$fmul          fz_ws.l(fmul.o)
    0x08007e16   0x0000008c   Code   RO         5845    x$fpl$fnaninf       fz_ws.l(fnaninf.o)
    0x08007ea2   0x0000000a   Code   RO         5847    x$fpl$fretinf       fz_ws.l(fretinf.o)
    0x08007eac   0x00000062   Code   RO         5633    x$fpl$frleqf        fz_ws.l(frleqf.o)
    0x08007f0e   0x00000002   PAD
    0x08007f10   0x000000ea   Code   RO         5605    x$fpl$fsub          fz_ws.l(faddsub_clz.o)
    0x08007ffa   0x00000004   Code   RO         5635    x$fpl$printf1       fz_ws.l(printf1.o)
    0x08007ffe   0x00000064   Code   RO         6071    x$fpl$retnan        fz_ws.l(retnan.o)
    0x08008062   0x0000005c   Code   RO         5849    x$fpl$scalbn        fz_ws.l(scalbn.o)
    0x080080be   0x00000030   Code   RO         6097    x$fpl$trapveneer    fz_ws.l(trapv.o)
    0x080080ee   0x00000000   Code   RO         5851    x$fpl$usenofp       fz_ws.l(usenofp.o)
    0x080080ee   0x00000002   PAD
    0x080080f0   0x00000030   Data   RO         4519    .constdata          hardwareserial.o
    0x08008120   0x00000050   Data   RO         4669    .constdata          inv_mpu.o
    0x08008170   0x00000bf6   Data   RO         4959    .constdata          inv_mpu_dmp_motion_driver.o
    0x08008d66   0x00000011   Data   RO         5432    .constdata          c_w.l(__printf_flags_ss_wp.o)
    0x08008d77   0x00000001   PAD
    0x08008d78   0x00000050   Data   RO         5639    .constdata          m_ws.l(asin.o)
    0x08008dc8   0x00000008   Data   RO         5715    .constdata          c_w.l(_printf_wctomb.o)
    0x08008dd0   0x00000028   Data   RO         5744    .constdata          c_w.l(_printf_hex_int_ll_ptr.o)
    0x08008df8   0x00000098   Data   RO         5854    .constdata          m_ws.l(atan.o)
    0x08008e90   0x00000008   Data   RO         5880    .constdata          m_ws.l(qnan.o)
    0x08008e98   0x00000094   Data   RO         5946    .constdata          c_w.l(bigflt0.o)
    0x08008f2c   0x00000018   Data   RO          290    .constdata__ZTVN13geometry_msgs5TwistE  main.o
    0x08008f44   0x00000018   Data   RO          288    .constdata__ZTVN13geometry_msgs7Vector3E  main.o
    0x08008f5c   0x00000018   Data   RO          280    .constdata__ZTVN14rosserial_msgs20RequestParamResponseE  main.o
    0x08008f74   0x00000018   Data   RO          298    .constdata__ZTVN3ros10SubscriberIN13geometry_msgs5TwistEEE  main.o
    0x08008f8c   0x00000014   Data   RO          296    .constdata__ZTVN3ros11NodeHandle_I13STM32HardwareLi25ELi25ELi1024ELi1024EEE  main.o
    0x08008fa0   0x00000018   Data   RO          284    .constdata__ZTVN3ros11Subscriber_E  main.o
    0x08008fb8   0x00000014   Data   RO          282    .constdata__ZTVN3ros15NodeHandleBase_E  main.o
    0x08008fcc   0x00000018   Data   RO          274    .constdata__ZTVN3ros3MsgE  main.o
    0x08008fe4   0x00000018   Data   RO          286    .constdata__ZTVN9riki_msgs10VelocitiesE  main.o
    0x08008ffc   0x00000018   Data   RO          292    .constdata__ZTVN9riki_msgs3ImuE  main.o
    0x08009014   0x00000018   Data   RO          294    .constdata__ZTVN9riki_msgs7BatteryE  main.o
    0x0800902c   0x00000020   Data   RO         6123    Region$$Table       anon$$obj.o
    0x0800904c   0x0000001c   Data   RO         5972    locale$$data        c_w.l(lc_numeric_c.o)
    0x08009068   0x00000110   Data   RO         6084    locale$$data        c_w.l(lc_ctype_c.o)
    0x08009178   0x00000004   Data   RO          146    .init_array         main.o
    0x0800917c   0x00000000   Data   RO         5457    .init_array         c_w.l(init_aeabi.o)


    Execution Region RW_IRAM1 (Base: 0x20000000, Size: 0x00002d58, Max: 0x00005000, ABSOLUTE)

    Base Addr    Size         Type   Attr      Idx    E Section Name        Object

    0x20000000   0x00000014   Data   RW           28    .data               system_stm32f10x.o
    0x20000014   0x00000008   Data   RW          145    .data               main.o
    0x2000001c   0x00000014   Data   RW         2435    .data               stm32f10x_rcc.o
    0x20000030   0x00000038   Data   RW         3813    .data               gpio.o
    0x20000068   0x00000009   Data   RW         4134    .data               mpu6050.o
    0x20000071   0x00000003   PAD
    0x20000074   0x00000004   Data   RW         4445    .data               millisecondtimer.o
    0x20000078   0x00000018   Data   RW         4520    .data               hardwareserial.o
    0x20000090   0x0000000c   Data   RW         4573    .data               interrupt.o
    0x2000009c   0x0000002c   Data   RW         4670    .data               inv_mpu.o
    0x200000c8   0x00000c1c   Zero   RW          143    .bss                main.o
    0x20000ce4   0x00000010   Zero   RW         4958    .bss                inv_mpu_dmp_motion_driver.o
    0x20000cf4   0x00000060   Zero   RW         5890    .bss                c_w.l(libspace.o)
    0x20000d54   0x00000004   PAD
    0x20000d58   0x00001000   Zero   RW           18    HEAP                startup_stm32f10x_md.o
    0x20001d58   0x00001000   Zero   RW           17    STACK               startup_stm32f10x_md.o


==============================================================================

Image component sizes


      Code (inc. data)   RO Data    RW Data    ZI Data      Debug   Object Name

       266          8          0          0          0       1180   battery.o
         0          0          0          0          0       4540   core_cm3.o
       264          4          0          0          0        868   encoder.o
       124          4          0         56          0       3434   gpio.o
       570         54         48         24          0       4171   hardwareserial.o
        32          8          0         12          0       1382   interrupt.o
      5782        204         80         44          0      26302   inv_mpu.o
      3096        122       3062          0         16      20158   inv_mpu_dmp_motion_driver.o
       972         92          0          0          0       6789   ioi2c.o
       966        160        260          8       3100     295212   main.o
       280         56          0          4          0      18804   millisecondtimer.o
       112         12          0          0          0        908   misc.o
       600          6          0          9          0       5384   mpu6050.o
       588          4          0          0          0       1071   mpu6050dmp.o
        18          0          0          0          0        600   pid.o
        46          0          0          0          0       2616   ringbuffer.o
       592         60          0          0          0      13992   roscar.o
        64         26        236          0       8192        772   startup_stm32f10x_md.o
       390         10          0          0          0       6877   stm32f10x_adc.o
       416          8          0          0          0       3206   stm32f10x_dma.o
       422          6          0          0          0       2630   stm32f10x_gpio.o
       332         44          0         20          0       5197   stm32f10x_rcc.o
      1866        200          0          0          0      15602   stm32f10x_tim.o
       472          6          0          0          0       6319   stm32f10x_usart.o
       328         28          0         20          0     267405   system_stm32f10x.o
       280          4          0          0          0        972   wheel.o

    ----------------------------------------------------------------------
     18910       1126       3718        200      11308     716391   Object Totals
         0          0         32          0          0          0   (incl. Generated)
        32          0          0          3          0          0   (incl. Padding)

    ----------------------------------------------------------------------

      Code (inc. data)   RO Data    RW Data    ZI Data      Debug   Library Member Name

         8          0          0          0          0         68   __main.o
       392          4         17          0          0         92   __printf_flags_ss_wp.o
        14          0          0          0          0         68   __printf_wp.o
         0          0          0          0          0          0   __rtentry.o
        12          0          0          0          0          0   __rtentry2.o
         6          0          0          0          0          0   __rtentry4.o
        52          8          0          0          0          0   __scatter.o
        26          0          0          0          0          0   __scatter_copy.o
        28          0          0          0          0          0   __scatter_zi.o
         6          0          0          0          0          0   _printf_a.o
         6          0          0          0          0          0   _printf_c.o
        44          0          0          0          0        108   _printf_char.o
        48          6          0          0          0         96   _printf_char_common.o
        40          0          0          0          0         68   _printf_charcount.o
         6          0          0          0          0          0   _printf_d.o
       120         16          0          0          0         92   _printf_dec.o
         6          0          0          0          0          0   _printf_e.o
         6          0          0          0          0          0   _printf_f.o
      1050          0          0          0          0        216   _printf_fp_dec.o
       128         16          0          0          0         84   _printf_fp_infnan.o
         6          0          0          0          0          0   _printf_g.o
       148          4         40          0          0        160   _printf_hex_int_ll_ptr.o
         6          0          0          0          0          0   _printf_i.o
       178          0          0          0          0         88   _printf_intcommon.o
        10          0          0          0          0          0   _printf_l.o
         6          0          0          0          0          0   _printf_lc.o
        10          0          0          0          0          0   _printf_ll.o
         6          0          0          0          0          0   _printf_lld.o
         6          0          0          0          0          0   _printf_lli.o
         6          0          0          0          0          0   _printf_llo.o
         6          0          0          0          0          0   _printf_llu.o
         6          0          0          0          0          0   _printf_llx.o
       124         16          0          0          0         92   _printf_longlong_dec.o
         6          0          0          0          0          0   _printf_ls.o
         6          0          0          0          0          0   _printf_n.o
         6          0          0          0          0          0   _printf_o.o
       112          8          0          0          0        124   _printf_oct_int_ll.o
         6          0          0          0          0          0   _printf_p.o
        78          0          0          0          0        108   _printf_pad.o
         0          0          0          0          0          0   _printf_percent.o
         4          0          0          0          0          0   _printf_percent_end.o
         6          0          0          0          0          0   _printf_s.o
        82          0          0          0          0         80   _printf_str.o
        36          0          0          0          0         84   _printf_truncate.o
         6          0          0          0          0          0   _printf_u.o
        44          0          0          0          0        108   _printf_wchar.o
       188          6          8          0          0         92   _printf_wctomb.o
         6          0          0          0          0          0   _printf_x.o
        22          0          0          0          0        100   _rserrno.o
        10          0          0          0          0         68   _sputc.o
        64          0          0          0          0         92   _wcrtomb.o
        46          0          0          0          0         84   aeabi_atexit.o
        16          0          0          0          0         68   aeabi_memset.o
       220          4        148          0          0         96   bigflt0.o
      1910        128          0          0          0        672   btod.o
        36          4          0          0          0         76   c89vsprintf.o
        66          0          0          0          0         84   cxa_finalize.o
        10          0          0          0          0         68   defsig_exit.o
        50          0          0          0          0         88   defsig_general.o
        80         58          0          0          0         76   defsig_rtmem_inner.o
        14          0          0          0          0         80   defsig_rtmem_outer.o
        18          0          0          0          0         80   exit.o
        94          0          0          0          0         80   h1_alloc.o
        52          0          0          0          0         68   h1_extend.o
        78          0          0          0          0         80   h1_free.o
        14          0          0          0          0         84   h1_init.o
         6          0          0          0          0        152   heapauxi.o
         4          0          0          0          0        136   hguard.o
         0          0          0          0          0          0   indicate_semi.o
        36         10          0          0          0         80   init_aeabi.o
       138          0          0          0          0        168   init_alloc.o
        44         10        272          0          0         76   lc_ctype_c.o
        44         10         28          0          0         76   lc_numeric_c.o
         2          0          0          0          0          0   libinit.o
        42          0          0          0          0          0   libinit2.o
         2          0          0          0          0          0   libshutdown.o
         8          0          0          0          0          0   libshutdown2.o
         8          4          0          0         96         68   libspace.o
        72          0          0          0          0         76   llsdiv.o
       138          0          0          0          0         80   lludiv10.o
       238          0          0          0          0        100   lludivv7m.o
         0          0          0          0          0          0   maybetermalloc1.o
        88          0          0          0          0         76   memcmp.o
        16          4          0          0          0         76   rt_ctype_table.o
         8          4          0          0          0         68   rt_ddtor_pointer_addr_intlibspace.o
         8          4          0          0          0         68   rt_errno_addr_intlibspace.o
         8          4          0          0          0         68   rt_heap_descriptor_intlibspace.o
         8          4          0          0          0         68   rt_locale_intlibspace.o
        68          0          0          0          0         68   rt_memclr.o
        78          0          0          0          0         80   rt_memclr_w.o
         2          0          0          0          0          0   rtexit.o
        10          0          0          0          0          0   rtexit2.o
       128          0          0          0          0         68   strcmpv7m.o
        62          0          0          0          0         76   strlen.o
        12          4          0          0          0         68   sys_exit.o
        74          0          0          0          0         80   sys_stackheap_outer.o
        14          0          0          0          0         76   sys_wrch.o
         2          0          0          0          0         68   use_no_semi.o
        98          4          0          0          0         92   d2f.o
       826         16          0          0          0        348   daddsub_clz.o
        16          4          0          0          0         68   dcheck1.o
       688        140          0          0          0        208   ddiv.o
       340         12          0          0          0        104   dmul.o
       156          4          0          0          0         92   dnaninf.o
        12          0          0          0          0         68   dretinf.o
       460         56          0          0          0        120   dsqrt_noumaal.o
        86          4          0          0          0         84   f2d.o
       430          8          0          0          0        168   faddsub_clz.o
        24          0          0          0          0         68   fcmpi.o
       388         76          0          0          0         96   fdiv.o
       104          4          0          0          0         84   feqf.o
        54          4          0          0          0         84   ffix.o
        62          4          0          0          0         84   ffixu.o
        86          0          0          0          0        136   fflt_clz.o
       104          4          0          0          0         84   fleqf.o
       258          4          0          0          0         84   fmul.o
       140          4          0          0          0         84   fnaninf.o
        10          0          0          0          0         68   fretinf.o
        98          0          0          0          0         68   frleqf.o
         4          0          0          0          0         68   printf1.o
       100          0          0          0          0         68   retnan.o
        92          0          0          0          0         68   scalbn.o
        48          0          0          0          0         68   trapv.o
         0          0          0          0          0          0   usenofp.o
       624         52         80          0          0        168   asin.o
       544         70        152          0          0        124   atan.o
       384         38          0          0          0        144   atan2.o
        38          6          0          0          0        272   dunder.o
        40          0          0          0          0         68   fpclassify.o
       170          0          0          0          0         96   poly.o
         0          0          8          0          0          0   qnan.o
        76          0          0          0          0         84   sqrt.o

    ----------------------------------------------------------------------
     13862        850        754          0        100       9412   Library Totals
        32          0          1          0          4          0   (incl. Padding)

    ----------------------------------------------------------------------

      Code (inc. data)   RO Data    RW Data    ZI Data      Debug   Library Name

      7270        336        513          0         96       5892   c_w.l
      4684        348          0          0          0       2564   fz_ws.l
      1876        166        240          0          0        956   m_ws.l

    ----------------------------------------------------------------------
     13862        850        754          0        100       9412   Library Totals

    ----------------------------------------------------------------------

==============================================================================


      Code (inc. data)   RO Data    RW Data    ZI Data      Debug   

     32772       1976       4472        200      11408     712071   Grand Totals
     32772       1976       4472        200      11408     712071   ELF Image Totals
     32772       1976       4472        200          0          0   ROM Totals

==============================================================================

    Total RO  Size (Code + RO Data)                37244 (  36.37kB)
    Total RW  Size (RW Data + ZI Data)             11608 (  11.34kB)
    Total ROM Size (Code + RO Data + RW Data)      37444 (  36.57kB)

==============================================================================

